=== 【heatLSM_Badger】 测试报告 ===
>>> --- Load Phase ---
🚀 [CoreWorkload] GPD 动态 Value 开关【已开启】! (k=0.2615, sigma=25.45)
Using request distribution 'mixgraph' a keyrange of [0 29999999]
badger 2026/04/17 15:50:34 INFO: All 0 tables opened in 0s
badger 2026/04/17 15:50:34 INFO: Discard stats nextEmptySlot: 0
badger 2026/04/17 15:50:34 INFO: Set nextTxnTs to 0
***************** properties *****************
"mixgraph.exp_c"="0.0164"
"table"="usertable"
"mixgraph.exp_b"="-2.917"
"fieldlength"="43 "
"badger.dir"="./zzl_badger_data"
"mixgraph.exp_a"="14.18"
"mixgraph.key_dist_a"="0.002312"
"operationcount"="30000000"
"readallfields"="true"
"mixgraph.value_k"="0.2615"
"mixgraph.gpd_value"="true"
"dotransactions"="false"
"badger.valuedir"="./zzl_badger_data"
"badger.sync_writes"="false"
"fieldcount"="1"
"requestdistribution"="mixgraph"
"mixgraph.num_regions"="100"
"recordcount"="30000000"
"mixgraph.value_mu"="0"
"insertorder"="ordered"
"mixgraph.value_sigma"="25.45"
"mixgraph.exp_d"="-0.08082"
"badger.num_compactors"="4"
"zeropadding"="10"
"workload"="core"
";"="requestdistribution=zipfian"
"threadcount"="16"
"mixgraph.key_dist_b"="0.3467"
"command"="load"
**********************************************
INSERT - Takes(s): 10.0, Count: 1315385, OPS: 131524.9, Avg(us): 119, Min(us): 3, Max(us): 9631, 50th(us): 98, 90th(us): 185, 95th(us): 224, 99th(us): 393, 99.9th(us): 1370, 99.99th(us): 3673
TOTAL  - Takes(s): 10.0, Count: 1315385, OPS: 131528.9, Avg(us): 119, Min(us): 3, Max(us): 9631, 50th(us): 98, 90th(us): 185, 95th(us): 224, 99th(us): 393, 99.9th(us): 1370, 99.99th(us): 3673
INSERT - Takes(s): 20.0, Count: 2646694, OPS: 132332.5, Avg(us): 118, Min(us): 2, Max(us): 9631, 50th(us): 97, 90th(us): 184, 95th(us): 224, 99th(us): 405, 99.9th(us): 1312, 99.99th(us): 2643
TOTAL  - Takes(s): 20.0, Count: 2646694, OPS: 132334.0, Avg(us): 118, Min(us): 2, Max(us): 9631, 50th(us): 97, 90th(us): 184, 95th(us): 224, 99th(us): 405, 99.9th(us): 1312, 99.99th(us): 2643
INSERT - Takes(s): 30.0, Count: 3977219, OPS: 132569.1, Avg(us): 118, Min(us): 2, Max(us): 16007, 50th(us): 97, 90th(us): 184, 95th(us): 224, 99th(us): 411, 99.9th(us): 1281, 99.99th(us): 2725
TOTAL  - Takes(s): 30.0, Count: 3977219, OPS: 132570.1, Avg(us): 118, Min(us): 2, Max(us): 16007, 50th(us): 97, 90th(us): 184, 95th(us): 224, 99th(us): 411, 99.9th(us): 1281, 99.99th(us): 2725
INSERT - Takes(s): 40.0, Count: 5288083, OPS: 132200.6, Avg(us): 118, Min(us): 2, Max(us): 16007, 50th(us): 97, 90th(us): 184, 95th(us): 225, 99th(us): 423, 99.9th(us): 1236, 99.99th(us): 2431
TOTAL  - Takes(s): 40.0, Count: 5288083, OPS: 132201.4, Avg(us): 118, Min(us): 2, Max(us): 16007, 50th(us): 97, 90th(us): 184, 95th(us): 225, 99th(us): 423, 99.9th(us): 1236, 99.99th(us): 2431
INSERT - Takes(s): 50.0, Count: 6599584, OPS: 131989.3, Avg(us): 119, Min(us): 2, Max(us): 16007, 50th(us): 97, 90th(us): 184, 95th(us): 226, 99th(us): 429, 99.9th(us): 1205, 99.99th(us): 2425
TOTAL  - Takes(s): 50.0, Count: 6599584, OPS: 131989.9, Avg(us): 119, Min(us): 2, Max(us): 16007, 50th(us): 97, 90th(us): 184, 95th(us): 226, 99th(us): 429, 99.9th(us): 1205, 99.99th(us): 2425
INSERT - Takes(s): 60.0, Count: 7921194, OPS: 132018.6, Avg(us): 119, Min(us): 2, Max(us): 16007, 50th(us): 97, 90th(us): 184, 95th(us): 226, 99th(us): 429, 99.9th(us): 1183, 99.99th(us): 2405
TOTAL  - Takes(s): 60.0, Count: 7921194, OPS: 132018.6, Avg(us): 119, Min(us): 2, Max(us): 16007, 50th(us): 97, 90th(us): 184, 95th(us): 226, 99th(us): 429, 99.9th(us): 1183, 99.99th(us): 2405
INSERT - Takes(s): 70.0, Count: 9165183, OPS: 130930.5, Avg(us): 120, Min(us): 2, Max(us): 16007, 50th(us): 97, 90th(us): 186, 95th(us): 230, 99th(us): 444, 99.9th(us): 1169, 99.99th(us): 2331
TOTAL  - Takes(s): 70.0, Count: 9165183, OPS: 130930.5, Avg(us): 120, Min(us): 2, Max(us): 16007, 50th(us): 97, 90th(us): 186, 95th(us): 230, 99th(us): 444, 99.9th(us): 1169, 99.99th(us): 2331
INSERT - Takes(s): 80.0, Count: 10485984, OPS: 131072.8, Avg(us): 119, Min(us): 2, Max(us): 16007, 50th(us): 97, 90th(us): 185, 95th(us): 229, 99th(us): 443, 99.9th(us): 1149, 99.99th(us): 2317
TOTAL  - Takes(s): 80.0, Count: 10485984, OPS: 131072.3, Avg(us): 119, Min(us): 2, Max(us): 16007, 50th(us): 97, 90th(us): 185, 95th(us): 229, 99th(us): 443, 99.9th(us): 1149, 99.99th(us): 2317
INSERT - Takes(s): 90.0, Count: 11766018, OPS: 130731.7, Avg(us): 120, Min(us): 2, Max(us): 16007, 50th(us): 97, 90th(us): 186, 95th(us): 230, 99th(us): 449, 99.9th(us): 1135, 99.99th(us): 2291
TOTAL  - Takes(s): 90.0, Count: 11766018, OPS: 130732.1, Avg(us): 120, Min(us): 2, Max(us): 16007, 50th(us): 97, 90th(us): 186, 95th(us): 230, 99th(us): 449, 99.9th(us): 1135, 99.99th(us): 2291
INSERT - Takes(s): 100.0, Count: 13024795, OPS: 130247.3, Avg(us): 120, Min(us): 2, Max(us): 16007, 50th(us): 98, 90th(us): 187, 95th(us): 232, 99th(us): 454, 99.9th(us): 1131, 99.99th(us): 2363
TOTAL  - Takes(s): 100.0, Count: 13024795, OPS: 130247.7, Avg(us): 120, Min(us): 2, Max(us): 16007, 50th(us): 98, 90th(us): 187, 95th(us): 232, 99th(us): 454, 99.9th(us): 1131, 99.99th(us): 2363
INSERT - Takes(s): 110.0, Count: 14296324, OPS: 129965.6, Avg(us): 120, Min(us): 2, Max(us): 16007, 50th(us): 98, 90th(us): 187, 95th(us): 232, 99th(us): 457, 99.9th(us): 1124, 99.99th(us): 2495
TOTAL  - Takes(s): 110.0, Count: 14296324, OPS: 129965.6, Avg(us): 120, Min(us): 2, Max(us): 16007, 50th(us): 98, 90th(us): 187, 95th(us): 232, 99th(us): 457, 99.9th(us): 1124, 99.99th(us): 2495
INSERT - Takes(s): 120.0, Count: 15572769, OPS: 129772.4, Avg(us): 121, Min(us): 2, Max(us): 16007, 50th(us): 98, 90th(us): 187, 95th(us): 233, 99th(us): 461, 99.9th(us): 1113, 99.99th(us): 2431
TOTAL  - Takes(s): 120.0, Count: 15572769, OPS: 129772.9, Avg(us): 121, Min(us): 2, Max(us): 16007, 50th(us): 98, 90th(us): 187, 95th(us): 233, 99th(us): 461, 99.9th(us): 1113, 99.99th(us): 2431
INSERT - Takes(s): 130.0, Count: 16836095, OPS: 129507.6, Avg(us): 121, Min(us): 2, Max(us): 16007, 50th(us): 98, 90th(us): 187, 95th(us): 234, 99th(us): 464, 99.9th(us): 1104, 99.99th(us): 2445
TOTAL  - Takes(s): 130.0, Count: 16836095, OPS: 129507.7, Avg(us): 121, Min(us): 2, Max(us): 16007, 50th(us): 98, 90th(us): 187, 95th(us): 234, 99th(us): 464, 99.9th(us): 1104, 99.99th(us): 2445
INSERT - Takes(s): 140.0, Count: 18141351, OPS: 129580.7, Avg(us): 121, Min(us): 2, Max(us): 16007, 50th(us): 98, 90th(us): 187, 95th(us): 234, 99th(us): 464, 99.9th(us): 1094, 99.99th(us): 2397
TOTAL  - Takes(s): 140.0, Count: 18141351, OPS: 129581.0, Avg(us): 121, Min(us): 2, Max(us): 16007, 50th(us): 98, 90th(us): 187, 95th(us): 234, 99th(us): 464, 99.9th(us): 1094, 99.99th(us): 2397
INSERT - Takes(s): 150.0, Count: 19429829, OPS: 129531.6, Avg(us): 121, Min(us): 2, Max(us): 16007, 50th(us): 98, 90th(us): 187, 95th(us): 234, 99th(us): 465, 99.9th(us): 1089, 99.99th(us): 2333
TOTAL  - Takes(s): 150.0, Count: 19429829, OPS: 129531.8, Avg(us): 121, Min(us): 2, Max(us): 16007, 50th(us): 98, 90th(us): 187, 95th(us): 234, 99th(us): 465, 99.9th(us): 1089, 99.99th(us): 2333
INSERT - Takes(s): 160.0, Count: 20723324, OPS: 129519.2, Avg(us): 121, Min(us): 2, Max(us): 16007, 50th(us): 98, 90th(us): 187, 95th(us): 234, 99th(us): 464, 99.9th(us): 1084, 99.99th(us): 2375
TOTAL  - Takes(s): 160.0, Count: 20723324, OPS: 129519.2, Avg(us): 121, Min(us): 2, Max(us): 16007, 50th(us): 98, 90th(us): 187, 95th(us): 234, 99th(us): 464, 99.9th(us): 1084, 99.99th(us): 2375
INSERT - Takes(s): 170.0, Count: 22062485, OPS: 129778.9, Avg(us): 121, Min(us): 2, Max(us): 16007, 50th(us): 98, 90th(us): 187, 95th(us): 233, 99th(us): 461, 99.9th(us): 1079, 99.99th(us): 2329
TOTAL  - Takes(s): 170.0, Count: 22062484, OPS: 129778.9, Avg(us): 121, Min(us): 2, Max(us): 16007, 50th(us): 98, 90th(us): 187, 95th(us): 233, 99th(us): 461, 99.9th(us): 1079, 99.99th(us): 2329
INSERT - Takes(s): 180.0, Count: 23321861, OPS: 129565.0, Avg(us): 121, Min(us): 2, Max(us): 17935, 50th(us): 98, 90th(us): 187, 95th(us): 234, 99th(us): 464, 99.9th(us): 1077, 99.99th(us): 2339
TOTAL  - Takes(s): 180.0, Count: 23321861, OPS: 129565.2, Avg(us): 121, Min(us): 2, Max(us): 17935, 50th(us): 98, 90th(us): 187, 95th(us): 234, 99th(us): 464, 99.9th(us): 1077, 99.99th(us): 2339
INSERT - Takes(s): 190.0, Count: 24597696, OPS: 129461.2, Avg(us): 121, Min(us): 2, Max(us): 17935, 50th(us): 98, 90th(us): 187, 95th(us): 234, 99th(us): 465, 99.9th(us): 1074, 99.99th(us): 2361
TOTAL  - Takes(s): 190.0, Count: 24597696, OPS: 129461.4, Avg(us): 121, Min(us): 2, Max(us): 17935, 50th(us): 98, 90th(us): 187, 95th(us): 234, 99th(us): 465, 99.9th(us): 1074, 99.99th(us): 2361
INSERT - Takes(s): 200.0, Count: 25824409, OPS: 129121.5, Avg(us): 121, Min(us): 2, Max(us): 29295, 50th(us): 98, 90th(us): 188, 95th(us): 235, 99th(us): 466, 99.9th(us): 1072, 99.99th(us): 2399
TOTAL  - Takes(s): 200.0, Count: 25824409, OPS: 129121.7, Avg(us): 121, Min(us): 2, Max(us): 29295, 50th(us): 98, 90th(us): 188, 95th(us): 235, 99th(us): 466, 99.9th(us): 1072, 99.99th(us): 2399
INSERT - Takes(s): 210.0, Count: 27046172, OPS: 128790.4, Avg(us): 122, Min(us): 2, Max(us): 29295, 50th(us): 99, 90th(us): 188, 95th(us): 236, 99th(us): 465, 99.9th(us): 1071, 99.99th(us): 2375
TOTAL  - Takes(s): 210.0, Count: 27046172, OPS: 128790.6, Avg(us): 122, Min(us): 2, Max(us): 29295, 50th(us): 99, 90th(us): 188, 95th(us): 236, 99th(us): 465, 99.9th(us): 1071, 99.99th(us): 2375
INSERT - Takes(s): 220.0, Count: 28306529, OPS: 128665.7, Avg(us): 122, Min(us): 2, Max(us): 29295, 50th(us): 99, 90th(us): 189, 95th(us): 236, 99th(us): 465, 99.9th(us): 1070, 99.99th(us): 2361
TOTAL  - Takes(s): 220.0, Count: 28306529, OPS: 128665.9, Avg(us): 122, Min(us): 2, Max(us): 29295, 50th(us): 99, 90th(us): 189, 95th(us): 236, 99th(us): 465, 99.9th(us): 1070, 99.99th(us): 2361
INSERT - Takes(s): 230.0, Count: 29508617, OPS: 128297.7, Avg(us): 122, Min(us): 2, Max(us): 29295, 50th(us): 99, 90th(us): 189, 95th(us): 237, 99th(us): 468, 99.9th(us): 1073, 99.99th(us): 2381
TOTAL  - Takes(s): 230.0, Count: 29508617, OPS: 128297.9, Avg(us): 122, Min(us): 2, Max(us): 29295, 50th(us): 99, 90th(us): 189, 95th(us): 237, 99th(us): 468, 99.9th(us): 1073, 99.99th(us): 2381
**********************************************
Run finished, takes 3m53.825124626s
INSERT - Takes(s): 233.8, Count: 30000000, OPS: 128301.4, Avg(us): 122, Min(us): 2, Max(us): 29295, 50th(us): 99, 90th(us): 189, 95th(us): 237, 99th(us): 467, 99.9th(us): 1071, 99.99th(us): 2363
TOTAL  - Takes(s): 233.8, Count: 30000000, OPS: 128301.4, Avg(us): 122, Min(us): 2, Max(us): 29295, 50th(us): 99, 90th(us): 189, 95th(us): 237, 99th(us): 467, 99.9th(us): 1071, 99.99th(us): 2363
badger 2026/04/17 15:54:28 INFO: 
=========================================================
📊 关机前 Vlog 物理大盘 (冷热双轨与垃圾存活率)
=========================================================
(*) [Cold 🧊] FID: 1          | Size:    3.65 MB | Discard(垃圾):    0.00 MB | Garbage Ratio:  0.00%!
(MISSING)(*) [Hot  🔥] FID: 2147483649 | Size: 2048.00 MB | Discard(垃圾):    0.00 MB | Garbage Ratio:  0.00%!
(MISSING)---------------------------------------------------------
📈 汇总: 共 1 个冷大巴, 1 个热大巴
总容量: 2051.65 MB | 总垃圾: 0.00 MB | 整体垃圾率: 0.00%!
(MISSING)=========================================================
badger 2026/04/17 15:54:28 INFO: Lifetime L0 stalled for: 0s
badger 2026/04/17 15:54:28 INFO: 
Level 0 [ ]: NumTables: 05. Size: 8.0 MiB of 0 B. Score: 1.00->1.03 StaleData: 0 B Target FileSize: 4.0 MiB
Level 1 [ ]: NumTables: 00. Size: 0 B of 31 MiB. Score: 0.00->0.00 StaleData: 0 B Target FileSize: 4.0 MiB
Level 2 [ ]: NumTables: 00. Size: 0 B of 63 MiB. Score: 0.00->0.00 StaleData: 0 B Target FileSize: 8.0 MiB
Level 3 [ ]: NumTables: 00. Size: 0 B of 125 MiB. Score: 0.00->0.00 StaleData: 0 B Target FileSize: 16 MiB
Level 4 [ ]: NumTables: 00. Size: 0 B of 251 MiB. Score: 0.00->0.00 StaleData: 0 B Target FileSize: 32 MiB
Level 5 [B]: NumTables: 17. Size: 487 MiB of 501 MiB. Score: 0.00->0.00 StaleData: 0 B Target FileSize: 64 MiB
Level 6 [ ]: NumTables: 55. Size: 1003 MiB of 1003 MiB. Score: 0.00->0.00 StaleData: 0 B Target FileSize: 128 MiB
Level 98 [H]: NumTables: 00. Size: 0 B of ∞. Score: 0.00->0.00 StaleData: 0 B Target FileSize: ∞
Level 99 [H]: NumTables: 00. Size: 0 B of ∞. Score: 0.00->0.00 StaleData: 0 B Target FileSize: ∞
Level Done
HeatTree统计因为阻塞丢弃的key个数（DropCount）: 0.

=======================================================
🏆 [YCSB 终极结算] 压测及引擎落盘已全部完成
=======================================================
🎯 [分母] 纯应用层逻辑写入: 1777.32 MB
💿 [分子] OS内核级物理写入: 10320.92 MB  (10822270976 Bytes)
🔥 [核弹级数据] 最终系统级写放大 (System WA): 5.81 x
>>> [PHYSICAL_IO_RESULT] 10320.92
=======================================================

>>> --- Run Phase ---
🚀 [CoreWorkload] GPD 动态 Value 开关【已开启】! (k=0.2615, sigma=25.45)
Using request distribution 'mixgraph' a keyrange of [0 29999999]
badger 2026/04/17 15:54:29 INFO: All 77 tables opened in 76ms
badger 2026/04/17 15:54:29 INFO: Discard stats nextEmptySlot: 0
badger 2026/04/17 15:54:29 INFO: Set nextTxnTs to 30000000
***************** properties *****************
"operationcount"="30000000"
"workload"="core"
"requestdistribution"="mixgraph"
"command"="run"
"badger.sync_writes"="false"
"mixgraph.exp_c"="0.0164"
"mixgraph.value_mu"="0"
"badger.dir"="./zzl_badger_data"
"table"="usertable"
"mixgraph.value_k"="0.2615"
"threadcount"="16"
"mixgraph.key_dist_a"="0.002312"
"mixgraph.gpd_value"="true"
"readallfields"="true"
"insertorder"="ordered"
"badger.num_compactors"="4"
"dotransactions"="true"
"mixgraph.key_dist_b"="0.3467"
"mixgraph.exp_b"="-2.917"
"zeropadding"="10"
"mixgraph.num_regions"="100"
"recordcount"="30000000"
"fieldcount"="1"
"mixgraph.exp_a"="14.18"
"badger.valuedir"="./zzl_badger_data"
"mixgraph.exp_d"="-0.08082"
"fieldlength"="43 "
"mixgraph.value_sigma"="25.45"
";"="requestdistribution=zipfian"
**********************************************
badger 2026/04/17 15:54:34 INFO: [1] [E] LOG Compact 0->5 (5, 17 -> 13 tables with 5 splits). [01204 01199 01200 01201 01205 . 00834 00850 00854 00860 00898 00945 00994 01002 01018 01025 01058 01100 01123 01171 01176 01184 01196 .] -> [01207 01208 01211 01215 01219 01223 01224 01214 01220 01221 01213 01216 01209 .], took 3.209s
, deleted 1493446 bytes
READ   - Takes(s): 10.0, Count: 62467, OPS: 6247.0, Avg(us): 191, Min(us): 2, Max(us): 93567, 50th(us): 156, 90th(us): 353, 95th(us): 435, 99th(us): 738, 99.9th(us): 1671, 99.99th(us): 9367
TOTAL  - Takes(s): 10.0, Count: 612493, OPS: 61249.0, Avg(us): 255, Min(us): 2, Max(us): 110079, 50th(us): 205, 90th(us): 427, 95th(us): 527, 99th(us): 831, 99.9th(us): 1951, 99.99th(us): 81471
UPDATE - Takes(s): 10.0, Count: 550026, OPS: 55003.1, Avg(us): 262, Min(us): 5, Max(us): 110079, 50th(us): 210, 90th(us): 433, 95th(us): 534, 99th(us): 842, 99.9th(us): 1975, 99.99th(us): 81599
UPDATE_ERROR - Takes(s): 10.0, Count: 5065, OPS: 507.7, Avg(us): 220, Min(us): 6, Max(us): 3655, 50th(us): 197, 90th(us): 380, 95th(us): 457, 99th(us): 714, 99.9th(us): 1403, 99.99th(us): 2623
READ   - Takes(s): 20.0, Count: 127245, OPS: 6362.2, Avg(us): 197, Min(us): 2, Max(us): 93567, 50th(us): 166, 90th(us): 370, 95th(us): 448, 99th(us): 701, 99.9th(us): 1371, 99.99th(us): 3655
TOTAL  - Takes(s): 20.0, Count: 1248883, OPS: 62443.5, Avg(us): 250, Min(us): 2, Max(us): 110079, 50th(us): 213, 90th(us): 433, 95th(us): 522, 99th(us): 787, 99.9th(us): 1614, 99.99th(us): 38847
UPDATE - Takes(s): 20.0, Count: 1121638, OPS: 56080.6, Avg(us): 256, Min(us): 5, Max(us): 110079, 50th(us): 218, 90th(us): 439, 95th(us): 529, 99th(us): 794, 99.9th(us): 1633, 99.99th(us): 40287
UPDATE_ERROR - Takes(s): 20.0, Count: 10580, OPS: 529.6, Avg(us): 231, Min(us): 6, Max(us): 3655, 50th(us): 210, 90th(us): 401, 95th(us): 471, 99th(us): 683, 99.9th(us): 1278, 99.99th(us): 2623
READ   - Takes(s): 30.0, Count: 189071, OPS: 6302.2, Avg(us): 204, Min(us): 2, Max(us): 93567, 50th(us): 175, 90th(us): 381, 95th(us): 455, 99th(us): 685, 99.9th(us): 1237, 99.99th(us): 3229
TOTAL  - Takes(s): 30.0, Count: 1861823, OPS: 62059.6, Avg(us): 252, Min(us): 2, Max(us): 110079, 50th(us): 221, 90th(us): 437, 95th(us): 521, 99th(us): 772, 99.9th(us): 1487, 99.99th(us): 8155
UPDATE - Takes(s): 30.0, Count: 1672752, OPS: 55757.7, Avg(us): 257, Min(us): 5, Max(us): 110079, 50th(us): 226, 90th(us): 443, 95th(us): 527, 99th(us): 780, 99.9th(us): 1510, 99.99th(us): 15919
UPDATE_ERROR - Takes(s): 30.0, Count: 16156, OPS: 539.0, Avg(us): 240, Min(us): 6, Max(us): 3655, 50th(us): 225, 90th(us): 412, 95th(us): 477, 99th(us): 682, 99.9th(us): 1326, 99.99th(us): 2077
badger 2026/04/17 15:55:03 INFO: [3] [E] LOG Compact 0->5 (5, 13 -> 14 tables with 5 splits). [01357 01355 01339 01345 01358 . 01207 01208 01211 01215 01219 01223 01224 01214 01220 01221 01213 01216 01209 .] -> [01360 01361 01362 01363 01365 01367 01374 01377 01366 01372 01373 01368 01371 01364 .], took 2.686s
, deleted 6877064 bytes
READ   - Takes(s): 40.0, Count: 251009, OPS: 6275.2, Avg(us): 203, Min(us): 2, Max(us): 93567, 50th(us): 174, 90th(us): 377, 95th(us): 451, 99th(us): 678, 99.9th(us): 1274, 99.99th(us): 3791
TOTAL  - Takes(s): 40.0, Count: 2470025, OPS: 61750.3, Avg(us): 253, Min(us): 2, Max(us): 110079, 50th(us): 220, 90th(us): 435, 95th(us): 520, 99th(us): 778, 99.9th(us): 1557, 99.99th(us): 38879
UPDATE - Takes(s): 40.0, Count: 2219016, OPS: 55474.7, Avg(us): 259, Min(us): 5, Max(us): 110079, 50th(us): 225, 90th(us): 441, 95th(us): 527, 99th(us): 787, 99.9th(us): 1580, 99.99th(us): 39135
UPDATE_ERROR - Takes(s): 40.0, Count: 21469, OPS: 537.0, Avg(us): 241, Min(us): 6, Max(us): 23935, 50th(us): 223, 90th(us): 408, 95th(us): 475, 99th(us): 690, 99.9th(us): 1491, 99.99th(us): 8607
READ   - Takes(s): 50.0, Count: 317774, OPS: 6355.5, Avg(us): 202, Min(us): 2, Max(us): 93567, 50th(us): 175, 90th(us): 376, 95th(us): 447, 99th(us): 666, 99.9th(us): 1242, 99.99th(us): 3323
TOTAL  - Takes(s): 50.0, Count: 3127768, OPS: 62554.7, Avg(us): 250, Min(us): 2, Max(us): 110079, 50th(us): 219, 90th(us): 432, 95th(us): 514, 99th(us): 760, 99.9th(us): 1485, 99.99th(us): 28959
UPDATE - Takes(s): 50.0, Count: 2809994, OPS: 56199.5, Avg(us): 255, Min(us): 5, Max(us): 110079, 50th(us): 224, 90th(us): 438, 95th(us): 521, 99th(us): 768, 99.9th(us): 1509, 99.99th(us): 29535
UPDATE_ERROR - Takes(s): 50.0, Count: 27263, OPS: 545.5, Avg(us): 239, Min(us): 6, Max(us): 23935, 50th(us): 223, 90th(us): 407, 95th(us): 472, 99th(us): 670, 99.9th(us): 1376, 99.99th(us): 5283
READ   - Takes(s): 60.0, Count: 379834, OPS: 6330.6, Avg(us): 205, Min(us): 2, Max(us): 93567, 50th(us): 179, 90th(us): 381, 95th(us): 452, 99th(us): 662, 99.9th(us): 1208, 99.99th(us): 3229
TOTAL  - Takes(s): 60.0, Count: 3736236, OPS: 62271.0, Avg(us): 251, Min(us): 2, Max(us): 110079, 50th(us): 223, 90th(us): 435, 95th(us): 516, 99th(us): 755, 99.9th(us): 1423, 99.99th(us): 10591
UPDATE - Takes(s): 60.0, Count: 3356402, OPS: 55940.1, Avg(us): 256, Min(us): 5, Max(us): 110079, 50th(us): 228, 90th(us): 441, 95th(us): 522, 99th(us): 763, 99.9th(us): 1446, 99.99th(us): 20239
UPDATE_ERROR - Takes(s): 60.0, Count: 32740, OPS: 545.9, Avg(us): 242, Min(us): 6, Max(us): 23935, 50th(us): 228, 90th(us): 412, 95th(us): 476, 99th(us): 661, 99.9th(us): 1274, 99.99th(us): 5283
badger 2026/04/17 15:55:36 INFO: [3] [E] LOG Compact 0->5 (5, 14 -> 15 tables with 5 splits). [01524 01522 01435 01493 01525 . 01360 01361 01362 01363 01365 01367 01374 01377 01366 01372 01373 01368 01371 01364 .] -> [01527 01529 01530 01531 01528 01534 01539 01533 01540 01543 01535 01541 01542 01532 01536 .], took 2.507s
, deleted 8011533 bytes
READ   - Takes(s): 70.0, Count: 437653, OPS: 6252.2, Avg(us): 206, Min(us): 2, Max(us): 93567, 50th(us): 179, 90th(us): 383, 95th(us): 453, 99th(us): 662, 99.9th(us): 1222, 99.99th(us): 3655
TOTAL  - Takes(s): 70.0, Count: 4305663, OPS: 61509.7, Avg(us): 254, Min(us): 2, Max(us): 115455, 50th(us): 223, 90th(us): 437, 95th(us): 518, 99th(us): 760, 99.9th(us): 1486, 99.99th(us): 29343
UPDATE - Takes(s): 70.0, Count: 3868010, OPS: 55257.2, Avg(us): 260, Min(us): 4, Max(us): 115455, 50th(us): 228, 90th(us): 443, 95th(us): 524, 99th(us): 768, 99.9th(us): 1511, 99.99th(us): 32751
UPDATE_ERROR - Takes(s): 70.0, Count: 37768, OPS: 539.7, Avg(us): 246, Min(us): 6, Max(us): 50335, 50th(us): 229, 90th(us): 414, 95th(us): 479, 99th(us): 667, 99.9th(us): 1355, 99.99th(us): 9887
READ   - Takes(s): 80.0, Count: 505873, OPS: 6323.4, Avg(us): 204, Min(us): 2, Max(us): 93567, 50th(us): 178, 90th(us): 380, 95th(us): 449, 99th(us): 649, 99.9th(us): 1197, 99.99th(us): 3323
TOTAL  - Takes(s): 80.0, Count: 4975604, OPS: 62195.3, Avg(us): 251, Min(us): 2, Max(us): 115455, 50th(us): 222, 90th(us): 434, 95th(us): 514, 99th(us): 749, 99.9th(us): 1437, 99.99th(us): 25071
UPDATE - Takes(s): 80.0, Count: 4469731, OPS: 55871.6, Avg(us): 257, Min(us): 4, Max(us): 115455, 50th(us): 227, 90th(us): 439, 95th(us): 520, 99th(us): 756, 99.9th(us): 1460, 99.99th(us): 28719
UPDATE_ERROR - Takes(s): 80.0, Count: 43544, OPS: 544.5, Avg(us): 243, Min(us): 6, Max(us): 50335, 50th(us): 228, 90th(us): 411, 95th(us): 475, 99th(us): 658, 99.9th(us): 1278, 99.99th(us): 9887
READ   - Takes(s): 90.0, Count: 565757, OPS: 6286.1, Avg(us): 207, Min(us): 2, Max(us): 93567, 50th(us): 181, 90th(us): 383, 95th(us): 453, 99th(us): 653, 99.9th(us): 1201, 99.99th(us): 3549
TOTAL  - Takes(s): 90.0, Count: 5568791, OPS: 61874.8, Avg(us): 253, Min(us): 2, Max(us): 115455, 50th(us): 225, 90th(us): 437, 95th(us): 517, 99th(us): 752, 99.9th(us): 1420, 99.99th(us): 15927
UPDATE - Takes(s): 90.0, Count: 5003034, OPS: 55588.4, Avg(us): 258, Min(us): 4, Max(us): 115455, 50th(us): 230, 90th(us): 442, 95th(us): 523, 99th(us): 760, 99.9th(us): 1441, 99.99th(us): 23823
UPDATE_ERROR - Takes(s): 90.0, Count: 49136, OPS: 546.1, Avg(us): 245, Min(us): 6, Max(us): 50335, 50th(us): 231, 90th(us): 415, 95th(us): 479, 99th(us): 661, 99.9th(us): 1278, 99.99th(us): 8727
READ   - Takes(s): 100.0, Count: 623586, OPS: 6235.8, Avg(us): 208, Min(us): 1, Max(us): 93567, 50th(us): 182, 90th(us): 385, 95th(us): 455, 99th(us): 651, 99.9th(us): 1215, 99.99th(us): 3841
TOTAL  - Takes(s): 100.0, Count: 6135163, OPS: 61351.2, Avg(us): 255, Min(us): 1, Max(us): 115455, 50th(us): 227, 90th(us): 438, 95th(us): 518, 99th(us): 752, 99.9th(us): 1430, 99.99th(us): 20383
UPDATE - Takes(s): 100.0, Count: 5511577, OPS: 55115.1, Avg(us): 260, Min(us): 4, Max(us): 115455, 50th(us): 231, 90th(us): 444, 95th(us): 524, 99th(us): 760, 99.9th(us): 1450, 99.99th(us): 25887
UPDATE_ERROR - Takes(s): 100.0, Count: 54355, OPS: 543.7, Avg(us): 247, Min(us): 6, Max(us): 50335, 50th(us): 234, 90th(us): 417, 95th(us): 481, 99th(us): 667, 99.9th(us): 1276, 99.99th(us): 8727
badger 2026/04/17 15:56:10 INFO: [3] [E] LOG Compact 0->5 (5, 15 -> 14 tables with 5 splits). [01692 01690 01677 01636 01693 . 01527 01529 01530 01531 01528 01534 01539 01533 01540 01543 01535 01541 01542 01532 01536 .] -> [01695 01697 01698 01699 01696 01706 01702 01709 01711 01701 01708 01710 01700 01704 .], took 2.515s
, deleted 8259488 bytes
READ   - Takes(s): 110.0, Count: 688523, OPS: 6259.3, Avg(us): 207, Min(us): 1, Max(us): 93567, 50th(us): 181, 90th(us): 383, 95th(us): 452, 99th(us): 646, 99.9th(us): 1230, 99.99th(us): 4021
TOTAL  - Takes(s): 110.0, Count: 6774507, OPS: 61586.3, Avg(us): 254, Min(us): 1, Max(us): 115455, 50th(us): 225, 90th(us): 437, 95th(us): 517, 99th(us): 750, 99.9th(us): 1432, 99.99th(us): 24319
UPDATE - Takes(s): 110.0, Count: 6085984, OPS: 55327.2, Avg(us): 259, Min(us): 4, Max(us): 115455, 50th(us): 230, 90th(us): 443, 95th(us): 523, 99th(us): 758, 99.9th(us): 1450, 99.99th(us): 28655
UPDATE_ERROR - Takes(s): 110.0, Count: 59842, OPS: 544.1, Avg(us): 245, Min(us): 6, Max(us): 50335, 50th(us): 231, 90th(us): 415, 95th(us): 479, 99th(us): 661, 99.9th(us): 1274, 99.99th(us): 8607
READ   - Takes(s): 120.0, Count: 751334, OPS: 6261.1, Avg(us): 207, Min(us): 1, Max(us): 93567, 50th(us): 182, 90th(us): 384, 95th(us): 453, 99th(us): 643, 99.9th(us): 1228, 99.99th(us): 4021
TOTAL  - Takes(s): 120.0, Count: 7392801, OPS: 61606.0, Avg(us): 254, Min(us): 1, Max(us): 115455, 50th(us): 226, 90th(us): 438, 95th(us): 517, 99th(us): 746, 99.9th(us): 1414, 99.99th(us): 18335
UPDATE - Takes(s): 120.0, Count: 6641467, OPS: 55345.1, Avg(us): 259, Min(us): 4, Max(us): 115455, 50th(us): 231, 90th(us): 443, 95th(us): 523, 99th(us): 754, 99.9th(us): 1432, 99.99th(us): 24287
UPDATE_ERROR - Takes(s): 120.0, Count: 65456, OPS: 545.6, Avg(us): 246, Min(us): 6, Max(us): 50335, 50th(us): 233, 90th(us): 415, 95th(us): 479, 99th(us): 659, 99.9th(us): 1254, 99.99th(us): 5283
READ   - Takes(s): 130.0, Count: 812920, OPS: 6253.2, Avg(us): 209, Min(us): 1, Max(us): 93567, 50th(us): 184, 90th(us): 386, 95th(us): 454, 99th(us): 641, 99.9th(us): 1226, 99.99th(us): 4067
TOTAL  - Takes(s): 130.0, Count: 7995031, OPS: 61500.0, Avg(us): 254, Min(us): 1, Max(us): 115455, 50th(us): 228, 90th(us): 439, 95th(us): 517, 99th(us): 744, 99.9th(us): 1399, 99.99th(us): 13719
UPDATE - Takes(s): 130.0, Count: 7182111, OPS: 55246.9, Avg(us): 260, Min(us): 4, Max(us): 115455, 50th(us): 233, 90th(us): 444, 95th(us): 523, 99th(us): 751, 99.9th(us): 1417, 99.99th(us): 18447
UPDATE_ERROR - Takes(s): 130.0, Count: 70918, OPS: 545.6, Avg(us): 247, Min(us): 6, Max(us): 50335, 50th(us): 235, 90th(us): 417, 95th(us): 480, 99th(us): 658, 99.9th(us): 1223, 99.99th(us): 5283
badger 2026/04/17 15:56:45 INFO: [1] [E] LOG Compact 0->5 (5, 14 -> 15 tables with 5 splits). [01859 01857 01828 01841 01860 . 01695 01697 01698 01699 01696 01706 01702 01709 01711 01701 01708 01710 01700 01704 .] -> [01863 01865 01866 01867 01864 01872 01873 01870 01877 01878 01869 01876 01880 01868 01874 .], took 2.673s
, deleted 8296332 bytes
READ   - Takes(s): 140.0, Count: 871168, OPS: 6222.6, Avg(us): 210, Min(us): 1, Max(us): 143487, 50th(us): 184, 90th(us): 387, 95th(us): 455, 99th(us): 642, 99.9th(us): 1230, 99.99th(us): 4507
TOTAL  - Takes(s): 140.0, Count: 8567428, OPS: 61195.6, Avg(us): 256, Min(us): 1, Max(us): 145279, 50th(us): 228, 90th(us): 440, 95th(us): 519, 99th(us): 748, 99.9th(us): 1420, 99.99th(us): 22575
UPDATE - Takes(s): 140.0, Count: 7696260, OPS: 54973.1, Avg(us): 261, Min(us): 4, Max(us): 145279, 50th(us): 233, 90th(us): 445, 95th(us): 525, 99th(us): 756, 99.9th(us): 1437, 99.99th(us): 25199
UPDATE_ERROR - Takes(s): 140.0, Count: 75896, OPS: 542.2, Avg(us): 247, Min(us): 6, Max(us): 50335, 50th(us): 235, 90th(us): 418, 95th(us): 481, 99th(us): 661, 99.9th(us): 1235, 99.99th(us): 5283
READ   - Takes(s): 150.0, Count: 934495, OPS: 6230.0, Avg(us): 210, Min(us): 1, Max(us): 143487, 50th(us): 184, 90th(us): 387, 95th(us): 456, 99th(us): 639, 99.9th(us): 1229, 99.99th(us): 4495
TOTAL  - Takes(s): 150.0, Count: 9189881, OPS: 61266.0, Avg(us): 255, Min(us): 1, Max(us): 145279, 50th(us): 228, 90th(us): 440, 95th(us): 519, 99th(us): 746, 99.9th(us): 1406, 99.99th(us): 15495
UPDATE - Takes(s): 150.0, Count: 8255386, OPS: 55035.9, Avg(us): 260, Min(us): 4, Max(us): 145279, 50th(us): 233, 90th(us): 446, 95th(us): 525, 99th(us): 754, 99.9th(us): 1423, 99.99th(us): 23279
UPDATE_ERROR - Takes(s): 150.0, Count: 81430, OPS: 543.0, Avg(us): 247, Min(us): 6, Max(us): 50335, 50th(us): 235, 90th(us): 419, 95th(us): 483, 99th(us): 660, 99.9th(us): 1246, 99.99th(us): 5283
READ   - Takes(s): 160.0, Count: 996435, OPS: 6227.7, Avg(us): 210, Min(us): 1, Max(us): 143487, 50th(us): 185, 90th(us): 388, 95th(us): 456, 99th(us): 637, 99.9th(us): 1228, 99.99th(us): 4507
TOTAL  - Takes(s): 160.0, Count: 9800506, OPS: 61253.0, Avg(us): 255, Min(us): 1, Max(us): 145279, 50th(us): 229, 90th(us): 440, 95th(us): 518, 99th(us): 744, 99.9th(us): 1394, 99.99th(us): 12375
UPDATE - Takes(s): 160.0, Count: 8804071, OPS: 55025.4, Avg(us): 260, Min(us): 4, Max(us): 145279, 50th(us): 234, 90th(us): 445, 95th(us): 524, 99th(us): 753, 99.9th(us): 1410, 99.99th(us): 16119
UPDATE_ERROR - Takes(s): 160.0, Count: 86991, OPS: 543.8, Avg(us): 248, Min(us): 6, Max(us): 50335, 50th(us): 237, 90th(us): 419, 95th(us): 483, 99th(us): 659, 99.9th(us): 1223, 99.99th(us): 4787
badger 2026/04/17 15:57:16 INFO: [3] [E] LOG Compact 0->5 (5, 15 -> 15 tables with 5 splits). [02018 02016 01987 01911 02019 . 01863 01865 01866 01867 01864 01872 01873 01870 01877 01878 01869 01876 01880 01868 01874 .] -> [02021 02023 02024 02022 02028 02029 02026 02032 02034 02025 02035 02037 02027 02033 02036 .], took 2.282s
, deleted 8395793 bytes
READ   - Takes(s): 170.0, Count: 1057781, OPS: 6222.2, Avg(us): 210, Min(us): 1, Max(us): 143487, 50th(us): 185, 90th(us): 387, 95th(us): 455, 99th(us): 636, 99.9th(us): 1236, 99.99th(us): 4563
TOTAL  - Takes(s): 170.0, Count: 10400791, OPS: 61181.0, Avg(us): 256, Min(us): 1, Max(us): 145279, 50th(us): 229, 90th(us): 440, 95th(us): 518, 99th(us): 745, 99.9th(us): 1409, 99.99th(us): 15839
UPDATE - Takes(s): 170.0, Count: 9343010, OPS: 54958.8, Avg(us): 261, Min(us): 4, Max(us): 145279, 50th(us): 234, 90th(us): 445, 95th(us): 524, 99th(us): 754, 99.9th(us): 1426, 99.99th(us): 23455
UPDATE_ERROR - Takes(s): 170.0, Count: 92403, OPS: 543.6, Avg(us): 248, Min(us): 6, Max(us): 50335, 50th(us): 236, 90th(us): 419, 95th(us): 483, 99th(us): 660, 99.9th(us): 1253, 99.99th(us): 5307
READ   - Takes(s): 180.0, Count: 1128188, OPS: 6267.7, Avg(us): 209, Min(us): 1, Max(us): 143487, 50th(us): 184, 90th(us): 385, 95th(us): 452, 99th(us): 629, 99.9th(us): 1225, 99.99th(us): 4531
TOTAL  - Takes(s): 180.0, Count: 11095501, OPS: 61641.5, Avg(us): 254, Min(us): 1, Max(us): 145279, 50th(us): 227, 90th(us): 437, 95th(us): 515, 99th(us): 739, 99.9th(us): 1389, 99.99th(us): 12423
UPDATE - Takes(s): 180.0, Count: 9967313, OPS: 55373.8, Avg(us): 259, Min(us): 4, Max(us): 145279, 50th(us): 232, 90th(us): 442, 95th(us): 521, 99th(us): 748, 99.9th(us): 1406, 99.99th(us): 16303
UPDATE_ERROR - Takes(s): 180.0, Count: 98550, OPS: 547.6, Avg(us): 246, Min(us): 6, Max(us): 50335, 50th(us): 234, 90th(us): 416, 95th(us): 480, 99th(us): 656, 99.9th(us): 1222, 99.99th(us): 5283
READ   - Takes(s): 190.0, Count: 1190764, OPS: 6267.1, Avg(us): 209, Min(us): 1, Max(us): 143487, 50th(us): 185, 90th(us): 385, 95th(us): 452, 99th(us): 627, 99.9th(us): 1220, 99.99th(us): 4563
TOTAL  - Takes(s): 190.0, Count: 11710567, OPS: 61634.3, Avg(us): 254, Min(us): 1, Max(us): 145279, 50th(us): 228, 90th(us): 437, 95th(us): 515, 99th(us): 738, 99.9th(us): 1380, 99.99th(us): 9671
UPDATE - Takes(s): 190.0, Count: 10519803, OPS: 55367.2, Avg(us): 259, Min(us): 4, Max(us): 145279, 50th(us): 233, 90th(us): 442, 95th(us): 521, 99th(us): 746, 99.9th(us): 1393, 99.99th(us): 13751
UPDATE_ERROR - Takes(s): 190.0, Count: 103930, OPS: 547.1, Avg(us): 247, Min(us): 6, Max(us): 50335, 50th(us): 235, 90th(us): 417, 95th(us): 480, 99th(us): 655, 99.9th(us): 1201, 99.99th(us): 5283
badger 2026/04/17 15:57:49 INFO: [2] [E] LOG Compact 0->5 (5, 15 -> 15 tables with 5 splits). [02184 02182 02086 02143 02185 . 02021 02023 02024 02022 02028 02029 02026 02032 02034 02025 02035 02037 02027 02033 02036 .] -> [02187 02189 02190 02188 02194 02195 02193 02199 02200 02191 02201 02203 02192 02198 02202 .], took 2.327s
, deleted 8563348 bytes
READ   - Takes(s): 200.0, Count: 1248565, OPS: 6242.8, Avg(us): 209, Min(us): 1, Max(us): 143487, 50th(us): 185, 90th(us): 386, 95th(us): 453, 99th(us): 629, 99.9th(us): 1233, 99.99th(us): 4587
TOTAL  - Takes(s): 200.0, Count: 12274413, OPS: 61371.9, Avg(us): 255, Min(us): 1, Max(us): 145279, 50th(us): 228, 90th(us): 438, 95th(us): 516, 99th(us): 740, 99.9th(us): 1389, 99.99th(us): 13135
UPDATE - Takes(s): 200.0, Count: 11025848, OPS: 55129.2, Avg(us): 260, Min(us): 4, Max(us): 145279, 50th(us): 233, 90th(us): 444, 95th(us): 523, 99th(us): 749, 99.9th(us): 1405, 99.99th(us): 18495
UPDATE_ERROR - Takes(s): 200.0, Count: 108907, OPS: 544.6, Avg(us): 247, Min(us): 6, Max(us): 50335, 50th(us): 235, 90th(us): 417, 95th(us): 482, 99th(us): 658, 99.9th(us): 1224, 99.99th(us): 5283
READ   - Takes(s): 210.0, Count: 1317896, OPS: 6275.7, Avg(us): 208, Min(us): 1, Max(us): 143487, 50th(us): 184, 90th(us): 384, 95th(us): 451, 99th(us): 624, 99.9th(us): 1224, 99.99th(us): 4579
TOTAL  - Takes(s): 210.0, Count: 12954441, OPS: 61687.7, Avg(us): 254, Min(us): 1, Max(us): 145279, 50th(us): 228, 90th(us): 437, 95th(us): 514, 99th(us): 736, 99.9th(us): 1374, 99.99th(us): 9927
UPDATE - Takes(s): 210.0, Count: 11636545, OPS: 55412.0, Avg(us): 259, Min(us): 4, Max(us): 145279, 50th(us): 232, 90th(us): 442, 95th(us): 520, 99th(us): 744, 99.9th(us): 1387, 99.99th(us): 14935
UPDATE_ERROR - Takes(s): 210.0, Count: 115010, OPS: 547.7, Avg(us): 246, Min(us): 6, Max(us): 50335, 50th(us): 234, 90th(us): 416, 95th(us): 480, 99th(us): 654, 99.9th(us): 1223, 99.99th(us): 4787
READ   - Takes(s): 220.0, Count: 1379150, OPS: 6268.9, Avg(us): 209, Min(us): 1, Max(us): 143487, 50th(us): 185, 90th(us): 385, 95th(us): 452, 99th(us): 623, 99.9th(us): 1222, 99.99th(us): 4571
TOTAL  - Takes(s): 220.0, Count: 13557490, OPS: 61624.9, Avg(us): 254, Min(us): 1, Max(us): 145279, 50th(us): 228, 90th(us): 437, 95th(us): 515, 99th(us): 735, 99.9th(us): 1369, 99.99th(us): 8759
UPDATE - Takes(s): 220.0, Count: 12178340, OPS: 55356.1, Avg(us): 259, Min(us): 4, Max(us): 145279, 50th(us): 233, 90th(us): 443, 95th(us): 521, 99th(us): 744, 99.9th(us): 1382, 99.99th(us): 12255
UPDATE_ERROR - Takes(s): 220.0, Count: 120528, OPS: 547.9, Avg(us): 247, Min(us): 6, Max(us): 50335, 50th(us): 236, 90th(us): 417, 95th(us): 481, 99th(us): 655, 99.9th(us): 1224, 99.99th(us): 4787
READ   - Takes(s): 230.0, Count: 1440918, OPS: 6264.9, Avg(us): 210, Min(us): 1, Max(us): 143487, 50th(us): 185, 90th(us): 387, 95th(us): 453, 99th(us): 623, 99.9th(us): 1218, 99.99th(us): 4587
TOTAL  - Takes(s): 230.0, Count: 14163608, OPS: 61581.0, Avg(us): 254, Min(us): 1, Max(us): 145279, 50th(us): 229, 90th(us): 438, 95th(us): 515, 99th(us): 735, 99.9th(us): 1363, 99.99th(us): 7815
UPDATE - Takes(s): 230.0, Count: 12722690, OPS: 55316.0, Avg(us): 259, Min(us): 4, Max(us): 145279, 50th(us): 234, 90th(us): 443, 95th(us): 521, 99th(us): 744, 99.9th(us): 1375, 99.99th(us): 9775
UPDATE_ERROR - Takes(s): 230.0, Count: 125994, OPS: 547.9, Avg(us): 247, Min(us): 6, Max(us): 50335, 50th(us): 236, 90th(us): 418, 95th(us): 482, 99th(us): 654, 99.9th(us): 1214, 99.99th(us): 4087
badger 2026/04/17 15:58:22 INFO: [2] [E] LOG Compact 0->5 (5, 13 -> 16 tables with 5 splits). [02351 02349 02241 02285 02352 . 02187 02189 02190 02188 02194 02193 02199 02191 02201 02203 02192 02198 02202 .] -> [02354 02356 02357 02358 02355 02362 02367 02368 02361 02366 02370 02371 02360 02365 02369 02359 .], took 2.497s
, deleted 8327081 bytes
READ   - Takes(s): 240.0, Count: 1501794, OPS: 6257.5, Avg(us): 209, Min(us): 1, Max(us): 143487, 50th(us): 185, 90th(us): 386, 95th(us): 452, 99th(us): 623, 99.9th(us): 1227, 99.99th(us): 4643
TOTAL  - Takes(s): 240.0, Count: 14759913, OPS: 61499.5, Avg(us): 254, Min(us): 1, Max(us): 145279, 50th(us): 228, 90th(us): 438, 95th(us): 515, 99th(us): 736, 99.9th(us): 1381, 99.99th(us): 10503
UPDATE - Takes(s): 240.0, Count: 13258119, OPS: 55242.0, Avg(us): 259, Min(us): 4, Max(us): 145279, 50th(us): 233, 90th(us): 443, 95th(us): 522, 99th(us): 745, 99.9th(us): 1394, 99.99th(us): 15271
UPDATE_ERROR - Takes(s): 240.0, Count: 131054, OPS: 546.1, Avg(us): 247, Min(us): 6, Max(us): 50335, 50th(us): 235, 90th(us): 417, 95th(us): 482, 99th(us): 655, 99.9th(us): 1224, 99.99th(us): 4087
READ   - Takes(s): 250.0, Count: 1565089, OPS: 6260.3, Avg(us): 209, Min(us): 1, Max(us): 143487, 50th(us): 185, 90th(us): 386, 95th(us): 453, 99th(us): 622, 99.9th(us): 1225, 99.99th(us): 4643
TOTAL  - Takes(s): 250.0, Count: 15382642, OPS: 61530.5, Avg(us): 254, Min(us): 1, Max(us): 145279, 50th(us): 229, 90th(us): 438, 95th(us): 515, 99th(us): 735, 99.9th(us): 1377, 99.99th(us): 8975
UPDATE - Takes(s): 250.0, Count: 13817553, OPS: 55270.1, Avg(us): 259, Min(us): 4, Max(us): 145279, 50th(us): 233, 90th(us): 443, 95th(us): 521, 99th(us): 744, 99.9th(us): 1389, 99.99th(us): 13623
UPDATE_ERROR - Takes(s): 250.0, Count: 136696, OPS: 546.8, Avg(us): 247, Min(us): 6, Max(us): 50335, 50th(us): 236, 90th(us): 417, 95th(us): 481, 99th(us): 654, 99.9th(us): 1211, 99.99th(us): 4041
READ   - Takes(s): 260.0, Count: 1626146, OPS: 6254.4, Avg(us): 210, Min(us): 1, Max(us): 143487, 50th(us): 186, 90th(us): 387, 95th(us): 453, 99th(us): 622, 99.9th(us): 1226, 99.99th(us): 4651
TOTAL  - Takes(s): 260.0, Count: 15985023, OPS: 61480.9, Avg(us): 254, Min(us): 1, Max(us): 145279, 50th(us): 229, 90th(us): 439, 95th(us): 516, 99th(us): 735, 99.9th(us): 1374, 99.99th(us): 8407
UPDATE - Takes(s): 260.0, Count: 14358877, OPS: 55226.4, Avg(us): 259, Min(us): 4, Max(us): 145279, 50th(us): 234, 90th(us): 444, 95th(us): 522, 99th(us): 744, 99.9th(us): 1386, 99.99th(us): 10647
UPDATE_ERROR - Takes(s): 260.0, Count: 142285, OPS: 547.3, Avg(us): 247, Min(us): 6, Max(us): 50335, 50th(us): 237, 90th(us): 418, 95th(us): 482, 99th(us): 655, 99.9th(us): 1223, 99.99th(us): 4041
badger 2026/04/17 15:58:54 INFO: [1] [E] LOG Compact 0->5 (5, 13 -> 13 tables with 5 splits). [02517 02438 02431 02515 02518 . 02354 02356 02357 02358 02355 02362 02367 02361 02366 02360 02365 02369 02359 .] -> [02520 02521 02523 02522 02524 02529 02527 02532 02534 02526 02531 02533 02525 .], took 2.374s
, deleted 8286574 bytes
READ   - Takes(s): 270.0, Count: 1687635, OPS: 6250.5, Avg(us): 210, Min(us): 1, Max(us): 143487, 50th(us): 185, 90th(us): 386, 95th(us): 453, 99th(us): 622, 99.9th(us): 1226, 99.99th(us): 4679
TOTAL  - Takes(s): 270.0, Count: 16591251, OPS: 61449.0, Avg(us): 255, Min(us): 1, Max(us): 145279, 50th(us): 229, 90th(us): 438, 95th(us): 516, 99th(us): 735, 99.9th(us): 1378, 99.99th(us): 11191
UPDATE - Takes(s): 270.0, Count: 14903616, OPS: 55198.6, Avg(us): 260, Min(us): 4, Max(us): 145279, 50th(us): 234, 90th(us): 443, 95th(us): 522, 99th(us): 745, 99.9th(us): 1390, 99.99th(us): 16207
UPDATE_ERROR - Takes(s): 270.0, Count: 147685, OPS: 547.0, Avg(us): 247, Min(us): 6, Max(us): 50335, 50th(us): 237, 90th(us): 418, 95th(us): 482, 99th(us): 656, 99.9th(us): 1222, 99.99th(us): 4041
READ   - Takes(s): 280.0, Count: 1751602, OPS: 6255.7, Avg(us): 210, Min(us): 1, Max(us): 143487, 50th(us): 186, 90th(us): 386, 95th(us): 452, 99th(us): 621, 99.9th(us): 1220, 99.99th(us): 4683
TOTAL  - Takes(s): 280.0, Count: 17220895, OPS: 61503.2, Avg(us): 254, Min(us): 1, Max(us): 145279, 50th(us): 229, 90th(us): 438, 95th(us): 515, 99th(us): 734, 99.9th(us): 1371, 99.99th(us): 9871
UPDATE - Takes(s): 280.0, Count: 15469293, OPS: 55247.5, Avg(us): 259, Min(us): 4, Max(us): 145279, 50th(us): 234, 90th(us): 443, 95th(us): 521, 99th(us): 743, 99.9th(us): 1383, 99.99th(us): 13863
UPDATE_ERROR - Takes(s): 280.0, Count: 153325, OPS: 547.6, Avg(us): 247, Min(us): 6, Max(us): 50335, 50th(us): 236, 90th(us): 417, 95th(us): 482, 99th(us): 653, 99.9th(us): 1222, 99.99th(us): 4041
READ   - Takes(s): 290.0, Count: 1812724, OPS: 6250.8, Avg(us): 210, Min(us): 1, Max(us): 143487, 50th(us): 186, 90th(us): 387, 95th(us): 453, 99th(us): 621, 99.9th(us): 1218, 99.99th(us): 4667
TOTAL  - Takes(s): 290.0, Count: 17825888, OPS: 61468.6, Avg(us): 254, Min(us): 1, Max(us): 145279, 50th(us): 230, 90th(us): 438, 95th(us): 515, 99th(us): 733, 99.9th(us): 1367, 99.99th(us): 8823
UPDATE - Takes(s): 290.0, Count: 16013164, OPS: 55217.9, Avg(us): 260, Min(us): 4, Max(us): 145279, 50th(us): 234, 90th(us): 444, 95th(us): 522, 99th(us): 743, 99.9th(us): 1379, 99.99th(us): 11847
UPDATE_ERROR - Takes(s): 290.0, Count: 158879, OPS: 547.9, Avg(us): 247, Min(us): 6, Max(us): 50335, 50th(us): 237, 90th(us): 418, 95th(us): 482, 99th(us): 651, 99.9th(us): 1205, 99.99th(us): 4029
badger 2026/04/17 15:59:28 INFO: [3] [E] LOG Compact 0->5 (5, 13 -> 14 tables with 5 splits). [02680 02678 02668 02655 02681 . 02520 02521 02523 02522 02524 02529 02527 02532 02534 02526 02531 02533 02525 .] -> [02683 02684 02685 02686 02687 02688 02692 02690 02695 02699 02691 02696 02697 02689 .], took 2.436s
, deleted 8332465 bytes
READ   - Takes(s): 300.0, Count: 1871589, OPS: 6238.6, Avg(us): 210, Min(us): 1, Max(us): 143487, 50th(us): 186, 90th(us): 387, 95th(us): 453, 99th(us): 622, 99.9th(us): 1215, 99.99th(us): 4651
TOTAL  - Takes(s): 300.0, Count: 18400840, OPS: 61336.2, Avg(us): 255, Min(us): 1, Max(us): 145279, 50th(us): 230, 90th(us): 439, 95th(us): 516, 99th(us): 735, 99.9th(us): 1372, 99.99th(us): 10519
UPDATE - Takes(s): 300.0, Count: 16529251, OPS: 55097.5, Avg(us): 260, Min(us): 4, Max(us): 145279, 50th(us): 235, 90th(us): 444, 95th(us): 522, 99th(us): 744, 99.9th(us): 1386, 99.99th(us): 16119
UPDATE_ERROR - Takes(s): 300.0, Count: 164016, OPS: 546.8, Avg(us): 247, Min(us): 6, Max(us): 50335, 50th(us): 237, 90th(us): 418, 95th(us): 482, 99th(us): 652, 99.9th(us): 1202, 99.99th(us): 4029
READ   - Takes(s): 310.0, Count: 1940330, OPS: 6259.1, Avg(us): 210, Min(us): 1, Max(us): 143487, 50th(us): 186, 90th(us): 386, 95th(us): 452, 99th(us): 619, 99.9th(us): 1210, 99.99th(us): 4651
TOTAL  - Takes(s): 310.0, Count: 19076826, OPS: 61538.1, Avg(us): 254, Min(us): 1, Max(us): 145279, 50th(us): 229, 90th(us): 438, 95th(us): 515, 99th(us): 732, 99.9th(us): 1365, 99.99th(us): 9559
UPDATE - Takes(s): 310.0, Count: 17136496, OPS: 55278.9, Avg(us): 259, Min(us): 4, Max(us): 145279, 50th(us): 234, 90th(us): 443, 95th(us): 521, 99th(us): 742, 99.9th(us): 1378, 99.99th(us): 13743
UPDATE_ERROR - Takes(s): 310.0, Count: 169829, OPS: 547.9, Avg(us): 247, Min(us): 6, Max(us): 50335, 50th(us): 236, 90th(us): 417, 95th(us): 481, 99th(us): 650, 99.9th(us): 1199, 99.99th(us): 3797
READ   - Takes(s): 320.0, Count: 2002335, OPS: 6257.3, Avg(us): 210, Min(us): 1, Max(us): 143487, 50th(us): 187, 90th(us): 386, 95th(us): 452, 99th(us): 618, 99.9th(us): 1206, 99.99th(us): 4675
TOTAL  - Takes(s): 320.0, Count: 19688039, OPS: 61525.1, Avg(us): 254, Min(us): 1, Max(us): 145279, 50th(us): 230, 90th(us): 438, 95th(us): 515, 99th(us): 732, 99.9th(us): 1362, 99.99th(us): 8711
UPDATE - Takes(s): 320.0, Count: 17685704, OPS: 55267.8, Avg(us): 259, Min(us): 4, Max(us): 145279, 50th(us): 234, 90th(us): 443, 95th(us): 521, 99th(us): 741, 99.9th(us): 1374, 99.99th(us): 11567
UPDATE_ERROR - Takes(s): 320.0, Count: 175640, OPS: 548.9, Avg(us): 247, Min(us): 6, Max(us): 50335, 50th(us): 237, 90th(us): 417, 95th(us): 480, 99th(us): 648, 99.9th(us): 1190, 99.99th(us): 3789
badger 2026/04/17 15:59:59 INFO: [1] [E] LOG Compact 0->5 (5, 14 -> 14 tables with 5 splits). [02837 02835 02813 02768 02838 . 02683 02684 02685 02686 02687 02688 02692 02690 02695 02699 02691 02696 02697 02689 .] -> [02840 02842 02843 02844 02845 02846 02849 02853 02856 02848 02854 02855 02847 02850 .], took 2.328s
, deleted 8436302 bytes
READ   - Takes(s): 330.0, Count: 2059897, OPS: 6242.1, Avg(us): 210, Min(us): 1, Max(us): 143487, 50th(us): 187, 90th(us): 387, 95th(us): 452, 99th(us): 618, 99.9th(us): 1208, 99.99th(us): 4687
TOTAL  - Takes(s): 330.0, Count: 20253735, OPS: 61375.0, Avg(us): 255, Min(us): 1, Max(us): 145279, 50th(us): 230, 90th(us): 438, 95th(us): 515, 99th(us): 732, 99.9th(us): 1371, 99.99th(us): 12423
UPDATE - Takes(s): 330.0, Count: 18193838, OPS: 55132.9, Avg(us): 260, Min(us): 4, Max(us): 145279, 50th(us): 235, 90th(us): 443, 95th(us): 521, 99th(us): 742, 99.9th(us): 1385, 99.99th(us): 18607
UPDATE_ERROR - Takes(s): 330.0, Count: 180717, OPS: 547.7, Avg(us): 247, Min(us): 6, Max(us): 50335, 50th(us): 237, 90th(us): 417, 95th(us): 481, 99th(us): 648, 99.9th(us): 1192, 99.99th(us): 3789
READ   - Takes(s): 340.0, Count: 2130022, OPS: 6264.7, Avg(us): 210, Min(us): 1, Max(us): 143487, 50th(us): 186, 90th(us): 385, 95th(us): 451, 99th(us): 615, 99.9th(us): 1202, 99.99th(us): 4731
TOTAL  - Takes(s): 340.0, Count: 20941809, OPS: 61593.3, Avg(us): 254, Min(us): 1, Max(us): 145279, 50th(us): 229, 90th(us): 437, 95th(us): 513, 99th(us): 729, 99.9th(us): 1363, 99.99th(us): 10863
UPDATE - Takes(s): 340.0, Count: 18811787, OPS: 55328.4, Avg(us): 259, Min(us): 4, Max(us): 145279, 50th(us): 234, 90th(us): 442, 95th(us): 519, 99th(us): 739, 99.9th(us): 1376, 99.99th(us): 15767
UPDATE_ERROR - Takes(s): 340.0, Count: 186863, OPS: 549.6, Avg(us): 246, Min(us): 6, Max(us): 50335, 50th(us): 237, 90th(us): 416, 95th(us): 479, 99th(us): 646, 99.9th(us): 1187, 99.99th(us): 3729
READ   - Takes(s): 350.0, Count: 2192719, OPS: 6264.9, Avg(us): 210, Min(us): 1, Max(us): 143487, 50th(us): 187, 90th(us): 386, 95th(us): 451, 99th(us): 615, 99.9th(us): 1199, 99.99th(us): 4699
TOTAL  - Takes(s): 350.0, Count: 21554720, OPS: 61584.9, Avg(us): 254, Min(us): 1, Max(us): 145279, 50th(us): 230, 90th(us): 437, 95th(us): 513, 99th(us): 729, 99.9th(us): 1359, 99.99th(us): 9911
UPDATE - Takes(s): 350.0, Count: 19362001, OPS: 55320.0, Avg(us): 259, Min(us): 4, Max(us): 145279, 50th(us): 235, 90th(us): 442, 95th(us): 519, 99th(us): 738, 99.9th(us): 1371, 99.99th(us): 13863
UPDATE_ERROR - Takes(s): 350.0, Count: 192397, OPS: 549.7, Avg(us): 247, Min(us): 6, Max(us): 50335, 50th(us): 237, 90th(us): 416, 95th(us): 479, 99th(us): 646, 99.9th(us): 1187, 99.99th(us): 3729
badger 2026/04/17 16:00:29 INFO: Block cache metrics: hit: 115417178 miss: 2497714 keys-added: 778462 keys-updated: 8333 keys-evicted: 717201 cost-added: 3406406846 cost-evicted: 3137975449 sets-dropped: 0 sets-rejected: 119 gets-dropped: 360960 gets-kept: 117552960 gets-total: 117914892 hit-ratio: 0.98
READ   - Takes(s): 360.0, Count: 2251652, OPS: 6254.6, Avg(us): 211, Min(us): 1, Max(us): 502527, 50th(us): 187, 90th(us): 386, 95th(us): 451, 99th(us): 615, 99.9th(us): 1199, 99.99th(us): 4731
TOTAL  - Takes(s): 360.0, Count: 22136829, OPS: 61491.2, Avg(us): 254, Min(us): 1, Max(us): 502527, 50th(us): 230, 90th(us): 437, 95th(us): 514, 99th(us): 729, 99.9th(us): 1359, 99.99th(us): 10407
UPDATE - Takes(s): 360.0, Count: 19885177, OPS: 55236.5, Avg(us): 259, Min(us): 4, Max(us): 145279, 50th(us): 235, 90th(us): 442, 95th(us): 520, 99th(us): 738, 99.9th(us): 1371, 99.99th(us): 14159
UPDATE_ERROR - Takes(s): 360.0, Count: 197740, OPS: 549.3, Avg(us): 247, Min(us): 6, Max(us): 50335, 50th(us): 238, 90th(us): 417, 95th(us): 480, 99th(us): 647, 99.9th(us): 1186, 99.99th(us): 3789
badger 2026/04/17 16:00:30 INFO: [2] [E] LOG Compact 0->5 (5, 14 -> 14 tables with 5 splits). [02996 02994 02955 02917 02997 . 02840 02842 02843 02844 02845 02846 02849 02853 02856 02848 02854 02855 02847 02850 .] -> [02999 03000 03001 03002 03003 03006 03010 03012 03013 03007 03011 03014 03004 03005 .], took 2.26s
, deleted 8520106 bytes
READ   - Takes(s): 370.0, Count: 2317268, OPS: 6262.9, Avg(us): 210, Min(us): 1, Max(us): 502527, 50th(us): 187, 90th(us): 386, 95th(us): 451, 99th(us): 614, 99.9th(us): 1193, 99.99th(us): 4731
TOTAL  - Takes(s): 370.0, Count: 22783043, OPS: 61575.7, Avg(us): 254, Min(us): 1, Max(us): 502527, 50th(us): 230, 90th(us): 437, 95th(us): 513, 99th(us): 728, 99.9th(us): 1356, 99.99th(us): 11655
UPDATE - Takes(s): 370.0, Count: 20465775, OPS: 55312.9, Avg(us): 259, Min(us): 4, Max(us): 145279, 50th(us): 234, 90th(us): 442, 95th(us): 519, 99th(us): 737, 99.9th(us): 1367, 99.99th(us): 16327
UPDATE_ERROR - Takes(s): 370.0, Count: 203537, OPS: 550.1, Avg(us): 247, Min(us): 6, Max(us): 50335, 50th(us): 237, 90th(us): 416, 95th(us): 480, 99th(us): 646, 99.9th(us): 1183, 99.99th(us): 3797
READ   - Takes(s): 380.0, Count: 2374132, OPS: 6247.7, Avg(us): 211, Min(us): 1, Max(us): 502527, 50th(us): 187, 90th(us): 387, 95th(us): 453, 99th(us): 618, 99.9th(us): 1202, 99.99th(us): 4731
TOTAL  - Takes(s): 380.0, Count: 23346068, OPS: 61436.9, Avg(us): 255, Min(us): 1, Max(us): 502527, 50th(us): 230, 90th(us): 438, 95th(us): 515, 99th(us): 732, 99.9th(us): 1365, 99.99th(us): 10535
UPDATE - Takes(s): 380.0, Count: 20971936, OPS: 55189.2, Avg(us): 260, Min(us): 4, Max(us): 145279, 50th(us): 235, 90th(us): 444, 95th(us): 521, 99th(us): 741, 99.9th(us): 1379, 99.99th(us): 15199
UPDATE_ERROR - Takes(s): 380.0, Count: 208524, OPS: 548.8, Avg(us): 247, Min(us): 6, Max(us): 50335, 50th(us): 237, 90th(us): 418, 95th(us): 482, 99th(us): 651, 99.9th(us): 1186, 99.99th(us): 3789
READ   - Takes(s): 390.0, Count: 2432121, OPS: 6236.2, Avg(us): 211, Min(us): 1, Max(us): 502527, 50th(us): 187, 90th(us): 389, 95th(us): 455, 99th(us): 620, 99.9th(us): 1201, 99.99th(us): 4735
TOTAL  - Takes(s): 390.0, Count: 23914377, OPS: 61318.8, Avg(us): 255, Min(us): 1, Max(us): 502527, 50th(us): 231, 90th(us): 440, 95th(us): 517, 99th(us): 735, 99.9th(us): 1365, 99.99th(us): 9783
UPDATE - Takes(s): 390.0, Count: 21482256, OPS: 55082.6, Avg(us): 260, Min(us): 4, Max(us): 145279, 50th(us): 235, 90th(us): 445, 95th(us): 523, 99th(us): 744, 99.9th(us): 1378, 99.99th(us): 13735
UPDATE_ERROR - Takes(s): 390.0, Count: 213706, OPS: 548.0, Avg(us): 248, Min(us): 6, Max(us): 50335, 50th(us): 238, 90th(us): 419, 95th(us): 483, 99th(us): 654, 99.9th(us): 1190, 99.99th(us): 3789
badger 2026/04/17 16:01:03 INFO: [1] [E] LOG Compact 0->5 (5, 14 -> 14 tables with 5 splits). [03151 03149 03101 03050 03152 . 02999 03000 03001 03002 03003 03006 03010 03012 03013 03007 03011 03014 03004 03005 .] -> [03154 03156 03157 03158 03159 03164 03161 03167 03168 03163 03169 03170 03160 03162 .], took 2.439s
, deleted 8504089 bytes
READ   - Takes(s): 400.0, Count: 2490219, OPS: 6225.5, Avg(us): 211, Min(us): 1, Max(us): 502527, 50th(us): 187, 90th(us): 389, 95th(us): 455, 99th(us): 621, 99.9th(us): 1204, 99.99th(us): 4739
TOTAL  - Takes(s): 400.0, Count: 24485797, OPS: 61214.5, Avg(us): 256, Min(us): 1, Max(us): 502527, 50th(us): 231, 90th(us): 440, 95th(us): 518, 99th(us): 736, 99.9th(us): 1373, 99.99th(us): 11695
UPDATE - Takes(s): 400.0, Count: 21995578, OPS: 54989.0, Avg(us): 261, Min(us): 4, Max(us): 145279, 50th(us): 235, 90th(us): 445, 95th(us): 524, 99th(us): 746, 99.9th(us): 1387, 99.99th(us): 16639
UPDATE_ERROR - Takes(s): 400.0, Count: 218660, OPS: 546.7, Avg(us): 248, Min(us): 6, Max(us): 50335, 50th(us): 238, 90th(us): 420, 95th(us): 484, 99th(us): 654, 99.9th(us): 1192, 99.99th(us): 3789
READ   - Takes(s): 410.0, Count: 2550079, OPS: 6219.7, Avg(us): 212, Min(us): 1, Max(us): 502527, 50th(us): 187, 90th(us): 389, 95th(us): 456, 99th(us): 622, 99.9th(us): 1204, 99.99th(us): 4739
TOTAL  - Takes(s): 410.0, Count: 25074520, OPS: 61157.3, Avg(us): 256, Min(us): 1, Max(us): 502527, 50th(us): 231, 90th(us): 441, 95th(us): 519, 99th(us): 737, 99.9th(us): 1371, 99.99th(us): 10599
UPDATE - Takes(s): 410.0, Count: 22524441, OPS: 54937.6, Avg(us): 261, Min(us): 4, Max(us): 145279, 50th(us): 236, 90th(us): 446, 95th(us): 525, 99th(us): 747, 99.9th(us): 1384, 99.99th(us): 15783
UPDATE_ERROR - Takes(s): 410.0, Count: 223946, OPS: 546.2, Avg(us): 248, Min(us): 6, Max(us): 50335, 50th(us): 238, 90th(us): 420, 95th(us): 485, 99th(us): 655, 99.9th(us): 1190, 99.99th(us): 3789
READ   - Takes(s): 420.0, Count: 2608848, OPS: 6211.5, Avg(us): 212, Min(us): 1, Max(us): 502527, 50th(us): 188, 90th(us): 391, 95th(us): 457, 99th(us): 624, 99.9th(us): 1206, 99.99th(us): 4763
TOTAL  - Takes(s): 420.0, Count: 25650933, OPS: 61073.6, Avg(us): 256, Min(us): 1, Max(us): 502527, 50th(us): 231, 90th(us): 442, 95th(us): 520, 99th(us): 739, 99.9th(us): 1372, 99.99th(us): 9855
UPDATE - Takes(s): 420.0, Count: 23042085, OPS: 54862.0, Avg(us): 261, Min(us): 4, Max(us): 145279, 50th(us): 236, 90th(us): 447, 95th(us): 526, 99th(us): 748, 99.9th(us): 1386, 99.99th(us): 14055
UPDATE_ERROR - Takes(s): 420.0, Count: 229163, OPS: 545.7, Avg(us): 249, Min(us): 6, Max(us): 50335, 50th(us): 239, 90th(us): 422, 95th(us): 486, 99th(us): 656, 99.9th(us): 1192, 99.99th(us): 3729
badger 2026/04/17 16:01:37 INFO: [3] [E] LOG Compact 0->5 (5, 14 -> 13 tables with 5 splits). [03312 03310 03300 03297 03313 . 03154 03156 03157 03158 03159 03164 03161 03167 03168 03163 03169 03170 03160 03162 .] -> [03315 03316 03317 03318 03319 03324 03322 03329 03320 03328 03330 03321 03323 .], took 2.333s
, deleted 8210868 bytes
READ   - Takes(s): 430.0, Count: 2664797, OPS: 6197.2, Avg(us): 212, Min(us): 1, Max(us): 502527, 50th(us): 188, 90th(us): 391, 95th(us): 458, 99th(us): 625, 99.9th(us): 1210, 99.99th(us): 4775
TOTAL  - Takes(s): 430.0, Count: 26198513, OPS: 60926.4, Avg(us): 257, Min(us): 1, Max(us): 502527, 50th(us): 232, 90th(us): 443, 95th(us): 521, 99th(us): 741, 99.9th(us): 1381, 99.99th(us): 11631
UPDATE - Takes(s): 430.0, Count: 23533716, OPS: 54729.3, Avg(us): 262, Min(us): 4, Max(us): 145279, 50th(us): 236, 90th(us): 448, 95th(us): 527, 99th(us): 750, 99.9th(us): 1395, 99.99th(us): 16847
UPDATE_ERROR - Takes(s): 430.0, Count: 234028, OPS: 544.3, Avg(us): 249, Min(us): 6, Max(us): 50335, 50th(us): 239, 90th(us): 422, 95th(us): 487, 99th(us): 658, 99.9th(us): 1201, 99.99th(us): 3789
READ   - Takes(s): 440.0, Count: 2728935, OPS: 6202.1, Avg(us): 212, Min(us): 1, Max(us): 502527, 50th(us): 188, 90th(us): 391, 95th(us): 457, 99th(us): 625, 99.9th(us): 1206, 99.99th(us): 4755
TOTAL  - Takes(s): 440.0, Count: 26829959, OPS: 60977.2, Avg(us): 257, Min(us): 1, Max(us): 502527, 50th(us): 231, 90th(us): 443, 95th(us): 521, 99th(us): 741, 99.9th(us): 1377, 99.99th(us): 10503
UPDATE - Takes(s): 440.0, Count: 24101024, OPS: 54775.0, Avg(us): 262, Min(us): 4, Max(us): 145279, 50th(us): 236, 90th(us): 448, 95th(us): 527, 99th(us): 750, 99.9th(us): 1392, 99.99th(us): 15783
UPDATE_ERROR - Takes(s): 440.0, Count: 239530, OPS: 544.4, Avg(us): 249, Min(us): 6, Max(us): 50335, 50th(us): 239, 90th(us): 422, 95th(us): 487, 99th(us): 658, 99.9th(us): 1202, 99.99th(us): 3729
READ   - Takes(s): 450.0, Count: 2789661, OPS: 6199.2, Avg(us): 212, Min(us): 1, Max(us): 502527, 50th(us): 188, 90th(us): 392, 95th(us): 458, 99th(us): 625, 99.9th(us): 1202, 99.99th(us): 4747
TOTAL  - Takes(s): 450.0, Count: 27425098, OPS: 60944.6, Avg(us): 257, Min(us): 1, Max(us): 502527, 50th(us): 232, 90th(us): 443, 95th(us): 521, 99th(us): 741, 99.9th(us): 1375, 99.99th(us): 9695
UPDATE - Takes(s): 450.0, Count: 24635437, OPS: 54745.4, Avg(us): 262, Min(us): 4, Max(us): 145279, 50th(us): 236, 90th(us): 448, 95th(us): 527, 99th(us): 750, 99.9th(us): 1389, 99.99th(us): 14039
UPDATE_ERROR - Takes(s): 450.0, Count: 244934, OPS: 544.3, Avg(us): 249, Min(us): 6, Max(us): 50335, 50th(us): 239, 90th(us): 423, 95th(us): 487, 99th(us): 658, 99.9th(us): 1201, 99.99th(us): 3729
READ   - Takes(s): 460.0, Count: 2848834, OPS: 6193.1, Avg(us): 212, Min(us): 1, Max(us): 502527, 50th(us): 188, 90th(us): 392, 95th(us): 458, 99th(us): 625, 99.9th(us): 1204, 99.99th(us): 4763
TOTAL  - Takes(s): 460.0, Count: 28007656, OPS: 60886.1, Avg(us): 257, Min(us): 1, Max(us): 502527, 50th(us): 232, 90th(us): 443, 95th(us): 522, 99th(us): 742, 99.9th(us): 1375, 99.99th(us): 9743
UPDATE - Takes(s): 460.0, Count: 25158822, OPS: 54692.9, Avg(us): 262, Min(us): 4, Max(us): 145279, 50th(us): 237, 90th(us): 449, 95th(us): 528, 99th(us): 751, 99.9th(us): 1389, 99.99th(us): 14271
UPDATE_ERROR - Takes(s): 460.0, Count: 250241, OPS: 544.0, Avg(us): 250, Min(us): 6, Max(us): 50335, 50th(us): 239, 90th(us): 423, 95th(us): 488, 99th(us): 658, 99.9th(us): 1199, 99.99th(us): 3681
badger 2026/04/17 16:02:11 INFO: [2] [E] LOG Compact 0->5 (5, 13 -> 14 tables with 5 splits). [03472 03399 03435 03470 03473 . 03315 03316 03317 03318 03319 03324 03322 03329 03320 03328 03330 03321 03323 .] -> [03475 03476 03478 03479 03480 03483 03482 03487 03489 03490 03481 03486 03488 03477 .], took 2.351s
, deleted 8082300 bytes
READ   - Takes(s): 470.0, Count: 2914642, OPS: 6201.4, Avg(us): 212, Min(us): 1, Max(us): 502527, 50th(us): 188, 90th(us): 391, 95th(us): 457, 99th(us): 625, 99.9th(us): 1203, 99.99th(us): 4795
TOTAL  - Takes(s): 470.0, Count: 28656550, OPS: 60971.4, Avg(us): 257, Min(us): 1, Max(us): 502527, 50th(us): 231, 90th(us): 443, 95th(us): 521, 99th(us): 741, 99.9th(us): 1373, 99.99th(us): 11439
UPDATE - Takes(s): 470.0, Count: 25741908, OPS: 54770.0, Avg(us): 262, Min(us): 4, Max(us): 145279, 50th(us): 236, 90th(us): 448, 95th(us): 527, 99th(us): 750, 99.9th(us): 1387, 99.99th(us): 16639
UPDATE_ERROR - Takes(s): 470.0, Count: 255873, OPS: 544.4, Avg(us): 249, Min(us): 6, Max(us): 50335, 50th(us): 239, 90th(us): 422, 95th(us): 487, 99th(us): 658, 99.9th(us): 1199, 99.99th(us): 3677
READ   - Takes(s): 480.0, Count: 2975436, OPS: 6198.8, Avg(us): 212, Min(us): 1, Max(us): 502527, 50th(us): 188, 90th(us): 392, 95th(us): 458, 99th(us): 625, 99.9th(us): 1199, 99.99th(us): 4791
TOTAL  - Takes(s): 480.0, Count: 29257832, OPS: 60953.7, Avg(us): 257, Min(us): 1, Max(us): 502527, 50th(us): 231, 90th(us): 443, 95th(us): 522, 99th(us): 741, 99.9th(us): 1370, 99.99th(us): 10391
UPDATE - Takes(s): 480.0, Count: 26282396, OPS: 54754.9, Avg(us): 262, Min(us): 4, Max(us): 145279, 50th(us): 236, 90th(us): 449, 95th(us): 528, 99th(us): 751, 99.9th(us): 1384, 99.99th(us): 15759
UPDATE_ERROR - Takes(s): 480.0, Count: 261091, OPS: 544.0, Avg(us): 249, Min(us): 6, Max(us): 50335, 50th(us): 239, 90th(us): 423, 95th(us): 487, 99th(us): 658, 99.9th(us): 1196, 99.99th(us): 3677
**********************************************
Run finished, takes 8m8.522166316s
READ   - Takes(s): 488.5, Count: 3024224, OPS: 6190.6, Avg(us): 212, Min(us): 1, Max(us): 502527, 50th(us): 188, 90th(us): 392, 95th(us): 459, 99th(us): 626, 99.9th(us): 1201, 99.99th(us): 4787
TOTAL  - Takes(s): 488.5, Count: 29734803, OPS: 60867.0, Avg(us): 257, Min(us): 1, Max(us): 502527, 50th(us): 232, 90th(us): 444, 95th(us): 523, 99th(us): 743, 99.9th(us): 1372, 99.99th(us): 9671
UPDATE - Takes(s): 488.5, Count: 26710579, OPS: 54676.5, Avg(us): 262, Min(us): 4, Max(us): 145279, 50th(us): 236, 90th(us): 449, 95th(us): 529, 99th(us): 752, 99.9th(us): 1386, 99.99th(us): 14255
UPDATE_ERROR - Takes(s): 488.5, Count: 265197, OPS: 542.9, Avg(us): 250, Min(us): 6, Max(us): 50335, 50th(us): 239, 90th(us): 424, 95th(us): 489, 99th(us): 661, 99.9th(us): 1199, 99.99th(us): 3655
badger 2026/04/17 16:02:38 INFO: 
=========================================================
📊 关机前 Vlog 物理大盘 (冷热双轨与垃圾存活率)
=========================================================
    [Cold 🧊] FID: 1          | Size:    3.65 MB | Discard(垃圾):    0.00 MB | Garbage Ratio:  0.06%!
(MISSING)(*) [Cold 🧊] FID: 2          | Size:    2.41 MB | Discard(垃圾):    2.36 MB | Garbage Ratio: 98.20%!
(MISSING)    [Hot  🔥] FID: 2147483649 | Size:    0.00 MB | Discard(垃圾):    0.00 MB | Garbage Ratio:  0.00%!
(MISSING)(*) [Hot  🔥] FID: 2147483650 | Size:    0.92 MB | Discard(垃圾):    0.91 MB | Garbage Ratio: 99.43%!
(MISSING)---------------------------------------------------------
📈 汇总: 共 2 个冷大巴, 2 个热大巴
总容量: 6.97 MB | 总垃圾: 3.28 MB | 整体垃圾率: 47.01%!
(MISSING)=========================================================
badger 2026/04/17 16:02:38 INFO: Lifetime L0 stalled for: 0s
badger 2026/04/17 16:02:38 INFO: 
Level 0 [ ]: NumTables: 05. Size: 7.5 MiB of 0 B. Score: 1.00->1.20 StaleData: 0 B Target FileSize: 4.0 MiB
Level 1 [ ]: NumTables: 00. Size: 0 B of 33 MiB. Score: 0.00->0.00 StaleData: 0 B Target FileSize: 4.0 MiB
Level 2 [ ]: NumTables: 00. Size: 0 B of 66 MiB. Score: 0.00->0.00 StaleData: 0 B Target FileSize: 8.0 MiB
Level 3 [ ]: NumTables: 00. Size: 0 B of 133 MiB. Score: 0.00->0.00 StaleData: 0 B Target FileSize: 16 MiB
Level 4 [ ]: NumTables: 00. Size: 0 B of 266 MiB. Score: 0.00->0.00 StaleData: 0 B Target FileSize: 32 MiB
Level 5 [B]: NumTables: 14. Size: 443 MiB of 532 MiB. Score: 0.00->0.00 StaleData: 0 B Target FileSize: 64 MiB
Level 6 [ ]: NumTables: 60. Size: 1.0 GiB of 1.0 GiB. Score: 0.00->0.00 StaleData: 0 B Target FileSize: 128 MiB
Level 98 [H]: NumTables: 02. Size: 1.1 MiB of ∞. Score: 0.00->0.00 StaleData: 0 B Target FileSize: ∞
    -> [SST 3616] Size: 670 KiB Range: [usertable:user0001679264] ~ [usertable:user0005699488]
    -> [SST 3619] Size: 440 KiB Range: [usertable:user0001679264] ~ [usertable:user0005699498]
Level 99 [H]: NumTables: 01. Size: 907 KiB of ∞. Score: 0.00->0.00 StaleData: 0 B Target FileSize: ∞
    -> [SST 3613] Size: 907 KiB Range: [usertable:user0001514396] ~ [usertable:user0013162178]
Level Done
HeatTree统计因为阻塞丢弃的key个数（DropCount）: 0.

=======================================================
🏆 [YCSB 终极结算] 压测及引擎落盘已全部完成
=======================================================
🎯 [分母] 纯应用层逻辑写入: 1599.71 MB
💿 [分子] OS内核级物理写入: 13031.32 MB  (13664329728 Bytes)
🔥 [核弹级数据] 最终系统级写放大 (System WA): 8.15 x
>>> [PHYSICAL_IO_RESULT] 13031.32
=======================================================

