=== 【Normal_Badger】 测试报告 ===
>>> --- Load Phase ---
🚀 [CoreWorkload] GPD 动态 Value 开关【已开启】! (k=0.2615, sigma=25.45)
Using request distribution 'mixgraph' a keyrange of [0 29999999]
badger 2026/04/10 18:08:05 INFO: All 0 tables opened in 0s
badger 2026/04/10 18:08:05 INFO: Discard stats nextEmptySlot: 0
badger 2026/04/10 18:08:05 INFO: Set nextTxnTs to 0
***************** properties *****************
"zeropadding"="10"
"badger.valuedir"="./zzl_badger_data"
"mixgraph.exp_a"="14.18"
"operationcount"="30000000"
"mixgraph.value_mu"="0"
"badger.num_compactors"="4"
"table"="usertable"
"fieldlength"="43 "
"mixgraph.exp_b"="-2.917"
"mixgraph.exp_c"="0.0164"
"mixgraph.value_sigma"="25.45"
"badger.sync_writes"="false"
"mixgraph.key_dist_a"="0.002312"
"requestdistribution"="mixgraph"
"mixgraph.gpd_value"="true"
"dotransactions"="false"
"insertorder"="ordered"
"threadcount"="16"
"recordcount"="30000000"
"fieldcount"="1"
";"="requestdistribution=zipfian"
"workload"="core"
"command"="load"
"mixgraph.key_dist_b"="0.3467"
"mixgraph.exp_d"="-0.08082"
"readallfields"="true"
"badger.dir"="./zzl_badger_data"
"mixgraph.num_regions"="100"
"mixgraph.value_k"="0.2615"
**********************************************
INSERT - Takes(s): 10.0, Count: 1396045, OPS: 139597.1, Avg(us): 112, Min(us): 3, Max(us): 10367, 50th(us): 91, 90th(us): 173, 95th(us): 209, 99th(us): 382, 99.9th(us): 1407, 99.99th(us): 4211
TOTAL  - Takes(s): 10.0, Count: 1396045, OPS: 139596.9, Avg(us): 112, Min(us): 3, Max(us): 10367, 50th(us): 91, 90th(us): 173, 95th(us): 209, 99th(us): 382, 99.9th(us): 1407, 99.99th(us): 4211
INSERT - Takes(s): 20.0, Count: 2821436, OPS: 141068.3, Avg(us): 111, Min(us): 2, Max(us): 10367, 50th(us): 90, 90th(us): 171, 95th(us): 206, 99th(us): 391, 99.9th(us): 1330, 99.99th(us): 3429
TOTAL  - Takes(s): 20.0, Count: 2821436, OPS: 141068.2, Avg(us): 111, Min(us): 2, Max(us): 10367, 50th(us): 90, 90th(us): 171, 95th(us): 206, 99th(us): 391, 99.9th(us): 1330, 99.99th(us): 3429
INSERT - Takes(s): 30.0, Count: 4242921, OPS: 141426.5, Avg(us): 110, Min(us): 2, Max(us): 10367, 50th(us): 90, 90th(us): 171, 95th(us): 206, 99th(us): 395, 99.9th(us): 1288, 99.99th(us): 3143
TOTAL  - Takes(s): 30.0, Count: 4242921, OPS: 141426.4, Avg(us): 110, Min(us): 2, Max(us): 10367, 50th(us): 90, 90th(us): 171, 95th(us): 206, 99th(us): 395, 99.9th(us): 1288, 99.99th(us): 3143
INSERT - Takes(s): 40.0, Count: 5642866, OPS: 141067.7, Avg(us): 111, Min(us): 2, Max(us): 18015, 50th(us): 90, 90th(us): 171, 95th(us): 207, 99th(us): 409, 99.9th(us): 1254, 99.99th(us): 2959
TOTAL  - Takes(s): 40.0, Count: 5642866, OPS: 141067.2, Avg(us): 111, Min(us): 2, Max(us): 18015, 50th(us): 90, 90th(us): 171, 95th(us): 207, 99th(us): 409, 99.9th(us): 1254, 99.99th(us): 2959
INSERT - Takes(s): 50.0, Count: 7045838, OPS: 140916.4, Avg(us): 111, Min(us): 2, Max(us): 18015, 50th(us): 90, 90th(us): 171, 95th(us): 208, 99th(us): 412, 99.9th(us): 1222, 99.99th(us): 2899
TOTAL  - Takes(s): 50.0, Count: 7045838, OPS: 140916.3, Avg(us): 111, Min(us): 2, Max(us): 18015, 50th(us): 90, 90th(us): 171, 95th(us): 208, 99th(us): 412, 99.9th(us): 1222, 99.99th(us): 2899
INSERT - Takes(s): 60.0, Count: 8420669, OPS: 140343.4, Avg(us): 111, Min(us): 2, Max(us): 18015, 50th(us): 90, 90th(us): 172, 95th(us): 210, 99th(us): 422, 99.9th(us): 1189, 99.99th(us): 2731
TOTAL  - Takes(s): 60.0, Count: 8420669, OPS: 140343.8, Avg(us): 111, Min(us): 2, Max(us): 18015, 50th(us): 90, 90th(us): 172, 95th(us): 210, 99th(us): 422, 99.9th(us): 1189, 99.99th(us): 2731
INSERT - Takes(s): 70.0, Count: 9766048, OPS: 139513.1, Avg(us): 112, Min(us): 2, Max(us): 18015, 50th(us): 90, 90th(us): 173, 95th(us): 212, 99th(us): 432, 99.9th(us): 1168, 99.99th(us): 2823
TOTAL  - Takes(s): 70.0, Count: 9766048, OPS: 139513.0, Avg(us): 112, Min(us): 2, Max(us): 18015, 50th(us): 90, 90th(us): 173, 95th(us): 212, 99th(us): 432, 99.9th(us): 1168, 99.99th(us): 2823
INSERT - Takes(s): 80.0, Count: 11167878, OPS: 139598.1, Avg(us): 112, Min(us): 2, Max(us): 18015, 50th(us): 90, 90th(us): 172, 95th(us): 212, 99th(us): 432, 99.9th(us): 1129, 99.99th(us): 2823
TOTAL  - Takes(s): 80.0, Count: 11167878, OPS: 139598.4, Avg(us): 112, Min(us): 2, Max(us): 18015, 50th(us): 90, 90th(us): 172, 95th(us): 212, 99th(us): 432, 99.9th(us): 1129, 99.99th(us): 2823
INSERT - Takes(s): 90.0, Count: 12545210, OPS: 139390.2, Avg(us): 112, Min(us): 2, Max(us): 18015, 50th(us): 91, 90th(us): 173, 95th(us): 212, 99th(us): 431, 99.9th(us): 1116, 99.99th(us): 2659
TOTAL  - Takes(s): 90.0, Count: 12545210, OPS: 139390.5, Avg(us): 112, Min(us): 2, Max(us): 18015, 50th(us): 91, 90th(us): 173, 95th(us): 212, 99th(us): 431, 99.9th(us): 1116, 99.99th(us): 2659
INSERT - Takes(s): 100.0, Count: 13882603, OPS: 138825.5, Avg(us): 113, Min(us): 2, Max(us): 18015, 50th(us): 91, 90th(us): 174, 95th(us): 214, 99th(us): 433, 99.9th(us): 1111, 99.99th(us): 2737
TOTAL  - Takes(s): 100.0, Count: 13882603, OPS: 138825.5, Avg(us): 113, Min(us): 2, Max(us): 18015, 50th(us): 91, 90th(us): 174, 95th(us): 214, 99th(us): 433, 99.9th(us): 1111, 99.99th(us): 2737
INSERT - Takes(s): 110.0, Count: 15221448, OPS: 138375.5, Avg(us): 113, Min(us): 2, Max(us): 18015, 50th(us): 91, 90th(us): 174, 95th(us): 215, 99th(us): 438, 99.9th(us): 1107, 99.99th(us): 2615
TOTAL  - Takes(s): 110.0, Count: 15221447, OPS: 138375.7, Avg(us): 113, Min(us): 2, Max(us): 18015, 50th(us): 91, 90th(us): 174, 95th(us): 215, 99th(us): 438, 99.9th(us): 1107, 99.99th(us): 2615
INSERT - Takes(s): 120.0, Count: 16598372, OPS: 138319.4, Avg(us): 113, Min(us): 2, Max(us): 18015, 50th(us): 91, 90th(us): 174, 95th(us): 216, 99th(us): 441, 99.9th(us): 1096, 99.99th(us): 2445
TOTAL  - Takes(s): 120.0, Count: 16598372, OPS: 138319.3, Avg(us): 113, Min(us): 2, Max(us): 18015, 50th(us): 91, 90th(us): 174, 95th(us): 216, 99th(us): 441, 99.9th(us): 1096, 99.99th(us): 2445
INSERT - Takes(s): 130.0, Count: 18002760, OPS: 138481.6, Avg(us): 113, Min(us): 2, Max(us): 18015, 50th(us): 91, 90th(us): 174, 95th(us): 215, 99th(us): 441, 99.9th(us): 1085, 99.99th(us): 2421
TOTAL  - Takes(s): 130.0, Count: 18002760, OPS: 138481.9, Avg(us): 113, Min(us): 2, Max(us): 18015, 50th(us): 91, 90th(us): 174, 95th(us): 215, 99th(us): 441, 99.9th(us): 1085, 99.99th(us): 2421
INSERT - Takes(s): 140.0, Count: 19360551, OPS: 138287.2, Avg(us): 113, Min(us): 2, Max(us): 18015, 50th(us): 91, 90th(us): 174, 95th(us): 216, 99th(us): 443, 99.9th(us): 1084, 99.99th(us): 2413
TOTAL  - Takes(s): 140.0, Count: 19360551, OPS: 138286.7, Avg(us): 113, Min(us): 2, Max(us): 18015, 50th(us): 91, 90th(us): 174, 95th(us): 216, 99th(us): 443, 99.9th(us): 1084, 99.99th(us): 2413
INSERT - Takes(s): 150.0, Count: 20746472, OPS: 138309.6, Avg(us): 113, Min(us): 2, Max(us): 18015, 50th(us): 91, 90th(us): 174, 95th(us): 216, 99th(us): 443, 99.9th(us): 1079, 99.99th(us): 2415
TOTAL  - Takes(s): 150.0, Count: 20746472, OPS: 138309.5, Avg(us): 113, Min(us): 2, Max(us): 18015, 50th(us): 91, 90th(us): 174, 95th(us): 216, 99th(us): 443, 99.9th(us): 1079, 99.99th(us): 2415
INSERT - Takes(s): 160.0, Count: 22090901, OPS: 138067.7, Avg(us): 113, Min(us): 2, Max(us): 18015, 50th(us): 91, 90th(us): 174, 95th(us): 217, 99th(us): 445, 99.9th(us): 1081, 99.99th(us): 2415
TOTAL  - Takes(s): 160.0, Count: 22090901, OPS: 138067.7, Avg(us): 113, Min(us): 2, Max(us): 18015, 50th(us): 91, 90th(us): 174, 95th(us): 217, 99th(us): 445, 99.9th(us): 1081, 99.99th(us): 2415
INSERT - Takes(s): 170.0, Count: 23476451, OPS: 138096.1, Avg(us): 113, Min(us): 2, Max(us): 18015, 50th(us): 91, 90th(us): 174, 95th(us): 217, 99th(us): 445, 99.9th(us): 1079, 99.99th(us): 2421
TOTAL  - Takes(s): 170.0, Count: 23476451, OPS: 138096.1, Avg(us): 113, Min(us): 2, Max(us): 18015, 50th(us): 91, 90th(us): 174, 95th(us): 217, 99th(us): 445, 99.9th(us): 1079, 99.99th(us): 2421
INSERT - Takes(s): 180.0, Count: 24837408, OPS: 137985.2, Avg(us): 113, Min(us): 2, Max(us): 18015, 50th(us): 91, 90th(us): 175, 95th(us): 217, 99th(us): 446, 99.9th(us): 1077, 99.99th(us): 2527
TOTAL  - Takes(s): 180.0, Count: 24837408, OPS: 137985.1, Avg(us): 113, Min(us): 2, Max(us): 18015, 50th(us): 91, 90th(us): 175, 95th(us): 217, 99th(us): 446, 99.9th(us): 1077, 99.99th(us): 2527
INSERT - Takes(s): 190.0, Count: 26237493, OPS: 138091.2, Avg(us): 113, Min(us): 2, Max(us): 18015, 50th(us): 91, 90th(us): 174, 95th(us): 217, 99th(us): 446, 99.9th(us): 1071, 99.99th(us): 2419
TOTAL  - Takes(s): 190.0, Count: 26237493, OPS: 138091.4, Avg(us): 113, Min(us): 2, Max(us): 18015, 50th(us): 91, 90th(us): 174, 95th(us): 217, 99th(us): 446, 99.9th(us): 1071, 99.99th(us): 2419
INSERT - Takes(s): 200.0, Count: 27587725, OPS: 137937.7, Avg(us): 113, Min(us): 2, Max(us): 18015, 50th(us): 91, 90th(us): 175, 95th(us): 217, 99th(us): 448, 99.9th(us): 1066, 99.99th(us): 2371
TOTAL  - Takes(s): 200.0, Count: 27587725, OPS: 137937.7, Avg(us): 113, Min(us): 2, Max(us): 18015, 50th(us): 91, 90th(us): 175, 95th(us): 217, 99th(us): 448, 99.9th(us): 1066, 99.99th(us): 2371
INSERT - Takes(s): 210.0, Count: 28934982, OPS: 137785.5, Avg(us): 113, Min(us): 2, Max(us): 18015, 50th(us): 92, 90th(us): 175, 95th(us): 217, 99th(us): 447, 99.9th(us): 1065, 99.99th(us): 2395
TOTAL  - Takes(s): 210.0, Count: 28934982, OPS: 137785.4, Avg(us): 113, Min(us): 2, Max(us): 18015, 50th(us): 92, 90th(us): 175, 95th(us): 217, 99th(us): 447, 99.9th(us): 1065, 99.99th(us): 2395
**********************************************
Run finished, takes 3m38.346959108s
INSERT - Takes(s): 218.3, Count: 30000000, OPS: 137396.0, Avg(us): 114, Min(us): 2, Max(us): 21823, 50th(us): 92, 90th(us): 175, 95th(us): 218, 99th(us): 449, 99.9th(us): 1068, 99.99th(us): 2405
TOTAL  - Takes(s): 218.3, Count: 30000000, OPS: 137396.1, Avg(us): 114, Min(us): 2, Max(us): 21823, 50th(us): 92, 90th(us): 175, 95th(us): 218, 99th(us): 449, 99.9th(us): 1068, 99.99th(us): 2405
badger 2026/04/10 18:11:44 INFO: Lifetime L0 stalled for: 0s
badger 2026/04/10 18:11:44 INFO: 
Level 0 [ ]: NumTables: 03. Size: 4.5 MiB of 0 B. Score: 0.00->0.00 StaleData: 0 B Target FileSize: 4.0 MiB
Level 1 [ ]: NumTables: 00. Size: 0 B of 27 MiB. Score: 0.00->0.00 StaleData: 0 B Target FileSize: 4.0 MiB
Level 2 [ ]: NumTables: 00. Size: 0 B of 54 MiB. Score: 0.00->0.00 StaleData: 0 B Target FileSize: 8.0 MiB
Level 3 [ ]: NumTables: 00. Size: 0 B of 108 MiB. Score: 0.00->0.00 StaleData: 0 B Target FileSize: 16 MiB
Level 4 [B]: NumTables: 13. Size: 214 MiB of 217 MiB. Score: 0.00->0.00 StaleData: 0 B Target FileSize: 32 MiB
Level 5 [ ]: NumTables: 25. Size: 413 MiB of 433 MiB. Score: 0.00->0.00 StaleData: 0 B Target FileSize: 64 MiB
Level 6 [ ]: NumTables: 73. Size: 866 MiB of 866 MiB. Score: 0.00->0.00 StaleData: 0 B Target FileSize: 128 MiB
Level Done

=======================================================
🏆 [YCSB 终极结算] 压测及引擎落盘已全部完成
=======================================================
🎯 [分母] 纯应用层逻辑写入: 1779.79 MB
💿 [分子] OS内核级物理写入: 9669.58 MB  (10139291648 Bytes)
🔥 [核弹级数据] 最终系统级写放大 (System WA): 5.43 x
>>> [PHYSICAL_IO_RESULT] 9669.58
=======================================================

>>> --- Run Phase ---
🚀 [CoreWorkload] GPD 动态 Value 开关【已开启】! (k=0.2615, sigma=25.45)
Using request distribution 'mixgraph' a keyrange of [0 29999999]
badger 2026/04/10 18:11:45 INFO: All 114 tables opened in 88ms
badger 2026/04/10 18:11:45 INFO: Discard stats nextEmptySlot: 0
badger 2026/04/10 18:11:45 INFO: Set nextTxnTs to 30000000
***************** properties *****************
"mixgraph.key_dist_a"="0.002312"
"recordcount"="30000000"
"operationcount"="30000000"
"command"="run"
"badger.num_compactors"="4"
"badger.dir"="./zzl_badger_data"
"mixgraph.key_dist_b"="0.3467"
"mixgraph.num_regions"="100"
"mixgraph.value_mu"="0"
"requestdistribution"="mixgraph"
"mixgraph.value_k"="0.2615"
"threadcount"="16"
"zeropadding"="10"
"mixgraph.gpd_value"="true"
"readallfields"="true"
"mixgraph.exp_c"="0.0164"
"badger.valuedir"="./zzl_badger_data"
"fieldlength"="43 "
"insertorder"="ordered"
"table"="usertable"
"mixgraph.value_sigma"="25.45"
"mixgraph.exp_b"="-2.917"
"badger.sync_writes"="false"
";"="requestdistribution=zipfian"
"mixgraph.exp_a"="14.18"
"mixgraph.exp_d"="-0.08082"
"workload"="core"
"fieldcount"="1"
"dotransactions"="true"
**********************************************
READ   - Takes(s): 10.0, Count: 59043, OPS: 5905.0, Avg(us): 209, Min(us): 4, Max(us): 80063, 50th(us): 174, 90th(us): 373, 95th(us): 474, 99th(us): 810, 99.9th(us): 2089, 99.99th(us): 9679
TOTAL  - Takes(s): 10.0, Count: 583719, OPS: 58370.0, Avg(us): 268, Min(us): 4, Max(us): 143359, 50th(us): 216, 90th(us): 444, 95th(us): 568, 99th(us): 946, 99.9th(us): 2483, 99.99th(us): 75071
UPDATE - Takes(s): 10.0, Count: 524676, OPS: 52464.7, Avg(us): 275, Min(us): 5, Max(us): 143359, 50th(us): 221, 90th(us): 450, 95th(us): 578, 99th(us): 958, 99.9th(us): 2551, 99.99th(us): 75135
UPDATE_ERROR - Takes(s): 10.0, Count: 5143, OPS: 515.8, Avg(us): 248, Min(us): 10, Max(us): 19407, 50th(us): 216, 90th(us): 408, 95th(us): 510, 99th(us): 846, 99.9th(us): 2705, 99.99th(us): 7171
READ   - Takes(s): 20.0, Count: 118313, OPS: 5915.8, Avg(us): 202, Min(us): 3, Max(us): 101375, 50th(us): 170, 90th(us): 362, 95th(us): 446, 99th(us): 737, 99.9th(us): 1635, 99.99th(us): 19055
TOTAL  - Takes(s): 20.0, Count: 1170460, OPS: 58518.6, Avg(us): 267, Min(us): 3, Max(us): 143359, 50th(us): 215, 90th(us): 438, 95th(us): 547, 99th(us): 885, 99.9th(us): 2317, 99.99th(us): 75135
UPDATE - Takes(s): 20.0, Count: 1052147, OPS: 52603.2, Avg(us): 274, Min(us): 5, Max(us): 143359, 50th(us): 220, 90th(us): 446, 95th(us): 556, 99th(us): 898, 99.9th(us): 2405, 99.99th(us): 80127
UPDATE_ERROR - Takes(s): 20.0, Count: 10194, OPS: 510.4, Avg(us): 241, Min(us): 8, Max(us): 19407, 50th(us): 212, 90th(us): 401, 95th(us): 493, 99th(us): 818, 99.9th(us): 2503, 99.99th(us): 10839
READ   - Takes(s): 30.0, Count: 180441, OPS: 6014.9, Avg(us): 198, Min(us): 3, Max(us): 101375, 50th(us): 169, 90th(us): 354, 95th(us): 429, 99th(us): 690, 99.9th(us): 1495, 99.99th(us): 9799
TOTAL  - Takes(s): 30.0, Count: 1783994, OPS: 59465.5, Avg(us): 263, Min(us): 3, Max(us): 143359, 50th(us): 213, 90th(us): 425, 95th(us): 523, 99th(us): 841, 99.9th(us): 2147, 99.99th(us): 73407
UPDATE - Takes(s): 30.0, Count: 1603553, OPS: 53450.6, Avg(us): 270, Min(us): 4, Max(us): 143359, 50th(us): 218, 90th(us): 432, 95th(us): 532, 99th(us): 853, 99.9th(us): 2253, 99.99th(us): 74175
UPDATE_ERROR - Takes(s): 30.0, Count: 15805, OPS: 527.4, Avg(us): 235, Min(us): 8, Max(us): 19407, 50th(us): 210, 90th(us): 392, 95th(us): 473, 99th(us): 785, 99.9th(us): 2029, 99.99th(us): 7171
READ   - Takes(s): 40.0, Count: 241341, OPS: 6033.7, Avg(us): 197, Min(us): 3, Max(us): 101375, 50th(us): 169, 90th(us): 355, 95th(us): 428, 99th(us): 674, 99.9th(us): 1403, 99.99th(us): 9583
TOTAL  - Takes(s): 40.0, Count: 2389475, OPS: 59736.4, Avg(us): 262, Min(us): 3, Max(us): 143359, 50th(us): 213, 90th(us): 425, 95th(us): 520, 99th(us): 826, 99.9th(us): 2013, 99.99th(us): 71871
UPDATE - Takes(s): 40.0, Count: 2148134, OPS: 53702.6, Avg(us): 269, Min(us): 4, Max(us): 143359, 50th(us): 218, 90th(us): 432, 95th(us): 529, 99th(us): 838, 99.9th(us): 2107, 99.99th(us): 72447
UPDATE_ERROR - Takes(s): 40.0, Count: 21269, OPS: 532.1, Avg(us): 233, Min(us): 8, Max(us): 19407, 50th(us): 210, 90th(us): 390, 95th(us): 467, 99th(us): 747, 99.9th(us): 1746, 99.99th(us): 7171
READ   - Takes(s): 50.0, Count: 304117, OPS: 6082.3, Avg(us): 196, Min(us): 3, Max(us): 101375, 50th(us): 167, 90th(us): 353, 95th(us): 424, 99th(us): 662, 99.9th(us): 1342, 99.99th(us): 9679
TOTAL  - Takes(s): 50.0, Count: 3016355, OPS: 60325.1, Avg(us): 259, Min(us): 3, Max(us): 143359, 50th(us): 212, 90th(us): 423, 95th(us): 516, 99th(us): 815, 99.9th(us): 1898, 99.99th(us): 71359
UPDATE - Takes(s): 50.0, Count: 2712238, OPS: 54242.7, Avg(us): 266, Min(us): 4, Max(us): 143359, 50th(us): 217, 90th(us): 429, 95th(us): 524, 99th(us): 828, 99.9th(us): 1981, 99.99th(us): 72127
UPDATE_ERROR - Takes(s): 50.0, Count: 26881, OPS: 537.9, Avg(us): 230, Min(us): 8, Max(us): 19407, 50th(us): 208, 90th(us): 387, 95th(us): 460, 99th(us): 735, 99.9th(us): 1624, 99.99th(us): 6455
READ   - Takes(s): 60.0, Count: 363098, OPS: 6051.7, Avg(us): 197, Min(us): 3, Max(us): 105727, 50th(us): 168, 90th(us): 353, 95th(us): 423, 99th(us): 655, 99.9th(us): 1316, 99.99th(us): 19807
TOTAL  - Takes(s): 60.0, Count: 3602161, OPS: 60035.6, Avg(us): 260, Min(us): 3, Max(us): 143359, 50th(us): 213, 90th(us): 423, 95th(us): 515, 99th(us): 809, 99.9th(us): 1842, 99.99th(us): 67583
UPDATE - Takes(s): 60.0, Count: 3239063, OPS: 53983.8, Avg(us): 268, Min(us): 4, Max(us): 143359, 50th(us): 218, 90th(us): 430, 95th(us): 523, 99th(us): 822, 99.9th(us): 1931, 99.99th(us): 72063
UPDATE_ERROR - Takes(s): 60.0, Count: 32033, OPS: 534.1, Avg(us): 230, Min(us): 8, Max(us): 19407, 50th(us): 209, 90th(us): 388, 95th(us): 460, 99th(us): 721, 99.9th(us): 1581, 99.99th(us): 6455
READ   - Takes(s): 70.0, Count: 424070, OPS: 6058.2, Avg(us): 197, Min(us): 3, Max(us): 105727, 50th(us): 169, 90th(us): 353, 95th(us): 423, 99th(us): 657, 99.9th(us): 1307, 99.99th(us): 19807
TOTAL  - Takes(s): 70.0, Count: 4204749, OPS: 60067.1, Avg(us): 260, Min(us): 3, Max(us): 143359, 50th(us): 214, 90th(us): 423, 95th(us): 515, 99th(us): 812, 99.9th(us): 1783, 99.99th(us): 67391
UPDATE - Takes(s): 70.0, Count: 3780679, OPS: 54008.9, Avg(us): 267, Min(us): 4, Max(us): 143359, 50th(us): 218, 90th(us): 430, 95th(us): 523, 99th(us): 825, 99.9th(us): 1854, 99.99th(us): 68031
UPDATE_ERROR - Takes(s): 70.0, Count: 37454, OPS: 535.3, Avg(us): 231, Min(us): 8, Max(us): 19407, 50th(us): 210, 90th(us): 389, 95th(us): 461, 99th(us): 723, 99.9th(us): 1552, 99.99th(us): 6063
READ   - Takes(s): 80.0, Count: 485013, OPS: 6062.7, Avg(us): 197, Min(us): 3, Max(us): 105727, 50th(us): 169, 90th(us): 352, 95th(us): 422, 99th(us): 650, 99.9th(us): 1265, 99.99th(us): 9543
TOTAL  - Takes(s): 80.0, Count: 4809178, OPS: 60114.3, Avg(us): 260, Min(us): 3, Max(us): 143359, 50th(us): 214, 90th(us): 422, 95th(us): 514, 99th(us): 806, 99.9th(us): 1764, 99.99th(us): 67135
UPDATE - Takes(s): 80.0, Count: 4324165, OPS: 54051.5, Avg(us): 267, Min(us): 4, Max(us): 143359, 50th(us): 219, 90th(us): 429, 95th(us): 522, 99th(us): 819, 99.9th(us): 1835, 99.99th(us): 67647
UPDATE_ERROR - Takes(s): 80.0, Count: 42735, OPS: 534.4, Avg(us): 230, Min(us): 8, Max(us): 19407, 50th(us): 210, 90th(us): 389, 95th(us): 460, 99th(us): 714, 99.9th(us): 1499, 99.99th(us): 6063
badger 2026/04/10 18:13:11 INFO: [2] [E] LOG Compact 0->4 (5, 11 -> 11 tables with 4 splits). [01540 01541 01542 01543 01544 . 01529 01530 01535 01531 01536 01537 01533 01538 01539 01532 01534 .] -> [01545 01546 01551 01548 01552 01553 01549 01554 01555 01547 01550 .], took 2.074s
, deleted 9564974 bytes
READ   - Takes(s): 90.0, Count: 538080, OPS: 5978.7, Avg(us): 197, Min(us): 2, Max(us): 207359, 50th(us): 168, 90th(us): 351, 95th(us): 419, 99th(us): 642, 99.9th(us): 1263, 99.99th(us): 10943
TOTAL  - Takes(s): 90.0, Count: 5337571, OPS: 59305.8, Avg(us): 264, Min(us): 2, Max(us): 449535, 50th(us): 213, 90th(us): 421, 95th(us): 511, 99th(us): 799, 99.9th(us): 1772, 99.99th(us): 68671
UPDATE - Takes(s): 90.0, Count: 4799491, OPS: 53327.2, Avg(us): 271, Min(us): 4, Max(us): 449535, 50th(us): 218, 90th(us): 428, 95th(us): 519, 99th(us): 812, 99.9th(us): 1849, 99.99th(us): 72447
UPDATE_ERROR - Takes(s): 90.0, Count: 47283, OPS: 525.5, Avg(us): 229, Min(us): 8, Max(us): 19407, 50th(us): 209, 90th(us): 388, 95th(us): 458, 99th(us): 708, 99.9th(us): 1542, 99.99th(us): 5759
READ   - Takes(s): 100.0, Count: 599876, OPS: 5998.8, Avg(us): 197, Min(us): 2, Max(us): 207359, 50th(us): 169, 90th(us): 351, 95th(us): 419, 99th(us): 637, 99.9th(us): 1241, 99.99th(us): 10943
TOTAL  - Takes(s): 100.0, Count: 5945491, OPS: 59454.9, Avg(us): 263, Min(us): 2, Max(us): 449535, 50th(us): 214, 90th(us): 420, 95th(us): 510, 99th(us): 793, 99.9th(us): 1736, 99.99th(us): 68031
UPDATE - Takes(s): 100.0, Count: 5345615, OPS: 53455.7, Avg(us): 270, Min(us): 4, Max(us): 449535, 50th(us): 219, 90th(us): 427, 95th(us): 518, 99th(us): 806, 99.9th(us): 1798, 99.99th(us): 71551
UPDATE_ERROR - Takes(s): 100.0, Count: 52680, OPS: 527.0, Avg(us): 231, Min(us): 8, Max(us): 76159, 50th(us): 210, 90th(us): 388, 95th(us): 458, 99th(us): 703, 99.9th(us): 1530, 99.99th(us): 6063
READ   - Takes(s): 110.0, Count: 662154, OPS: 6019.6, Avg(us): 197, Min(us): 2, Max(us): 207359, 50th(us): 169, 90th(us): 351, 95th(us): 419, 99th(us): 632, 99.9th(us): 1219, 99.99th(us): 9679
TOTAL  - Takes(s): 110.0, Count: 6560105, OPS: 59636.8, Avg(us): 262, Min(us): 2, Max(us): 449535, 50th(us): 214, 90th(us): 420, 95th(us): 509, 99th(us): 790, 99.9th(us): 1713, 99.99th(us): 67903
UPDATE - Takes(s): 110.0, Count: 5897951, OPS: 53617.2, Avg(us): 270, Min(us): 4, Max(us): 449535, 50th(us): 218, 90th(us): 427, 95th(us): 517, 99th(us): 803, 99.9th(us): 1779, 99.99th(us): 68863
UPDATE_ERROR - Takes(s): 110.0, Count: 58289, OPS: 530.0, Avg(us): 232, Min(us): 8, Max(us): 76159, 50th(us): 210, 90th(us): 388, 95th(us): 457, 99th(us): 702, 99.9th(us): 1499, 99.99th(us): 6307
READ   - Takes(s): 120.0, Count: 723481, OPS: 6029.1, Avg(us): 196, Min(us): 2, Max(us): 207359, 50th(us): 169, 90th(us): 351, 95th(us): 418, 99th(us): 627, 99.9th(us): 1213, 99.99th(us): 9543
TOTAL  - Takes(s): 120.0, Count: 7169082, OPS: 59742.1, Avg(us): 262, Min(us): 2, Max(us): 449535, 50th(us): 214, 90th(us): 420, 95th(us): 508, 99th(us): 787, 99.9th(us): 1708, 99.99th(us): 67967
UPDATE - Takes(s): 120.0, Count: 6445601, OPS: 53713.0, Avg(us): 269, Min(us): 4, Max(us): 449535, 50th(us): 218, 90th(us): 427, 95th(us): 517, 99th(us): 801, 99.9th(us): 1775, 99.99th(us): 71487
UPDATE_ERROR - Takes(s): 120.0, Count: 63555, OPS: 529.8, Avg(us): 231, Min(us): 8, Max(us): 76159, 50th(us): 210, 90th(us): 388, 95th(us): 457, 99th(us): 699, 99.9th(us): 1443, 99.99th(us): 6307
badger 2026/04/10 18:13:52 INFO: [2] [E] LOG Compact 0->4 (5, 11 -> 11 tables with 4 splits). [01733 01734 01735 01736 01737 . 01722 01723 01728 01726 01731 01732 01724 01729 01730 01725 01727 .] -> [01738 01739 01744 01742 01747 01748 01741 01745 01746 01740 01743 .], took 2.177s
, deleted 9553076 bytes
READ   - Takes(s): 130.0, Count: 779510, OPS: 5996.3, Avg(us): 197, Min(us): 2, Max(us): 290303, 50th(us): 169, 90th(us): 352, 95th(us): 419, 99th(us): 626, 99.9th(us): 1208, 99.99th(us): 9351
TOTAL  - Takes(s): 130.0, Count: 7721441, OPS: 59395.4, Avg(us): 263, Min(us): 2, Max(us): 449535, 50th(us): 214, 90th(us): 421, 95th(us): 510, 99th(us): 787, 99.9th(us): 1698, 99.99th(us): 68031
UPDATE - Takes(s): 130.0, Count: 6941931, OPS: 53399.2, Avg(us): 271, Min(us): 4, Max(us): 449535, 50th(us): 219, 90th(us): 428, 95th(us): 518, 99th(us): 801, 99.9th(us): 1761, 99.99th(us): 71423
UPDATE_ERROR - Takes(s): 130.0, Count: 68464, OPS: 526.8, Avg(us): 231, Min(us): 8, Max(us): 76159, 50th(us): 210, 90th(us): 389, 95th(us): 457, 99th(us): 698, 99.9th(us): 1431, 99.99th(us): 6063
READ   - Takes(s): 140.0, Count: 825072, OPS: 5893.4, Avg(us): 200, Min(us): 1, Max(us): 578047, 50th(us): 170, 90th(us): 355, 95th(us): 423, 99th(us): 634, 99.9th(us): 1219, 99.99th(us): 9583
TOTAL  - Takes(s): 140.0, Count: 8170127, OPS: 58357.7, Avg(us): 268, Min(us): 1, Max(us): 578559, 50th(us): 215, 90th(us): 425, 95th(us): 515, 99th(us): 796, 99.9th(us): 1738, 99.99th(us): 71743
UPDATE - Takes(s): 140.0, Count: 7345055, OPS: 52464.3, Avg(us): 276, Min(us): 4, Max(us): 578559, 50th(us): 220, 90th(us): 432, 95th(us): 524, 99th(us): 809, 99.9th(us): 1804, 99.99th(us): 73151
UPDATE_ERROR - Takes(s): 140.0, Count: 72384, OPS: 517.1, Avg(us): 233, Min(us): 8, Max(us): 76159, 50th(us): 211, 90th(us): 392, 95th(us): 462, 99th(us): 704, 99.9th(us): 1520, 99.99th(us): 6307
badger 2026/04/10 18:14:05 INFO: [2] [E] LOG Compact 0->4 (5, 11 -> 11 tables with 4 splits). [01781 01782 01783 01784 01785 . 01770 01771 01776 01774 01779 01780 01772 01777 01778 01773 01775 .] -> [01786 01787 01792 01790 01795 01796 01789 01793 01794 01788 01791 .], took 2.188s
, deleted 9534859 bytes
READ   - Takes(s): 150.0, Count: 887917, OPS: 5919.5, Avg(us): 200, Min(us): 1, Max(us): 578047, 50th(us): 170, 90th(us): 355, 95th(us): 422, 99th(us): 631, 99.9th(us): 1214, 99.99th(us): 9799
TOTAL  - Takes(s): 150.0, Count: 8788182, OPS: 58587.4, Avg(us): 267, Min(us): 1, Max(us): 578559, 50th(us): 215, 90th(us): 424, 95th(us): 514, 99th(us): 792, 99.9th(us): 1722, 99.99th(us): 69055
UPDATE - Takes(s): 150.0, Count: 7900265, OPS: 52667.9, Avg(us): 275, Min(us): 4, Max(us): 578559, 50th(us): 220, 90th(us): 431, 95th(us): 522, 99th(us): 805, 99.9th(us): 1787, 99.99th(us): 72255
UPDATE_ERROR - Takes(s): 150.0, Count: 77939, OPS: 519.7, Avg(us): 233, Min(us): 8, Max(us): 76159, 50th(us): 212, 90th(us): 391, 95th(us): 462, 99th(us): 701, 99.9th(us): 1497, 99.99th(us): 6063
READ   - Takes(s): 160.0, Count: 952431, OPS: 5952.7, Avg(us): 199, Min(us): 1, Max(us): 578047, 50th(us): 170, 90th(us): 354, 95th(us): 421, 99th(us): 626, 99.9th(us): 1209, 99.99th(us): 9583
TOTAL  - Takes(s): 160.0, Count: 9429248, OPS: 58932.3, Avg(us): 265, Min(us): 1, Max(us): 578559, 50th(us): 215, 90th(us): 423, 95th(us): 511, 99th(us): 787, 99.9th(us): 1690, 99.99th(us): 68095
UPDATE - Takes(s): 160.0, Count: 8476817, OPS: 52979.6, Avg(us): 273, Min(us): 4, Max(us): 578559, 50th(us): 220, 90th(us): 429, 95th(us): 520, 99th(us): 800, 99.9th(us): 1753, 99.99th(us): 69695
UPDATE_ERROR - Takes(s): 160.0, Count: 83604, OPS: 522.6, Avg(us): 233, Min(us): 8, Max(us): 76159, 50th(us): 212, 90th(us): 390, 95th(us): 460, 99th(us): 697, 99.9th(us): 1478, 99.99th(us): 6063
READ   - Takes(s): 170.0, Count: 1016638, OPS: 5980.3, Avg(us): 198, Min(us): 1, Max(us): 578047, 50th(us): 170, 90th(us): 353, 95th(us): 419, 99th(us): 623, 99.9th(us): 1198, 99.99th(us): 9351
TOTAL  - Takes(s): 170.0, Count: 10068077, OPS: 59223.8, Avg(us): 264, Min(us): 1, Max(us): 578559, 50th(us): 215, 90th(us): 421, 95th(us): 509, 99th(us): 783, 99.9th(us): 1676, 99.99th(us): 67583
UPDATE - Takes(s): 170.0, Count: 9051439, OPS: 53243.5, Avg(us): 272, Min(us): 4, Max(us): 578559, 50th(us): 220, 90th(us): 428, 95th(us): 518, 99th(us): 796, 99.9th(us): 1734, 99.99th(us): 68671
UPDATE_ERROR - Takes(s): 170.0, Count: 89216, OPS: 524.9, Avg(us): 232, Min(us): 8, Max(us): 76159, 50th(us): 212, 90th(us): 389, 95th(us): 458, 99th(us): 694, 99.9th(us): 1464, 99.99th(us): 5759
READ   - Takes(s): 180.0, Count: 1071978, OPS: 5955.4, Avg(us): 198, Min(us): 1, Max(us): 578047, 50th(us): 170, 90th(us): 353, 95th(us): 419, 99th(us): 620, 99.9th(us): 1190, 99.99th(us): 8159
TOTAL  - Takes(s): 180.0, Count: 10614567, OPS: 58969.6, Avg(us): 265, Min(us): 1, Max(us): 578559, 50th(us): 215, 90th(us): 421, 95th(us): 508, 99th(us): 779, 99.9th(us): 1666, 99.99th(us): 68671
UPDATE - Takes(s): 180.0, Count: 9542589, OPS: 53014.1, Avg(us): 273, Min(us): 4, Max(us): 578559, 50th(us): 220, 90th(us): 427, 95th(us): 516, 99th(us): 793, 99.9th(us): 1723, 99.99th(us): 71551
UPDATE_ERROR - Takes(s): 180.0, Count: 94179, OPS: 523.3, Avg(us): 236, Min(us): 5, Max(us): 384511, 50th(us): 212, 90th(us): 389, 95th(us): 458, 99th(us): 693, 99.9th(us): 1460, 99.99th(us): 6063
READ   - Takes(s): 190.0, Count: 1136224, OPS: 5980.1, Avg(us): 198, Min(us): 1, Max(us): 578047, 50th(us): 170, 90th(us): 352, 95th(us): 418, 99th(us): 617, 99.9th(us): 1180, 99.99th(us): 7091
TOTAL  - Takes(s): 190.0, Count: 11244877, OPS: 59183.5, Avg(us): 264, Min(us): 1, Max(us): 578559, 50th(us): 215, 90th(us): 420, 95th(us): 507, 99th(us): 777, 99.9th(us): 1655, 99.99th(us): 68095
UPDATE - Takes(s): 190.0, Count: 10108653, OPS: 53203.3, Avg(us): 272, Min(us): 4, Max(us): 578559, 50th(us): 220, 90th(us): 427, 95th(us): 515, 99th(us): 790, 99.9th(us): 1707, 99.99th(us): 69439
UPDATE_ERROR - Takes(s): 190.0, Count: 99830, OPS: 525.5, Avg(us): 236, Min(us): 5, Max(us): 384511, 50th(us): 213, 90th(us): 388, 95th(us): 457, 99th(us): 691, 99.9th(us): 1464, 99.99th(us): 6063
READ   - Takes(s): 200.0, Count: 1197101, OPS: 5985.5, Avg(us): 197, Min(us): 1, Max(us): 578047, 50th(us): 170, 90th(us): 351, 95th(us): 417, 99th(us): 614, 99.9th(us): 1173, 99.99th(us): 6867
TOTAL  - Takes(s): 200.0, Count: 11846722, OPS: 59233.3, Avg(us): 264, Min(us): 1, Max(us): 578559, 50th(us): 215, 90th(us): 419, 95th(us): 506, 99th(us): 774, 99.9th(us): 1644, 99.99th(us): 68095
UPDATE - Takes(s): 200.0, Count: 10649621, OPS: 53247.8, Avg(us): 272, Min(us): 4, Max(us): 578559, 50th(us): 219, 90th(us): 426, 95th(us): 514, 99th(us): 787, 99.9th(us): 1696, 99.99th(us): 69695
UPDATE_ERROR - Takes(s): 200.0, Count: 105092, OPS: 525.5, Avg(us): 238, Min(us): 5, Max(us): 384511, 50th(us): 212, 90th(us): 387, 95th(us): 456, 99th(us): 688, 99.9th(us): 1464, 99.99th(us): 6063
badger 2026/04/10 18:15:05 INFO: [2] [E] LOG Compact 0->4 (5, 11 -> 11 tables with 4 splits). [02069 02070 02071 02072 02073 . 02058 02059 02064 02062 02067 02068 02061 02065 02066 02060 02063 .] -> [02074 02075 02080 02078 02082 02083 02077 02084 02085 02076 02079 .], took 2.111s
, deleted 9544559 bytes
READ   - Takes(s): 210.0, Count: 1256979, OPS: 5985.6, Avg(us): 198, Min(us): 1, Max(us): 578047, 50th(us): 171, 90th(us): 352, 95th(us): 418, 99th(us): 614, 99.9th(us): 1171, 99.99th(us): 6651
TOTAL  - Takes(s): 210.0, Count: 12443114, OPS: 59252.7, Avg(us): 264, Min(us): 1, Max(us): 578559, 50th(us): 215, 90th(us): 419, 95th(us): 506, 99th(us): 774, 99.9th(us): 1645, 99.99th(us): 68095
UPDATE - Takes(s): 210.0, Count: 11186135, OPS: 53267.1, Avg(us): 271, Min(us): 4, Max(us): 578559, 50th(us): 220, 90th(us): 426, 95th(us): 514, 99th(us): 787, 99.9th(us): 1698, 99.99th(us): 69567
UPDATE_ERROR - Takes(s): 210.0, Count: 110459, OPS: 526.1, Avg(us): 238, Min(us): 5, Max(us): 384511, 50th(us): 213, 90th(us): 388, 95th(us): 456, 99th(us): 688, 99.9th(us): 1443, 99.99th(us): 6307
READ   - Takes(s): 220.0, Count: 1319998, OPS: 6000.0, Avg(us): 197, Min(us): 1, Max(us): 578047, 50th(us): 171, 90th(us): 351, 95th(us): 417, 99th(us): 614, 99.9th(us): 1168, 99.99th(us): 6943
TOTAL  - Takes(s): 220.0, Count: 13066538, OPS: 59393.2, Avg(us): 263, Min(us): 1, Max(us): 578559, 50th(us): 215, 90th(us): 419, 95th(us): 505, 99th(us): 772, 99.9th(us): 1641, 99.99th(us): 67711
UPDATE - Takes(s): 220.0, Count: 11746540, OPS: 53393.1, Avg(us): 271, Min(us): 4, Max(us): 578559, 50th(us): 220, 90th(us): 425, 95th(us): 513, 99th(us): 786, 99.9th(us): 1693, 99.99th(us): 68671
UPDATE_ERROR - Takes(s): 220.0, Count: 115881, OPS: 526.8, Avg(us): 238, Min(us): 5, Max(us): 384511, 50th(us): 213, 90th(us): 387, 95th(us): 455, 99th(us): 685, 99.9th(us): 1426, 99.99th(us): 6063
READ   - Takes(s): 230.0, Count: 1378360, OPS: 5992.9, Avg(us): 197, Min(us): 1, Max(us): 578047, 50th(us): 171, 90th(us): 351, 95th(us): 417, 99th(us): 612, 99.9th(us): 1160, 99.99th(us): 6943
TOTAL  - Takes(s): 230.0, Count: 13641715, OPS: 59311.6, Avg(us): 264, Min(us): 1, Max(us): 578559, 50th(us): 215, 90th(us): 418, 95th(us): 504, 99th(us): 771, 99.9th(us): 1642, 99.99th(us): 67839
UPDATE - Takes(s): 230.0, Count: 12263355, OPS: 53318.7, Avg(us): 271, Min(us): 4, Max(us): 578559, 50th(us): 220, 90th(us): 425, 95th(us): 513, 99th(us): 784, 99.9th(us): 1696, 99.99th(us): 68927
UPDATE_ERROR - Takes(s): 230.0, Count: 120932, OPS: 525.9, Avg(us): 240, Min(us): 5, Max(us): 384511, 50th(us): 213, 90th(us): 387, 95th(us): 455, 99th(us): 683, 99.9th(us): 1443, 99.99th(us): 6455
READ   - Takes(s): 240.0, Count: 1442014, OPS: 6008.4, Avg(us): 196, Min(us): 1, Max(us): 578047, 50th(us): 170, 90th(us): 350, 95th(us): 416, 99th(us): 611, 99.9th(us): 1157, 99.99th(us): 7091
TOTAL  - Takes(s): 240.0, Count: 14273621, OPS: 59472.9, Avg(us): 263, Min(us): 1, Max(us): 578559, 50th(us): 214, 90th(us): 417, 95th(us): 503, 99th(us): 769, 99.9th(us): 1643, 99.99th(us): 67711
UPDATE - Takes(s): 240.0, Count: 12831607, OPS: 53464.6, Avg(us): 270, Min(us): 4, Max(us): 578559, 50th(us): 219, 90th(us): 424, 95th(us): 512, 99th(us): 783, 99.9th(us): 1698, 99.99th(us): 68671
UPDATE_ERROR - Takes(s): 240.0, Count: 126471, OPS: 527.0, Avg(us): 240, Min(us): 5, Max(us): 384511, 50th(us): 212, 90th(us): 386, 95th(us): 454, 99th(us): 681, 99.9th(us): 1443, 99.99th(us): 6455
READ   - Takes(s): 250.0, Count: 1505777, OPS: 6023.1, Avg(us): 196, Min(us): 1, Max(us): 578047, 50th(us): 170, 90th(us): 349, 95th(us): 415, 99th(us): 610, 99.9th(us): 1155, 99.99th(us): 7091
TOTAL  - Takes(s): 250.0, Count: 14903466, OPS: 59613.6, Avg(us): 262, Min(us): 1, Max(us): 578559, 50th(us): 214, 90th(us): 417, 95th(us): 503, 99th(us): 769, 99.9th(us): 1646, 99.99th(us): 67647
UPDATE - Takes(s): 250.0, Count: 13397689, OPS: 53590.5, Avg(us): 270, Min(us): 4, Max(us): 578559, 50th(us): 219, 90th(us): 424, 95th(us): 511, 99th(us): 782, 99.9th(us): 1702, 99.99th(us): 68543
UPDATE_ERROR - Takes(s): 250.0, Count: 132011, OPS: 528.1, Avg(us): 240, Min(us): 5, Max(us): 384511, 50th(us): 212, 90th(us): 385, 95th(us): 453, 99th(us): 682, 99.9th(us): 1442, 99.99th(us): 10839
READ   - Takes(s): 260.0, Count: 1561159, OPS: 6004.5, Avg(us): 197, Min(us): 1, Max(us): 578047, 50th(us): 170, 90th(us): 350, 95th(us): 415, 99th(us): 610, 99.9th(us): 1154, 99.99th(us): 7811
TOTAL  - Takes(s): 260.0, Count: 15449920, OPS: 59422.6, Avg(us): 263, Min(us): 1, Max(us): 578559, 50th(us): 214, 90th(us): 417, 95th(us): 503, 99th(us): 769, 99.9th(us): 1646, 99.99th(us): 68095
UPDATE - Takes(s): 260.0, Count: 13888761, OPS: 53418.1, Avg(us): 271, Min(us): 3, Max(us): 578559, 50th(us): 219, 90th(us): 424, 95th(us): 511, 99th(us): 783, 99.9th(us): 1703, 99.99th(us): 69759
UPDATE_ERROR - Takes(s): 260.0, Count: 136786, OPS: 526.2, Avg(us): 243, Min(us): 5, Max(us): 384511, 50th(us): 212, 90th(us): 386, 95th(us): 454, 99th(us): 682, 99.9th(us): 1447, 99.99th(us): 23135
READ   - Takes(s): 270.0, Count: 1616826, OPS: 5988.3, Avg(us): 197, Min(us): 1, Max(us): 578047, 50th(us): 170, 90th(us): 351, 95th(us): 417, 99th(us): 614, 99.9th(us): 1159, 99.99th(us): 7355
TOTAL  - Takes(s): 270.0, Count: 16000814, OPS: 59262.0, Avg(us): 264, Min(us): 1, Max(us): 578559, 50th(us): 215, 90th(us): 419, 95th(us): 506, 99th(us): 775, 99.9th(us): 1660, 99.99th(us): 68031
UPDATE - Takes(s): 270.0, Count: 14383988, OPS: 53273.8, Avg(us): 271, Min(us): 3, Max(us): 578559, 50th(us): 219, 90th(us): 426, 95th(us): 514, 99th(us): 788, 99.9th(us): 1718, 99.99th(us): 69567
UPDATE_ERROR - Takes(s): 270.0, Count: 141722, OPS: 525.0, Avg(us): 244, Min(us): 5, Max(us): 384511, 50th(us): 212, 90th(us): 388, 95th(us): 457, 99th(us): 690, 99.9th(us): 1457, 99.99th(us): 23135
READ   - Takes(s): 280.0, Count: 1673700, OPS: 5977.5, Avg(us): 198, Min(us): 1, Max(us): 578047, 50th(us): 171, 90th(us): 352, 95th(us): 419, 99th(us): 618, 99.9th(us): 1165, 99.99th(us): 7091
TOTAL  - Takes(s): 280.0, Count: 16561712, OPS: 59148.7, Avg(us): 264, Min(us): 1, Max(us): 578559, 50th(us): 215, 90th(us): 421, 95th(us): 508, 99th(us): 778, 99.9th(us): 1672, 99.99th(us): 68351
UPDATE - Takes(s): 280.0, Count: 14888012, OPS: 53171.2, Avg(us): 272, Min(us): 3, Max(us): 578559, 50th(us): 220, 90th(us): 427, 95th(us): 516, 99th(us): 792, 99.9th(us): 1733, 99.99th(us): 71167
UPDATE_ERROR - Takes(s): 280.0, Count: 146750, OPS: 524.2, Avg(us): 244, Min(us): 5, Max(us): 384511, 50th(us): 213, 90th(us): 390, 95th(us): 459, 99th(us): 693, 99.9th(us): 1510, 99.99th(us): 19407
READ   - Takes(s): 290.0, Count: 1731530, OPS: 5970.8, Avg(us): 198, Min(us): 1, Max(us): 578047, 50th(us): 171, 90th(us): 352, 95th(us): 419, 99th(us): 617, 99.9th(us): 1167, 99.99th(us): 7475
TOTAL  - Takes(s): 290.0, Count: 17136394, OPS: 59090.7, Avg(us): 265, Min(us): 1, Max(us): 578559, 50th(us): 215, 90th(us): 420, 95th(us): 507, 99th(us): 778, 99.9th(us): 1666, 99.99th(us): 68479
UPDATE - Takes(s): 290.0, Count: 15404864, OPS: 53120.0, Avg(us): 272, Min(us): 3, Max(us): 578559, 50th(us): 220, 90th(us): 427, 95th(us): 516, 99th(us): 791, 99.9th(us): 1724, 99.99th(us): 71487
UPDATE_ERROR - Takes(s): 290.0, Count: 151923, OPS: 523.9, Avg(us): 244, Min(us): 5, Max(us): 384511, 50th(us): 213, 90th(us): 389, 95th(us): 459, 99th(us): 693, 99.9th(us): 1478, 99.99th(us): 19407
READ   - Takes(s): 300.0, Count: 1795236, OPS: 5984.1, Avg(us): 198, Min(us): 1, Max(us): 578047, 50th(us): 171, 90th(us): 352, 95th(us): 418, 99th(us): 617, 99.9th(us): 1164, 99.99th(us): 7167
TOTAL  - Takes(s): 300.0, Count: 17770819, OPS: 59235.9, Avg(us): 264, Min(us): 1, Max(us): 578559, 50th(us): 215, 90th(us): 420, 95th(us): 507, 99th(us): 777, 99.9th(us): 1666, 99.99th(us): 68287
UPDATE - Takes(s): 300.0, Count: 15975583, OPS: 53251.8, Avg(us): 271, Min(us): 3, Max(us): 578559, 50th(us): 220, 90th(us): 427, 95th(us): 515, 99th(us): 791, 99.9th(us): 1725, 99.99th(us): 71039
UPDATE_ERROR - Takes(s): 300.0, Count: 157689, OPS: 525.7, Avg(us): 244, Min(us): 5, Max(us): 384511, 50th(us): 213, 90th(us): 389, 95th(us): 459, 99th(us): 693, 99.9th(us): 1497, 99.99th(us): 19407
READ   - Takes(s): 310.0, Count: 1861102, OPS: 6003.6, Avg(us): 198, Min(us): 1, Max(us): 578047, 50th(us): 170, 90th(us): 351, 95th(us): 417, 99th(us): 615, 99.9th(us): 1160, 99.99th(us): 7475
TOTAL  - Takes(s): 310.0, Count: 18422124, OPS: 59426.0, Avg(us): 263, Min(us): 1, Max(us): 578559, 50th(us): 215, 90th(us): 419, 95th(us): 506, 99th(us): 775, 99.9th(us): 1654, 99.99th(us): 68223
UPDATE - Takes(s): 310.0, Count: 16561022, OPS: 53422.4, Avg(us): 271, Min(us): 3, Max(us): 578559, 50th(us): 219, 90th(us): 426, 95th(us): 514, 99th(us): 789, 99.9th(us): 1710, 99.99th(us): 70271
UPDATE_ERROR - Takes(s): 310.0, Count: 163365, OPS: 527.0, Avg(us): 243, Min(us): 5, Max(us): 384511, 50th(us): 212, 90th(us): 388, 95th(us): 457, 99th(us): 690, 99.9th(us): 1478, 99.99th(us): 19407
badger 2026/04/10 18:17:01 INFO: [3] [E] LOG Compact 0->4 (5, 9 -> 9 tables with 3 splits). [02571 02573 02574 02575 02576 . 02563 02564 02567 02566 02569 02572 02565 02568 02570 .] -> [02577 02578 02581 02580 02583 02586 02579 02582 02584 .], took 2.061s
, deleted 9542877 bytes
READ   - Takes(s): 320.0, Count: 1913723, OPS: 5980.4, Avg(us): 198, Min(us): 1, Max(us): 578047, 50th(us): 170, 90th(us): 351, 95th(us): 417, 99th(us): 615, 99.9th(us): 1158, 99.99th(us): 7475
TOTAL  - Takes(s): 320.0, Count: 18940700, OPS: 59189.6, Avg(us): 264, Min(us): 1, Max(us): 578559, 50th(us): 215, 90th(us): 418, 95th(us): 505, 99th(us): 774, 99.9th(us): 1648, 99.99th(us): 69311
UPDATE - Takes(s): 320.0, Count: 17026977, OPS: 53209.2, Avg(us): 272, Min(us): 3, Max(us): 578559, 50th(us): 219, 90th(us): 425, 95th(us): 513, 99th(us): 788, 99.9th(us): 1703, 99.99th(us): 72447
UPDATE_ERROR - Takes(s): 320.0, Count: 168034, OPS: 525.2, Avg(us): 242, Min(us): 5, Max(us): 384511, 50th(us): 213, 90th(us): 387, 95th(us): 457, 99th(us): 690, 99.9th(us): 1464, 99.99th(us): 12103
READ   - Takes(s): 330.0, Count: 1976623, OPS: 5989.8, Avg(us): 198, Min(us): 1, Max(us): 578047, 50th(us): 171, 90th(us): 351, 95th(us): 417, 99th(us): 615, 99.9th(us): 1156, 99.99th(us): 7355
TOTAL  - Takes(s): 330.0, Count: 19563131, OPS: 59282.1, Avg(us): 264, Min(us): 1, Max(us): 578559, 50th(us): 215, 90th(us): 418, 95th(us): 504, 99th(us): 774, 99.9th(us): 1638, 99.99th(us): 69055
UPDATE - Takes(s): 330.0, Count: 17586508, OPS: 53292.3, Avg(us): 271, Min(us): 3, Max(us): 578559, 50th(us): 220, 90th(us): 425, 95th(us): 513, 99th(us): 787, 99.9th(us): 1691, 99.99th(us): 72319
UPDATE_ERROR - Takes(s): 330.0, Count: 173793, OPS: 526.7, Avg(us): 242, Min(us): 5, Max(us): 384511, 50th(us): 213, 90th(us): 387, 95th(us): 456, 99th(us): 689, 99.9th(us): 1462, 99.99th(us): 12103
READ   - Takes(s): 340.0, Count: 2041309, OPS: 6003.9, Avg(us): 198, Min(us): 1, Max(us): 578047, 50th(us): 171, 90th(us): 350, 95th(us): 416, 99th(us): 613, 99.9th(us): 1151, 99.99th(us): 7127
TOTAL  - Takes(s): 340.0, Count: 20201843, OPS: 59417.1, Avg(us): 263, Min(us): 1, Max(us): 578559, 50th(us): 215, 90th(us): 417, 95th(us): 503, 99th(us): 772, 99.9th(us): 1628, 99.99th(us): 69055
UPDATE - Takes(s): 340.0, Count: 18160534, OPS: 53413.2, Avg(us): 271, Min(us): 3, Max(us): 578559, 50th(us): 219, 90th(us): 424, 95th(us): 512, 99th(us): 786, 99.9th(us): 1681, 99.99th(us): 72127
UPDATE_ERROR - Takes(s): 340.0, Count: 179483, OPS: 527.9, Avg(us): 241, Min(us): 5, Max(us): 384511, 50th(us): 213, 90th(us): 386, 95th(us): 455, 99th(us): 686, 99.9th(us): 1457, 99.99th(us): 11351
READ   - Takes(s): 350.0, Count: 2103297, OPS: 6009.4, Avg(us): 197, Min(us): 1, Max(us): 578047, 50th(us): 171, 90th(us): 350, 95th(us): 415, 99th(us): 612, 99.9th(us): 1148, 99.99th(us): 7167
TOTAL  - Takes(s): 350.0, Count: 20819645, OPS: 59484.6, Avg(us): 263, Min(us): 1, Max(us): 578559, 50th(us): 215, 90th(us): 416, 95th(us): 502, 99th(us): 770, 99.9th(us): 1624, 99.99th(us): 69375
UPDATE - Takes(s): 350.0, Count: 18716348, OPS: 53475.2, Avg(us): 270, Min(us): 3, Max(us): 578559, 50th(us): 219, 90th(us): 423, 95th(us): 511, 99th(us): 784, 99.9th(us): 1676, 99.99th(us): 72383
UPDATE_ERROR - Takes(s): 350.0, Count: 184989, OPS: 528.6, Avg(us): 241, Min(us): 5, Max(us): 384511, 50th(us): 213, 90th(us): 386, 95th(us): 454, 99th(us): 684, 99.9th(us): 1443, 99.99th(us): 14119
badger 2026/04/10 18:17:45 INFO: Block cache metrics: hit: 99312260 miss: 6864009 keys-added: 593565 keys-updated: 8467 keys-evicted: 533696 cost-added: 2599044932 cost-evicted: 2336697641 sets-dropped: 0 sets-rejected: 201 gets-dropped: 620864 gets-kept: 105553728 gets-total: 106176269 hit-ratio: 0.94
READ   - Takes(s): 360.0, Count: 2166602, OPS: 6018.4, Avg(us): 197, Min(us): 1, Max(us): 578047, 50th(us): 171, 90th(us): 349, 95th(us): 415, 99th(us): 611, 99.9th(us): 1144, 99.99th(us): 7063
TOTAL  - Takes(s): 360.0, Count: 21450771, OPS: 59585.3, Avg(us): 262, Min(us): 1, Max(us): 578559, 50th(us): 215, 90th(us): 416, 95th(us): 502, 99th(us): 769, 99.9th(us): 1618, 99.99th(us): 69055
UPDATE - Takes(s): 360.0, Count: 19284169, OPS: 53566.9, Avg(us): 270, Min(us): 3, Max(us): 578559, 50th(us): 219, 90th(us): 422, 95th(us): 510, 99th(us): 782, 99.9th(us): 1669, 99.99th(us): 72319
UPDATE_ERROR - Takes(s): 360.0, Count: 190796, OPS: 530.0, Avg(us): 241, Min(us): 5, Max(us): 384511, 50th(us): 213, 90th(us): 385, 95th(us): 454, 99th(us): 682, 99.9th(us): 1438, 99.99th(us): 14119
READ   - Takes(s): 370.0, Count: 2228469, OPS: 6022.9, Avg(us): 197, Min(us): 1, Max(us): 578047, 50th(us): 171, 90th(us): 349, 95th(us): 415, 99th(us): 610, 99.9th(us): 1140, 99.99th(us): 7211
TOTAL  - Takes(s): 370.0, Count: 22068523, OPS: 59644.5, Avg(us): 262, Min(us): 1, Max(us): 578559, 50th(us): 215, 90th(us): 415, 95th(us): 501, 99th(us): 768, 99.9th(us): 1611, 99.99th(us): 69119
UPDATE - Takes(s): 370.0, Count: 19840054, OPS: 53621.6, Avg(us): 269, Min(us): 3, Max(us): 578559, 50th(us): 219, 90th(us): 422, 95th(us): 509, 99th(us): 782, 99.9th(us): 1662, 99.99th(us): 72319
UPDATE_ERROR - Takes(s): 370.0, Count: 196258, OPS: 530.5, Avg(us): 240, Min(us): 5, Max(us): 384511, 50th(us): 213, 90th(us): 385, 95th(us): 453, 99th(us): 680, 99.9th(us): 1426, 99.99th(us): 12103
READ   - Takes(s): 380.0, Count: 2292962, OPS: 6034.1, Avg(us): 197, Min(us): 1, Max(us): 578047, 50th(us): 171, 90th(us): 349, 95th(us): 414, 99th(us): 610, 99.9th(us): 1141, 99.99th(us): 7571
TOTAL  - Takes(s): 380.0, Count: 22706583, OPS: 59754.1, Avg(us): 262, Min(us): 1, Max(us): 578559, 50th(us): 214, 90th(us): 415, 95th(us): 501, 99th(us): 767, 99.9th(us): 1612, 99.99th(us): 68927
UPDATE - Takes(s): 380.0, Count: 20413621, OPS: 53719.9, Avg(us): 269, Min(us): 3, Max(us): 578559, 50th(us): 219, 90th(us): 422, 95th(us): 509, 99th(us): 781, 99.9th(us): 1661, 99.99th(us): 72127
UPDATE_ERROR - Takes(s): 380.0, Count: 201942, OPS: 531.5, Avg(us): 240, Min(us): 5, Max(us): 384511, 50th(us): 213, 90th(us): 384, 95th(us): 453, 99th(us): 681, 99.9th(us): 1426, 99.99th(us): 14119
READ   - Takes(s): 390.0, Count: 2356762, OPS: 6043.0, Avg(us): 197, Min(us): 1, Max(us): 578047, 50th(us): 170, 90th(us): 348, 95th(us): 414, 99th(us): 609, 99.9th(us): 1137, 99.99th(us): 8119
TOTAL  - Takes(s): 390.0, Count: 23337941, OPS: 59840.7, Avg(us): 261, Min(us): 1, Max(us): 578559, 50th(us): 214, 90th(us): 415, 95th(us): 500, 99th(us): 766, 99.9th(us): 1609, 99.99th(us): 68927
UPDATE - Takes(s): 390.0, Count: 20981179, OPS: 53797.7, Avg(us): 269, Min(us): 3, Max(us): 578559, 50th(us): 219, 90th(us): 421, 95th(us): 508, 99th(us): 780, 99.9th(us): 1659, 99.99th(us): 72127
UPDATE_ERROR - Takes(s): 390.0, Count: 207392, OPS: 531.8, Avg(us): 239, Min(us): 5, Max(us): 384511, 50th(us): 212, 90th(us): 384, 95th(us): 452, 99th(us): 680, 99.9th(us): 1428, 99.99th(us): 12103
READ   - Takes(s): 400.0, Count: 2418206, OPS: 6045.5, Avg(us): 197, Min(us): 1, Max(us): 578047, 50th(us): 170, 90th(us): 348, 95th(us): 414, 99th(us): 608, 99.9th(us): 1135, 99.99th(us): 7811
TOTAL  - Takes(s): 400.0, Count: 23947503, OPS: 59868.6, Avg(us): 261, Min(us): 1, Max(us): 578559, 50th(us): 214, 90th(us): 414, 95th(us): 500, 99th(us): 766, 99.9th(us): 1609, 99.99th(us): 69183
UPDATE - Takes(s): 400.0, Count: 21529297, OPS: 53823.1, Avg(us): 268, Min(us): 3, Max(us): 578559, 50th(us): 219, 90th(us): 421, 95th(us): 508, 99th(us): 779, 99.9th(us): 1659, 99.99th(us): 72319
UPDATE_ERROR - Takes(s): 400.0, Count: 212970, OPS: 532.5, Avg(us): 239, Min(us): 5, Max(us): 384511, 50th(us): 213, 90th(us): 384, 95th(us): 452, 99th(us): 679, 99.9th(us): 1426, 99.99th(us): 12103
badger 2026/04/10 18:18:27 INFO: [2] [E] LOG Compact 0->4 (5, 10 -> 11 tables with 4 splits). [02953 02956 02957 02958 02959 . 02945 02946 02949 02948 02951 02954 02955 02947 02950 02952 .] -> [02961 02962 02965 02964 02968 02970 02971 02963 02966 02967 02960 .], took 2.326s
, deleted 9545729 bytes
READ   - Takes(s): 410.0, Count: 2475490, OPS: 6037.8, Avg(us): 197, Min(us): 1, Max(us): 775167, 50th(us): 170, 90th(us): 348, 95th(us): 414, 99th(us): 608, 99.9th(us): 1133, 99.99th(us): 7571
TOTAL  - Takes(s): 410.0, Count: 24515752, OPS: 59794.4, Avg(us): 262, Min(us): 1, Max(us): 775167, 50th(us): 214, 90th(us): 414, 95th(us): 500, 99th(us): 766, 99.9th(us): 1608, 99.99th(us): 69055
UPDATE - Takes(s): 410.0, Count: 22040262, OPS: 53756.6, Avg(us): 269, Min(us): 3, Max(us): 775167, 50th(us): 219, 90th(us): 421, 95th(us): 508, 99th(us): 780, 99.9th(us): 1658, 99.99th(us): 72319
UPDATE_ERROR - Takes(s): 410.0, Count: 217970, OPS: 531.7, Avg(us): 239, Min(us): 5, Max(us): 384511, 50th(us): 213, 90th(us): 384, 95th(us): 452, 99th(us): 679, 99.9th(us): 1424, 99.99th(us): 12103
READ   - Takes(s): 420.0, Count: 2537988, OPS: 6042.8, Avg(us): 197, Min(us): 1, Max(us): 775167, 50th(us): 170, 90th(us): 348, 95th(us): 413, 99th(us): 608, 99.9th(us): 1132, 99.99th(us): 7455
TOTAL  - Takes(s): 420.0, Count: 25137941, OPS: 59852.1, Avg(us): 261, Min(us): 1, Max(us): 775167, 50th(us): 214, 90th(us): 414, 95th(us): 500, 99th(us): 765, 99.9th(us): 1603, 99.99th(us): 69055
UPDATE - Takes(s): 420.0, Count: 22599953, OPS: 53809.3, Avg(us): 269, Min(us): 3, Max(us): 775167, 50th(us): 219, 90th(us): 421, 95th(us): 508, 99th(us): 779, 99.9th(us): 1652, 99.99th(us): 72319
UPDATE_ERROR - Takes(s): 420.0, Count: 223428, OPS: 532.0, Avg(us): 239, Min(us): 5, Max(us): 384511, 50th(us): 213, 90th(us): 384, 95th(us): 452, 99th(us): 678, 99.9th(us): 1415, 99.99th(us): 12103
READ   - Takes(s): 430.0, Count: 2596260, OPS: 6037.8, Avg(us): 197, Min(us): 1, Max(us): 775167, 50th(us): 171, 90th(us): 349, 95th(us): 414, 99th(us): 609, 99.9th(us): 1132, 99.99th(us): 7535
TOTAL  - Takes(s): 430.0, Count: 25718646, OPS: 59810.7, Avg(us): 261, Min(us): 1, Max(us): 775167, 50th(us): 214, 90th(us): 415, 95th(us): 500, 99th(us): 767, 99.9th(us): 1603, 99.99th(us): 69055
UPDATE - Takes(s): 430.0, Count: 23122386, OPS: 53772.9, Avg(us): 269, Min(us): 3, Max(us): 775167, 50th(us): 219, 90th(us): 421, 95th(us): 509, 99th(us): 781, 99.9th(us): 1652, 99.99th(us): 72255
UPDATE_ERROR - Takes(s): 430.0, Count: 228513, OPS: 531.5, Avg(us): 239, Min(us): 5, Max(us): 384511, 50th(us): 213, 90th(us): 384, 95th(us): 453, 99th(us): 680, 99.9th(us): 1425, 99.99th(us): 11351
READ   - Takes(s): 440.0, Count: 2658782, OPS: 6042.7, Avg(us): 197, Min(us): 1, Max(us): 775167, 50th(us): 171, 90th(us): 349, 95th(us): 414, 99th(us): 609, 99.9th(us): 1131, 99.99th(us): 7535
TOTAL  - Takes(s): 440.0, Count: 26339435, OPS: 59862.2, Avg(us): 261, Min(us): 1, Max(us): 775167, 50th(us): 214, 90th(us): 415, 95th(us): 500, 99th(us): 767, 99.9th(us): 1602, 99.99th(us): 69055
UPDATE - Takes(s): 440.0, Count: 23680653, OPS: 53819.5, Avg(us): 268, Min(us): 3, Max(us): 775167, 50th(us): 219, 90th(us): 421, 95th(us): 508, 99th(us): 781, 99.9th(us): 1650, 99.99th(us): 72255
UPDATE_ERROR - Takes(s): 440.0, Count: 234011, OPS: 531.9, Avg(us): 239, Min(us): 5, Max(us): 384511, 50th(us): 213, 90th(us): 384, 95th(us): 453, 99th(us): 680, 99.9th(us): 1425, 99.99th(us): 12103
READ   - Takes(s): 450.0, Count: 2721108, OPS: 6046.9, Avg(us): 197, Min(us): 1, Max(us): 775167, 50th(us): 171, 90th(us): 349, 95th(us): 414, 99th(us): 608, 99.9th(us): 1127, 99.99th(us): 7355
TOTAL  - Takes(s): 450.0, Count: 26953577, OPS: 59896.8, Avg(us): 261, Min(us): 1, Max(us): 775167, 50th(us): 214, 90th(us): 414, 95th(us): 500, 99th(us): 766, 99.9th(us): 1597, 99.99th(us): 69503
UPDATE - Takes(s): 450.0, Count: 24232469, OPS: 53849.9, Avg(us): 268, Min(us): 3, Max(us): 775167, 50th(us): 219, 90th(us): 421, 95th(us): 508, 99th(us): 779, 99.9th(us): 1645, 99.99th(us): 72447
UPDATE_ERROR - Takes(s): 450.0, Count: 239592, OPS: 532.5, Avg(us): 238, Min(us): 5, Max(us): 384511, 50th(us): 213, 90th(us): 384, 95th(us): 453, 99th(us): 679, 99.9th(us): 1422, 99.99th(us): 11351
READ   - Takes(s): 460.0, Count: 2784072, OPS: 6052.3, Avg(us): 197, Min(us): 1, Max(us): 775167, 50th(us): 171, 90th(us): 348, 95th(us): 414, 99th(us): 607, 99.9th(us): 1126, 99.99th(us): 7795
TOTAL  - Takes(s): 460.0, Count: 27579162, OPS: 59954.6, Avg(us): 261, Min(us): 1, Max(us): 775167, 50th(us): 214, 90th(us): 414, 95th(us): 499, 99th(us): 764, 99.9th(us): 1591, 99.99th(us): 69823
UPDATE - Takes(s): 460.0, Count: 24795090, OPS: 53902.2, Avg(us): 268, Min(us): 3, Max(us): 775167, 50th(us): 219, 90th(us): 421, 95th(us): 507, 99th(us): 778, 99.9th(us): 1638, 99.99th(us): 72639
UPDATE_ERROR - Takes(s): 460.0, Count: 245069, OPS: 532.8, Avg(us): 238, Min(us): 5, Max(us): 384511, 50th(us): 213, 90th(us): 384, 95th(us): 453, 99th(us): 678, 99.9th(us): 1408, 99.99th(us): 10839
READ   - Takes(s): 470.0, Count: 2849211, OPS: 6062.1, Avg(us): 196, Min(us): 1, Max(us): 775167, 50th(us): 170, 90th(us): 347, 95th(us): 413, 99th(us): 606, 99.9th(us): 1124, 99.99th(us): 7843
TOTAL  - Takes(s): 470.0, Count: 28222556, OPS: 60047.7, Avg(us): 260, Min(us): 1, Max(us): 775167, 50th(us): 214, 90th(us): 413, 95th(us): 499, 99th(us): 763, 99.9th(us): 1587, 99.99th(us): 70463
UPDATE - Takes(s): 470.0, Count: 25373345, OPS: 53985.6, Avg(us): 268, Min(us): 3, Max(us): 775167, 50th(us): 218, 90th(us): 420, 95th(us): 507, 99th(us): 777, 99.9th(us): 1633, 99.99th(us): 72767
UPDATE_ERROR - Takes(s): 470.0, Count: 250489, OPS: 533.0, Avg(us): 237, Min(us): 5, Max(us): 384511, 50th(us): 212, 90th(us): 383, 95th(us): 452, 99th(us): 676, 99.9th(us): 1405, 99.99th(us): 11351
READ   - Takes(s): 480.0, Count: 2912068, OPS: 6066.8, Avg(us): 196, Min(us): 1, Max(us): 775167, 50th(us): 170, 90th(us): 347, 95th(us): 412, 99th(us): 605, 99.9th(us): 1123, 99.99th(us): 8119
TOTAL  - Takes(s): 480.0, Count: 28845272, OPS: 60094.0, Avg(us): 260, Min(us): 1, Max(us): 775167, 50th(us): 214, 90th(us): 413, 95th(us): 498, 99th(us): 762, 99.9th(us): 1585, 99.99th(us): 70783
UPDATE - Takes(s): 480.0, Count: 25933204, OPS: 54027.2, Avg(us): 267, Min(us): 3, Max(us): 775167, 50th(us): 218, 90th(us): 420, 95th(us): 506, 99th(us): 776, 99.9th(us): 1630, 99.99th(us): 72831
UPDATE_ERROR - Takes(s): 480.0, Count: 255950, OPS: 533.3, Avg(us): 237, Min(us): 5, Max(us): 384511, 50th(us): 212, 90th(us): 382, 95th(us): 451, 99th(us): 675, 99.9th(us): 1405, 99.99th(us): 12103
READ   - Takes(s): 490.0, Count: 2972996, OPS: 6067.3, Avg(us): 196, Min(us): 1, Max(us): 775167, 50th(us): 170, 90th(us): 347, 95th(us): 412, 99th(us): 605, 99.9th(us): 1123, 99.99th(us): 8663
TOTAL  - Takes(s): 490.0, Count: 29448911, OPS: 60099.7, Avg(us): 260, Min(us): 1, Max(us): 775167, 50th(us): 214, 90th(us): 413, 95th(us): 498, 99th(us): 762, 99.9th(us): 1586, 99.99th(us): 71423
UPDATE - Takes(s): 490.0, Count: 26475915, OPS: 54032.3, Avg(us): 267, Min(us): 3, Max(us): 775167, 50th(us): 218, 90th(us): 420, 95th(us): 506, 99th(us): 776, 99.9th(us): 1632, 99.99th(us): 73087
UPDATE_ERROR - Takes(s): 490.0, Count: 261266, OPS: 533.2, Avg(us): 237, Min(us): 5, Max(us): 384511, 50th(us): 212, 90th(us): 382, 95th(us): 451, 99th(us): 676, 99.9th(us): 1402, 99.99th(us): 12103
**********************************************
Run finished, takes 8m14.237970686s
READ   - Takes(s): 494.2, Count: 3002083, OPS: 6074.2, Avg(us): 196, Min(us): 1, Max(us): 775167, 50th(us): 170, 90th(us): 347, 95th(us): 412, 99th(us): 605, 99.9th(us): 1123, 99.99th(us): 9431
TOTAL  - Takes(s): 494.2, Count: 29736183, OPS: 60165.9, Avg(us): 260, Min(us): 1, Max(us): 775167, 50th(us): 213, 90th(us): 413, 95th(us): 498, 99th(us): 761, 99.9th(us): 1583, 99.99th(us): 71103
UPDATE - Takes(s): 494.2, Count: 26734100, OPS: 54091.7, Avg(us): 267, Min(us): 3, Max(us): 775167, 50th(us): 218, 90th(us): 419, 95th(us): 506, 99th(us): 775, 99.9th(us): 1629, 99.99th(us): 73023
UPDATE_ERROR - Takes(s): 494.2, Count: 263817, OPS: 533.8, Avg(us): 237, Min(us): 5, Max(us): 384511, 50th(us): 212, 90th(us): 382, 95th(us): 451, 99th(us): 675, 99.9th(us): 1390, 99.99th(us): 12103
badger 2026/04/10 18:19:59 INFO: Lifetime L0 stalled for: 0s
badger 2026/04/10 18:19:59 INFO: 
Level 0 [ ]: NumTables: 04. Size: 6.2 MiB of 0 B. Score: 0.00->0.00 StaleData: 0 B Target FileSize: 4.0 MiB
Level 1 [ ]: NumTables: 00. Size: 0 B of 27 MiB. Score: 0.00->0.00 StaleData: 0 B Target FileSize: 4.0 MiB
Level 2 [ ]: NumTables: 00. Size: 0 B of 55 MiB. Score: 0.00->0.00 StaleData: 0 B Target FileSize: 8.0 MiB
Level 3 [ ]: NumTables: 00. Size: 0 B of 109 MiB. Score: 0.00->0.00 StaleData: 0 B Target FileSize: 16 MiB
Level 4 [B]: NumTables: 10. Size: 208 MiB of 218 MiB. Score: 0.00->0.00 StaleData: 0 B Target FileSize: 32 MiB
Level 5 [ ]: NumTables: 28. Size: 429 MiB of 437 MiB. Score: 0.00->0.00 StaleData: 0 B Target FileSize: 64 MiB
Level 6 [ ]: NumTables: 74. Size: 874 MiB of 874 MiB. Score: 0.00->0.00 StaleData: 0 B Target FileSize: 128 MiB
Level Done

=======================================================
🏆 [YCSB 终极结算] 压测及引擎落盘已全部完成
=======================================================
🎯 [分母] 纯应用层逻辑写入: 1598.46 MB
💿 [分子] OS内核级物理写入: 34252.60 MB  (35916455936 Bytes)
🔥 [核弹级数据] 最终系统级写放大 (System WA): 21.43 x
>>> [PHYSICAL_IO_RESULT] 34252.60
=======================================================

