=== 【Normal_Badger】 Threads: 8, Round: 1 测试报告 ===
>>> --- Load Phase ---
Using request distribution 'zipfian' a keyrange of [0 12000000]
badger 2026/06/22 11:26:52 INFO: All 0 tables opened in 0s
badger 2026/06/22 11:26:52 INFO: Discard stats nextEmptySlot: 0
badger 2026/06/22 11:26:52 INFO: Set nextTxnTs to 0
***************** properties *****************
"fieldlength"="3072"
"table"="usertable"
"badger.dir"="./zzl_badger_data"
"readallfields"="true"
"badger.sync_writes"="false"
"badger.num_compactors"="4"
"scanproportion"="0"
"recordcount"="10000000"
"fieldcount"="1"
"badger.valuedir"="./zzl_badger_data"
"operationcount"="10000000"
"fieldlengthdistribution"="uniform"
"requestdistribution"="zipfian"
"updateproportion"="0.45"
"workload"="core"
"threadcount"="8"
"command"="load"
"insertproportion"="0.1"
"readproportion"="0.45"
"dotransactions"="false"
**********************************************
INSERT - Takes(s): 10.0, Count: 685332, OPS: 68512.2, Avg(us): 99, Min(us): 7, Max(us): 40895, 50th(us): 92, 90th(us): 164, 95th(us): 188, 99th(us): 246, 99.9th(us): 402, 99.99th(us): 1802
TOTAL  - Takes(s): 10.0, Count: 685332, OPS: 68532.9, Avg(us): 99, Min(us): 7, Max(us): 40895, 50th(us): 92, 90th(us): 164, 95th(us): 188, 99th(us): 246, 99.9th(us): 402, 99.99th(us): 1802
INSERT - Takes(s): 20.0, Count: 1340505, OPS: 67024.5, Avg(us): 102, Min(us): 7, Max(us): 421119, 50th(us): 91, 90th(us): 162, 95th(us): 186, 99th(us): 246, 99.9th(us): 479, 99.99th(us): 3261
TOTAL  - Takes(s): 20.0, Count: 1340505, OPS: 67024.1, Avg(us): 102, Min(us): 7, Max(us): 421119, 50th(us): 91, 90th(us): 162, 95th(us): 186, 99th(us): 246, 99.9th(us): 479, 99.99th(us): 3261
INSERT - Takes(s): 30.0, Count: 2035415, OPS: 67846.1, Avg(us): 100, Min(us): 6, Max(us): 421119, 50th(us): 90, 90th(us): 160, 95th(us): 182, 99th(us): 235, 99.9th(us): 433, 99.99th(us): 1914
TOTAL  - Takes(s): 30.0, Count: 2035415, OPS: 67846.9, Avg(us): 100, Min(us): 6, Max(us): 421119, 50th(us): 90, 90th(us): 160, 95th(us): 182, 99th(us): 235, 99.9th(us): 433, 99.99th(us): 1914
INSERT - Takes(s): 40.0, Count: 2634227, OPS: 65855.3, Avg(us): 104, Min(us): 6, Max(us): 425471, 50th(us): 91, 90th(us): 161, 95th(us): 185, 99th(us): 250, 99.9th(us): 581, 99.99th(us): 14119
TOTAL  - Takes(s): 40.0, Count: 2634227, OPS: 65855.1, Avg(us): 104, Min(us): 6, Max(us): 425471, 50th(us): 91, 90th(us): 161, 95th(us): 185, 99th(us): 250, 99.9th(us): 581, 99.99th(us): 14119
INSERT - Takes(s): 50.0, Count: 3322373, OPS: 66446.1, Avg(us): 103, Min(us): 6, Max(us): 425471, 50th(us): 90, 90th(us): 160, 95th(us): 183, 99th(us): 243, 99.9th(us): 537, 99.99th(us): 13895
TOTAL  - Takes(s): 50.0, Count: 3322373, OPS: 66445.9, Avg(us): 103, Min(us): 6, Max(us): 425471, 50th(us): 90, 90th(us): 160, 95th(us): 183, 99th(us): 243, 99.9th(us): 537, 99.99th(us): 13895
INSERT - Takes(s): 60.0, Count: 3876397, OPS: 64606.0, Avg(us): 106, Min(us): 6, Max(us): 693247, 50th(us): 90, 90th(us): 160, 95th(us): 183, 99th(us): 248, 99.9th(us): 653, 99.99th(us): 17711
TOTAL  - Takes(s): 60.0, Count: 3876397, OPS: 64605.8, Avg(us): 106, Min(us): 6, Max(us): 693247, 50th(us): 90, 90th(us): 160, 95th(us): 183, 99th(us): 248, 99.9th(us): 653, 99.99th(us): 17711
INSERT - Takes(s): 70.0, Count: 4585784, OPS: 65510.0, Avg(us): 104, Min(us): 6, Max(us): 693247, 50th(us): 90, 90th(us): 160, 95th(us): 182, 99th(us): 243, 99.9th(us): 603, 99.99th(us): 16655
TOTAL  - Takes(s): 70.0, Count: 4585784, OPS: 65509.5, Avg(us): 104, Min(us): 6, Max(us): 693247, 50th(us): 90, 90th(us): 160, 95th(us): 182, 99th(us): 243, 99.9th(us): 603, 99.99th(us): 16655
INSERT - Takes(s): 80.0, Count: 5140655, OPS: 64256.9, Avg(us): 107, Min(us): 6, Max(us): 693247, 50th(us): 90, 90th(us): 160, 95th(us): 184, 99th(us): 252, 99.9th(us): 771, 99.99th(us): 20207
TOTAL  - Takes(s): 80.0, Count: 5140655, OPS: 64257.4, Avg(us): 107, Min(us): 6, Max(us): 693247, 50th(us): 90, 90th(us): 160, 95th(us): 184, 99th(us): 252, 99.9th(us): 771, 99.99th(us): 20207
INSERT - Takes(s): 90.0, Count: 5814557, OPS: 64605.8, Avg(us): 106, Min(us): 6, Max(us): 693247, 50th(us): 90, 90th(us): 160, 95th(us): 183, 99th(us): 248, 99.9th(us): 727, 99.99th(us): 19807
TOTAL  - Takes(s): 90.0, Count: 5814557, OPS: 64606.1, Avg(us): 106, Min(us): 6, Max(us): 693247, 50th(us): 90, 90th(us): 160, 95th(us): 183, 99th(us): 248, 99.9th(us): 727, 99.99th(us): 19807
INSERT - Takes(s): 100.0, Count: 6418236, OPS: 64181.0, Avg(us): 107, Min(us): 6, Max(us): 693247, 50th(us): 90, 90th(us): 160, 95th(us): 183, 99th(us): 251, 99.9th(us): 782, 99.99th(us): 20079
TOTAL  - Takes(s): 100.0, Count: 6418236, OPS: 64179.1, Avg(us): 107, Min(us): 6, Max(us): 693247, 50th(us): 90, 90th(us): 160, 95th(us): 183, 99th(us): 251, 99.9th(us): 782, 99.99th(us): 20079
INSERT - Takes(s): 110.0, Count: 7013023, OPS: 63754.4, Avg(us): 108, Min(us): 6, Max(us): 693247, 50th(us): 90, 90th(us): 160, 95th(us): 184, 99th(us): 253, 99.9th(us): 840, 99.99th(us): 20495
TOTAL  - Takes(s): 110.0, Count: 7013023, OPS: 63754.6, Avg(us): 108, Min(us): 6, Max(us): 693247, 50th(us): 90, 90th(us): 160, 95th(us): 184, 99th(us): 253, 99.9th(us): 840, 99.99th(us): 20495
INSERT - Takes(s): 120.0, Count: 7662336, OPS: 63852.6, Avg(us): 108, Min(us): 6, Max(us): 797695, 50th(us): 90, 90th(us): 160, 95th(us): 183, 99th(us): 251, 99.9th(us): 788, 99.99th(us): 20351
TOTAL  - Takes(s): 120.0, Count: 7662336, OPS: 63852.5, Avg(us): 108, Min(us): 6, Max(us): 797695, 50th(us): 90, 90th(us): 160, 95th(us): 183, 99th(us): 251, 99.9th(us): 788, 99.99th(us): 20351
INSERT - Takes(s): 130.0, Count: 8257693, OPS: 63520.4, Avg(us): 108, Min(us): 6, Max(us): 797695, 50th(us): 90, 90th(us): 160, 95th(us): 183, 99th(us): 250, 99.9th(us): 845, 99.99th(us): 22063
TOTAL  - Takes(s): 130.0, Count: 8257693, OPS: 63520.6, Avg(us): 108, Min(us): 6, Max(us): 797695, 50th(us): 90, 90th(us): 160, 95th(us): 183, 99th(us): 250, 99.9th(us): 845, 99.99th(us): 22063
INSERT - Takes(s): 140.0, Count: 8921976, OPS: 63728.1, Avg(us): 108, Min(us): 6, Max(us): 797695, 50th(us): 90, 90th(us): 159, 95th(us): 182, 99th(us): 248, 99.9th(us): 797, 99.99th(us): 21967
TOTAL  - Takes(s): 140.0, Count: 8921976, OPS: 63728.3, Avg(us): 108, Min(us): 6, Max(us): 797695, 50th(us): 90, 90th(us): 159, 95th(us): 182, 99th(us): 248, 99.9th(us): 797, 99.99th(us): 21967
INSERT - Takes(s): 150.0, Count: 9440885, OPS: 62939.1, Avg(us): 110, Min(us): 6, Max(us): 797695, 50th(us): 90, 90th(us): 160, 95th(us): 183, 99th(us): 252, 99.9th(us): 930, 99.99th(us): 23663
TOTAL  - Takes(s): 150.0, Count: 9440885, OPS: 62939.0, Avg(us): 110, Min(us): 6, Max(us): 797695, 50th(us): 90, 90th(us): 160, 95th(us): 183, 99th(us): 252, 99.9th(us): 930, 99.99th(us): 23663
**********************************************
Run finished, takes 2m38.198932568s
INSERT - Takes(s): 158.2, Count: 10000000, OPS: 63211.5, Avg(us): 109, Min(us): 6, Max(us): 797695, 50th(us): 90, 90th(us): 159, 95th(us): 183, 99th(us): 249, 99.9th(us): 874, 99.99th(us): 23071
TOTAL  - Takes(s): 158.2, Count: 10000000, OPS: 63211.4, Avg(us): 109, Min(us): 6, Max(us): 797695, 50th(us): 90, 90th(us): 159, 95th(us): 183, 99th(us): 249, 99.9th(us): 874, 99.99th(us): 23071
badger 2026/06/22 11:29:31 INFO: 
=========================================================
📊 关机前 Vlog 物理大盘 (原生 BadgerDB)
=========================================================
    FID: 1          | Size: 1024.00 MB | Discard(垃圾):    0.00 MB | Garbage Ratio:  0.00%!
(MISSING)    FID: 2          | Size: 1024.00 MB | Discard(垃圾):    0.00 MB | Garbage Ratio:  0.00%!
(MISSING)    FID: 3          | Size: 1024.00 MB | Discard(垃圾):    0.00 MB | Garbage Ratio:  0.00%!
(MISSING)    FID: 4          | Size: 1024.00 MB | Discard(垃圾):    0.00 MB | Garbage Ratio:  0.00%!
(MISSING)    FID: 5          | Size: 1024.00 MB | Discard(垃圾):    0.00 MB | Garbage Ratio:  0.00%!
(MISSING)    FID: 6          | Size: 1024.00 MB | Discard(垃圾):    0.00 MB | Garbage Ratio:  0.00%!
(MISSING)    FID: 7          | Size: 1024.00 MB | Discard(垃圾):    0.00 MB | Garbage Ratio:  0.00%!
(MISSING)    FID: 8          | Size: 1024.00 MB | Discard(垃圾):    0.00 MB | Garbage Ratio:  0.00%!
(MISSING)    FID: 9          | Size: 1024.00 MB | Discard(垃圾):    0.00 MB | Garbage Ratio:  0.00%!
(MISSING)    FID: 10         | Size: 1024.00 MB | Discard(垃圾):    0.00 MB | Garbage Ratio:  0.00%!
(MISSING)    FID: 11         | Size: 1024.00 MB | Discard(垃圾):    0.00 MB | Garbage Ratio:  0.00%!
(MISSING)    FID: 12         | Size: 1024.00 MB | Discard(垃圾):    0.00 MB | Garbage Ratio:  0.00%!
(MISSING)    FID: 13         | Size: 1024.00 MB | Discard(垃圾):    0.00 MB | Garbage Ratio:  0.00%!
(MISSING)(*) FID: 14         | Size:   84.24 MB | Discard(垃圾):    0.00 MB | Garbage Ratio:  0.00%!
(MISSING)---------------------------------------------------------
📈 汇总: 共 14 个 Vlog 文件
总容量: 13396.26 MB | 总垃圾: 0.00 MB | 整体垃圾率: 0.00%!
(MISSING)=========================================================
badger 2026/06/22 11:29:31 INFO: Lifetime L0 stalled for: 0s
badger 2026/06/22 11:29:32 INFO: 
Level 0 [ ]: NumTables: 00. Size: 0 B of 0 B. Score: 0.00->0.00 StaleData: 0 B Target FileSize: 64 MiB
Level 1 [ ]: NumTables: 00. Size: 0 B of 10 MiB. Score: 0.00->0.00 StaleData: 0 B Target FileSize: 2.0 MiB
Level 2 [ ]: NumTables: 00. Size: 0 B of 10 MiB. Score: 0.00->0.00 StaleData: 0 B Target FileSize: 2.0 MiB
Level 3 [ ]: NumTables: 00. Size: 0 B of 10 MiB. Score: 0.00->0.00 StaleData: 0 B Target FileSize: 2.0 MiB
Level 4 [B]: NumTables: 00. Size: 0 B of 17 MiB. Score: 0.00->0.00 StaleData: 0 B Target FileSize: 4.0 MiB
Level 5 [ ]: NumTables: 52. Size: 385 MiB of 167 MiB. Score: 2.30->2.30 StaleData: 0 B Target FileSize: 8.0 MiB
Level 6 [ ]: NumTables: 142. Size: 1.6 GiB of 1.6 GiB. Score: 0.00->0.00 StaleData: 0 B Target FileSize: 16 MiB
Level Done

=======================================================
🏆 [YCSB 终极结算] 压测及引擎落盘已全部完成
=======================================================
🎯 [分母] 纯应用层逻辑写入: 15027.17 MB
💿 [分子] OS内核级物理写入: 28034.21 MB  (29396000768 Bytes)
🔥 [核弹级数据] 最终系统级写放大 (System WA): 1.87 x
>>> [PHYSICAL_IO_RESULT] 28034.21
=======================================================

>>> --- Run Phase ---
Using request distribution 'zipfian' a keyrange of [0 12000000]
badger 2026/06/22 11:29:35 INFO: All 194 tables opened in 81ms
badger 2026/06/22 11:29:35 INFO: Discard stats nextEmptySlot: 0
badger 2026/06/22 11:29:35 INFO: Set nextTxnTs to 10000000
***************** properties *****************
"badger.num_compactors"="4"
"table"="usertable"
"fieldlengthdistribution"="uniform"
"requestdistribution"="zipfian"
"recordcount"="10000000"
"insertproportion"="0.1"
"badger.dir"="./zzl_badger_data"
"threadcount"="8"
"fieldcount"="1"
"scanproportion"="0"
"readproportion"="0.45"
"dotransactions"="true"
"operationcount"="10000000"
"updateproportion"="0.45"
"badger.sync_writes"="false"
"readallfields"="true"
"fieldlength"="3072"
"workload"="core"
"command"="run"
"badger.valuedir"="./zzl_badger_data"
**********************************************
INSERT - Takes(s): 10.0, Count: 20993, OPS: 2099.3, Avg(us): 276, Min(us): 8, Max(us): 47743, 50th(us): 139, 90th(us): 536, 95th(us): 741, 99th(us): 2039, 99.9th(us): 18159, 99.99th(us): 45183
READ   - Takes(s): 10.0, Count: 73370, OPS: 7335.3, Avg(us): 374, Min(us): 5, Max(us): 66047, 50th(us): 248, 90th(us): 702, 95th(us): 942, 99th(us): 2367, 99.9th(us): 18495, 99.99th(us): 43743
READ_ERROR - Takes(s): 10.0, Count: 21393, OPS: 2139.0, Avg(us): 235, Min(us): 1, Max(us): 51967, 50th(us): 88, 90th(us): 492, 95th(us): 685, 99th(us): 1876, 99.9th(us): 19151, 99.99th(us): 47263
TOTAL  - Takes(s): 10.0, Count: 167870, OPS: 16781.9, Avg(us): 387, Min(us): 5, Max(us): 66047, 50th(us): 249, 90th(us): 719, 95th(us): 955, 99th(us): 2341, 99.9th(us): 18527, 99.99th(us): 44255
UPDATE - Takes(s): 10.0, Count: 73507, OPS: 7348.4, Avg(us): 433, Min(us): 18, Max(us): 55519, 50th(us): 301, 90th(us): 775, 95th(us): 1007, 99th(us): 2391, 99.9th(us): 18527, 99.99th(us): 44735
UPDATE_ERROR - Takes(s): 10.0, Count: 21228, OPS: 2122.3, Avg(us): 235, Min(us): 2, Max(us): 55711, 50th(us): 83, 90th(us): 474, 95th(us): 675, 99th(us): 2061, 99.9th(us): 19119, 99.99th(us): 35967
INSERT - Takes(s): 20.0, Count: 81006, OPS: 4050.1, Avg(us): 149, Min(us): 6, Max(us): 47839, 50th(us): 91, 90th(us): 283, 95th(us): 418, 99th(us): 849, 99.9th(us): 3689, 99.99th(us): 24207
READ   - Takes(s): 20.0, Count: 285053, OPS: 14251.6, Avg(us): 181, Min(us): 2, Max(us): 66047, 50th(us): 93, 90th(us): 392, 95th(us): 540, 99th(us): 1068, 99.9th(us): 4467, 99.99th(us): 23759
READ_ERROR - Takes(s): 20.0, Count: 81407, OPS: 4070.3, Avg(us): 119, Min(us): 1, Max(us): 51967, 50th(us): 60, 90th(us): 244, 95th(us): 383, 99th(us): 797, 99.9th(us): 3415, 99.99th(us): 30351
TOTAL  - Takes(s): 20.0, Count: 650640, OPS: 32528.9, Avg(us): 195, Min(us): 2, Max(us): 66047, 50th(us): 110, 90th(us): 411, 95th(us): 560, 99th(us): 1075, 99.9th(us): 4447, 99.99th(us): 26943
UPDATE - Takes(s): 20.0, Count: 284581, OPS: 14227.8, Avg(us): 223, Min(us): 13, Max(us): 55519, 50th(us): 132, 90th(us): 453, 95th(us): 608, 99th(us): 1130, 99.9th(us): 4671, 99.99th(us): 32191
UPDATE_ERROR - Takes(s): 20.0, Count: 80955, OPS: 4047.6, Avg(us): 116, Min(us): 2, Max(us): 55711, 50th(us): 56, 90th(us): 235, 95th(us): 368, 99th(us): 797, 99.9th(us): 3851, 99.99th(us): 24127
INSERT - Takes(s): 30.0, Count: 168729, OPS: 5623.7, Avg(us): 110, Min(us): 6, Max(us): 47839, 50th(us): 74, 90th(us): 201, 95th(us): 287, 99th(us): 619, 99.9th(us): 2425, 99.99th(us): 19791
READ   - Takes(s): 30.0, Count: 595393, OPS: 19844.7, Avg(us): 123, Min(us): 2, Max(us): 66047, 50th(us): 69, 90th(us): 273, 95th(us): 391, 99th(us): 791, 99.9th(us): 2761, 99.99th(us): 19631
READ_ERROR - Takes(s): 30.0, Count: 166517, OPS: 5550.3, Avg(us): 86, Min(us): 1, Max(us): 51967, 50th(us): 51, 90th(us): 166, 95th(us): 252, 99th(us): 577, 99.9th(us): 2233, 99.99th(us): 20463
TOTAL  - Takes(s): 30.0, Count: 1358344, OPS: 45273.1, Avg(us): 136, Min(us): 2, Max(us): 66047, 50th(us): 82, 90th(us): 284, 95th(us): 409, 99th(us): 809, 99.9th(us): 2721, 99.99th(us): 20495
UPDATE - Takes(s): 30.0, Count: 594222, OPS: 19805.0, Avg(us): 156, Min(us): 11, Max(us): 55519, 50th(us): 97, 90th(us): 319, 95th(us): 451, 99th(us): 861, 99.9th(us): 2765, 99.99th(us): 21711
UPDATE_ERROR - Takes(s): 30.0, Count: 166738, OPS: 5557.4, Avg(us): 83, Min(us): 2, Max(us): 55711, 50th(us): 48, 90th(us): 161, 95th(us): 244, 99th(us): 568, 99.9th(us): 2451, 99.99th(us): 21087
INSERT - Takes(s): 40.0, Count: 261594, OPS: 6539.6, Avg(us): 98, Min(us): 6, Max(us): 501247, 50th(us): 70, 90th(us): 175, 95th(us): 238, 99th(us): 518, 99.9th(us): 1738, 99.99th(us): 17663
READ   - Takes(s): 40.0, Count: 927228, OPS: 23179.9, Avg(us): 103, Min(us): 2, Max(us): 66047, 50th(us): 64, 90th(us): 210, 95th(us): 319, 99th(us): 667, 99.9th(us): 2061, 99.99th(us): 16911
READ_ERROR - Takes(s): 40.0, Count: 251213, OPS: 6280.2, Avg(us): 77, Min(us): 1, Max(us): 501247, 50th(us): 49, 90th(us): 146, 95th(us): 205, 99th(us): 487, 99.9th(us): 1653, 99.99th(us): 19151
TOTAL  - Takes(s): 40.0, Count: 2113933, OPS: 52845.7, Avg(us): 117, Min(us): 2, Max(us): 501247, 50th(us): 77, 90th(us): 222, 95th(us): 334, 99th(us): 686, 99.9th(us): 2067, 99.99th(us): 18351
UPDATE - Takes(s): 40.0, Count: 925111, OPS: 23126.6, Avg(us): 136, Min(us): 9, Max(us): 501247, 50th(us): 90, 90th(us): 248, 95th(us): 371, 99th(us): 738, 99.9th(us): 2127, 99.99th(us): 19039
UPDATE_ERROR - Takes(s): 40.0, Count: 251378, OPS: 6284.3, Avg(us): 75, Min(us): 2, Max(us): 501247, 50th(us): 47, 90th(us): 143, 95th(us): 200, 99th(us): 474, 99.9th(us): 1844, 99.99th(us): 18751
INSERT - Takes(s): 50.0, Count: 334892, OPS: 6697.2, Avg(us): 98, Min(us): 6, Max(us): 501247, 50th(us): 70, 90th(us): 171, 95th(us): 230, 99th(us): 492, 99.9th(us): 1888, 99.99th(us): 20991
READ   - Takes(s): 50.0, Count: 1194875, OPS: 23896.1, Avg(us): 100, Min(us): 2, Max(us): 66047, 50th(us): 63, 90th(us): 191, 95th(us): 293, 99th(us): 624, 99.9th(us): 2187, 99.99th(us): 19599
READ_ERROR - Takes(s): 50.0, Count: 314635, OPS: 6292.4, Avg(us): 78, Min(us): 1, Max(us): 501247, 50th(us): 49, 90th(us): 143, 95th(us): 200, 99th(us): 466, 99.9th(us): 1866, 99.99th(us): 20975
TOTAL  - Takes(s): 50.0, Count: 2722853, OPS: 54452.4, Avg(us): 114, Min(us): 2, Max(us): 501247, 50th(us): 75, 90th(us): 205, 95th(us): 305, 99th(us): 642, 99.9th(us): 2193, 99.99th(us): 20479
UPDATE - Takes(s): 50.0, Count: 1193086, OPS: 23859.3, Avg(us): 131, Min(us): 9, Max(us): 501247, 50th(us): 88, 90th(us): 227, 95th(us): 338, 99th(us): 692, 99.9th(us): 2279, 99.99th(us): 21951
UPDATE_ERROR - Takes(s): 50.0, Count: 314928, OPS: 6297.9, Avg(us): 74, Min(us): 2, Max(us): 501247, 50th(us): 47, 90th(us): 140, 95th(us): 196, 99th(us): 455, 99.9th(us): 1817, 99.99th(us): 20015
badger 2026/06/22 11:30:35 INFO: Block cache metrics: hit: 3803774 miss: 2806068 keys-added: 665445 keys-updated: 208 keys-evicted: 597459 cost-added: 2621493354 cost-evicted: 2353060786 sets-dropped: 1056 sets-rejected: 1443094 gets-dropped: 523392 gets-kept: 6086144 gets-total: 6609844 hit-ratio: 0.58
INSERT - Takes(s): 60.0, Count: 428741, OPS: 7145.5, Avg(us): 93, Min(us): 6, Max(us): 501247, 50th(us): 69, 90th(us): 163, 95th(us): 213, 99th(us): 444, 99.9th(us): 1458, 99.99th(us): 19119
READ   - Takes(s): 60.0, Count: 1537615, OPS: 25626.2, Avg(us): 92, Min(us): 1, Max(us): 407807, 50th(us): 61, 90th(us): 169, 95th(us): 257, 99th(us): 558, 99.9th(us): 1796, 99.99th(us): 18495
READ_ERROR - Takes(s): 60.0, Count: 392999, OPS: 6549.9, Avg(us): 74, Min(us): 1, Max(us): 501247, 50th(us): 48, 90th(us): 136, 95th(us): 184, 99th(us): 423, 99.9th(us): 1500, 99.99th(us): 20255
TOTAL  - Takes(s): 60.0, Count: 3502648, OPS: 58375.4, Avg(us): 106, Min(us): 1, Max(us): 501247, 50th(us): 73, 90th(us): 185, 95th(us): 270, 99th(us): 577, 99.9th(us): 1799, 99.99th(us): 19279
UPDATE - Takes(s): 60.0, Count: 1536292, OPS: 25604.0, Avg(us): 123, Min(us): 9, Max(us): 501247, 50th(us): 86, 90th(us): 204, 95th(us): 298, 99th(us): 623, 99.9th(us): 1858, 99.99th(us): 20047
UPDATE_ERROR - Takes(s): 60.0, Count: 393760, OPS: 6562.5, Avg(us): 70, Min(us): 2, Max(us): 501247, 50th(us): 46, 90th(us): 134, 95th(us): 181, 99th(us): 412, 99.9th(us): 1470, 99.99th(us): 18479
INSERT - Takes(s): 70.0, Count: 515510, OPS: 7364.3, Avg(us): 90, Min(us): 6, Max(us): 501247, 50th(us): 68, 90th(us): 159, 95th(us): 205, 99th(us): 409, 99.9th(us): 1284, 99.99th(us): 18383
READ   - Takes(s): 70.0, Count: 1860045, OPS: 26571.1, Avg(us): 88, Min(us): 1, Max(us): 407807, 50th(us): 60, 90th(us): 160, 95th(us): 235, 99th(us): 512, 99.9th(us): 1553, 99.99th(us): 17135
READ_ERROR - Takes(s): 70.0, Count: 462972, OPS: 6613.7, Avg(us): 71, Min(us): 1, Max(us): 501247, 50th(us): 48, 90th(us): 133, 95th(us): 177, 99th(us): 396, 99.9th(us): 1321, 99.99th(us): 19151
TOTAL  - Takes(s): 70.0, Count: 4232698, OPS: 60465.8, Avg(us): 102, Min(us): 1, Max(us): 501247, 50th(us): 72, 90th(us): 176, 95th(us): 248, 99th(us): 533, 99.9th(us): 1554, 99.99th(us): 18543
UPDATE - Takes(s): 70.0, Count: 1857143, OPS: 26530.0, Avg(us): 120, Min(us): 9, Max(us): 501247, 50th(us): 85, 90th(us): 193, 95th(us): 273, 99th(us): 577, 99.9th(us): 1632, 99.99th(us): 19455
UPDATE_ERROR - Takes(s): 70.0, Count: 464750, OPS: 6639.2, Avg(us): 69, Min(us): 2, Max(us): 501247, 50th(us): 46, 90th(us): 131, 95th(us): 174, 99th(us): 386, 99.9th(us): 1316, 99.99th(us): 15751
INSERT - Takes(s): 80.0, Count: 586838, OPS: 7335.4, Avg(us): 91, Min(us): 6, Max(us): 501247, 50th(us): 68, 90th(us): 160, 95th(us): 206, 99th(us): 406, 99.9th(us): 1395, 99.99th(us): 19119
READ   - Takes(s): 80.0, Count: 2125147, OPS: 26563.5, Avg(us): 88, Min(us): 1, Max(us): 407807, 50th(us): 60, 90th(us): 158, 95th(us): 231, 99th(us): 498, 99.9th(us): 1649, 99.99th(us): 18959
READ_ERROR - Takes(s): 80.0, Count: 518826, OPS: 6485.2, Avg(us): 72, Min(us): 1, Max(us): 501247, 50th(us): 48, 90th(us): 134, 95th(us): 178, 99th(us): 391, 99.9th(us): 1378, 99.99th(us): 19375
TOTAL  - Takes(s): 80.0, Count: 4835374, OPS: 60441.0, Avg(us): 103, Min(us): 1, Max(us): 501247, 50th(us): 72, 90th(us): 175, 95th(us): 244, 99th(us): 518, 99.9th(us): 1677, 99.99th(us): 19583
UPDATE - Takes(s): 80.0, Count: 2123389, OPS: 26541.9, Avg(us): 120, Min(us): 9, Max(us): 501247, 50th(us): 85, 90th(us): 191, 95th(us): 267, 99th(us): 560, 99.9th(us): 1771, 99.99th(us): 20479
UPDATE_ERROR - Takes(s): 80.0, Count: 520640, OPS: 6508.0, Avg(us): 70, Min(us): 2, Max(us): 501247, 50th(us): 46, 90th(us): 132, 95th(us): 176, 99th(us): 383, 99.9th(us): 1397, 99.99th(us): 19551
INSERT - Takes(s): 90.0, Count: 678652, OPS: 7540.5, Avg(us): 91, Min(us): 6, Max(us): 501247, 50th(us): 68, 90th(us): 157, 95th(us): 200, 99th(us): 384, 99.9th(us): 1251, 99.99th(us): 19087
READ   - Takes(s): 90.0, Count: 2469968, OPS: 27443.6, Avg(us): 85, Min(us): 1, Max(us): 410879, 50th(us): 60, 90th(us): 152, 95th(us): 215, 99th(us): 466, 99.9th(us): 1446, 99.99th(us): 18447
READ_ERROR - Takes(s): 90.0, Count: 588761, OPS: 6541.7, Avg(us): 70, Min(us): 1, Max(us): 501247, 50th(us): 48, 90th(us): 131, 95th(us): 172, 99th(us): 371, 99.9th(us): 1266, 99.99th(us): 18479
TOTAL  - Takes(s): 90.0, Count: 5616599, OPS: 62405.2, Avg(us): 99, Min(us): 1, Max(us): 501247, 50th(us): 72, 90th(us): 169, 95th(us): 230, 99th(us): 486, 99.9th(us): 1480, 99.99th(us): 19087
UPDATE - Takes(s): 90.0, Count: 2467979, OPS: 27421.4, Avg(us): 116, Min(us): 9, Max(us): 501247, 50th(us): 84, 90th(us): 184, 95th(us): 251, 99th(us): 526, 99.9th(us): 1559, 99.99th(us): 19919
UPDATE_ERROR - Takes(s): 90.0, Count: 590579, OPS: 6561.9, Avg(us): 69, Min(us): 2, Max(us): 501247, 50th(us): 46, 90th(us): 129, 95th(us): 170, 99th(us): 363, 99.9th(us): 1261, 99.99th(us): 18847
INSERT - Takes(s): 100.0, Count: 769093, OPS: 7690.8, Avg(us): 90, Min(us): 6, Max(us): 501247, 50th(us): 68, 90th(us): 155, 95th(us): 196, 99th(us): 369, 99.9th(us): 1135, 99.99th(us): 18863
READ   - Takes(s): 100.0, Count: 2818110, OPS: 28180.7, Avg(us): 83, Min(us): 1, Max(us): 410879, 50th(us): 59, 90th(us): 149, 95th(us): 205, 99th(us): 440, 99.9th(us): 1319, 99.99th(us): 17455
READ_ERROR - Takes(s): 100.0, Count: 648382, OPS: 6483.8, Avg(us): 69, Min(us): 1, Max(us): 501247, 50th(us): 48, 90th(us): 130, 95th(us): 169, 99th(us): 357, 99.9th(us): 1168, 99.99th(us): 18079
TOTAL  - Takes(s): 100.0, Count: 6401931, OPS: 64018.0, Avg(us): 97, Min(us): 1, Max(us): 501247, 50th(us): 71, 90th(us): 165, 95th(us): 221, 99th(us): 461, 99.9th(us): 1356, 99.99th(us): 18767
UPDATE - Takes(s): 100.0, Count: 2814728, OPS: 28146.7, Avg(us): 113, Min(us): 9, Max(us): 501247, 50th(us): 84, 90th(us): 181, 95th(us): 240, 99th(us): 499, 99.9th(us): 1437, 99.99th(us): 19455
UPDATE_ERROR - Takes(s): 100.0, Count: 650851, OPS: 6508.4, Avg(us): 67, Min(us): 2, Max(us): 501247, 50th(us): 46, 90th(us): 128, 95th(us): 167, 99th(us): 351, 99.9th(us): 1163, 99.99th(us): 18543
INSERT - Takes(s): 110.0, Count: 834279, OPS: 7584.3, Avg(us): 92, Min(us): 6, Max(us): 792575, 50th(us): 68, 90th(us): 156, 95th(us): 197, 99th(us): 368, 99.9th(us): 1183, 99.99th(us): 19727
READ   - Takes(s): 110.0, Count: 3068674, OPS: 27896.6, Avg(us): 84, Min(us): 1, Max(us): 792575, 50th(us): 60, 90th(us): 149, 95th(us): 204, 99th(us): 434, 99.9th(us): 1364, 99.99th(us): 18607
READ_ERROR - Takes(s): 110.0, Count: 689297, OPS: 6266.3, Avg(us): 69, Min(us): 1, Max(us): 501247, 50th(us): 48, 90th(us): 130, 95th(us): 170, 99th(us): 357, 99.9th(us): 1193, 99.99th(us): 18463
TOTAL  - Takes(s): 110.0, Count: 6967501, OPS: 63339.7, Avg(us): 99, Min(us): 1, Max(us): 793087, 50th(us): 72, 90th(us): 165, 95th(us): 220, 99th(us): 455, 99.9th(us): 1410, 99.99th(us): 19551
UPDATE - Takes(s): 110.0, Count: 3064548, OPS: 27859.0, Avg(us): 115, Min(us): 9, Max(us): 793087, 50th(us): 84, 90th(us): 181, 95th(us): 239, 99th(us): 492, 99.9th(us): 1496, 99.99th(us): 20655
UPDATE_ERROR - Takes(s): 110.0, Count: 692312, OPS: 6293.7, Avg(us): 68, Min(us): 2, Max(us): 501247, 50th(us): 46, 90th(us): 128, 95th(us): 168, 99th(us): 350, 99.9th(us): 1198, 99.99th(us): 18751
INSERT - Takes(s): 120.0, Count: 928755, OPS: 7739.6, Avg(us): 90, Min(us): 6, Max(us): 792575, 50th(us): 68, 90th(us): 154, 95th(us): 194, 99th(us): 355, 99.9th(us): 1083, 99.99th(us): 19023
READ   - Takes(s): 120.0, Count: 3439418, OPS: 28661.2, Avg(us): 82, Min(us): 1, Max(us): 792575, 50th(us): 59, 90th(us): 146, 95th(us): 196, 99th(us): 415, 99.9th(us): 1262, 99.99th(us): 18111
READ_ERROR - Takes(s): 120.0, Count: 746396, OPS: 6219.9, Avg(us): 68, Min(us): 1, Max(us): 501247, 50th(us): 48, 90th(us): 129, 95th(us): 167, 99th(us): 346, 99.9th(us): 1126, 99.99th(us): 17119
TOTAL  - Takes(s): 120.0, Count: 7802104, OPS: 65016.7, Avg(us): 96, Min(us): 1, Max(us): 793087, 50th(us): 71, 90th(us): 162, 95th(us): 213, 99th(us): 434, 99.9th(us): 1302, 99.99th(us): 19007
UPDATE - Takes(s): 120.0, Count: 3433931, OPS: 28615.7, Avg(us): 112, Min(us): 9, Max(us): 793087, 50th(us): 83, 90th(us): 177, 95th(us): 231, 99th(us): 470, 99.9th(us): 1383, 99.99th(us): 19935
UPDATE_ERROR - Takes(s): 120.0, Count: 750418, OPS: 6253.5, Avg(us): 67, Min(us): 1, Max(us): 501247, 50th(us): 46, 90th(us): 127, 95th(us): 166, 99th(us): 340, 99.9th(us): 1115, 99.99th(us): 18239
**********************************************
Run finished, takes 2m8.034087603s
INSERT - Takes(s): 128.0, Count: 998902, OPS: 7801.9, Avg(us): 90, Min(us): 6, Max(us): 792575, 50th(us): 68, 90th(us): 153, 95th(us): 192, 99th(us): 347, 99.9th(us): 1014, 99.99th(us): 18863
READ   - Takes(s): 128.0, Count: 3714862, OPS: 29014.6, Avg(us): 81, Min(us): 1, Max(us): 792575, 50th(us): 59, 90th(us): 144, 95th(us): 192, 99th(us): 403, 99.9th(us): 1200, 99.99th(us): 17455
READ_ERROR - Takes(s): 128.0, Count: 787193, OPS: 6148.3, Avg(us): 68, Min(us): 1, Max(us): 501247, 50th(us): 48, 90th(us): 128, 95th(us): 166, 99th(us): 339, 99.9th(us): 1075, 99.99th(us): 16943
TOTAL  - Takes(s): 128.0, Count: 8421211, OPS: 65772.8, Avg(us): 95, Min(us): 1, Max(us): 793087, 50th(us): 71, 90th(us): 161, 95th(us): 209, 99th(us): 422, 99.9th(us): 1241, 99.99th(us): 18815
UPDATE - Takes(s): 128.0, Count: 3707447, OPS: 28956.9, Avg(us): 111, Min(us): 9, Max(us): 793087, 50th(us): 83, 90th(us): 175, 95th(us): 226, 99th(us): 456, 99.9th(us): 1323, 99.99th(us): 19583
UPDATE_ERROR - Takes(s): 128.0, Count: 791596, OPS: 6182.8, Avg(us): 66, Min(us): 1, Max(us): 501247, 50th(us): 46, 90th(us): 127, 95th(us): 164, 99th(us): 333, 99.9th(us): 1060, 99.99th(us): 17535
badger 2026/06/22 11:31:43 INFO: 
=========================================================
📊 关机前 Vlog 物理大盘 (原生 BadgerDB)
=========================================================
    FID: 1          | Size: 1024.00 MB | Discard(垃圾):   94.04 MB | Garbage Ratio:  9.18%!
(MISSING)    FID: 2          | Size: 1024.00 MB | Discard(垃圾):  100.40 MB | Garbage Ratio:  9.80%!
(MISSING)    FID: 3          | Size: 1024.00 MB | Discard(垃圾):   93.78 MB | Garbage Ratio:  9.16%!
(MISSING)    FID: 4          | Size: 1024.00 MB | Discard(垃圾):   86.82 MB | Garbage Ratio:  8.48%!
(MISSING)    FID: 5          | Size: 1024.00 MB | Discard(垃圾):   78.77 MB | Garbage Ratio:  7.69%!
(MISSING)    FID: 6          | Size: 1024.00 MB | Discard(垃圾):   92.62 MB | Garbage Ratio:  9.04%!
(MISSING)    FID: 7          | Size: 1024.00 MB | Discard(垃圾):   88.23 MB | Garbage Ratio:  8.62%!
(MISSING)    FID: 8          | Size: 1024.00 MB | Discard(垃圾):   94.74 MB | Garbage Ratio:  9.25%!
(MISSING)    FID: 9          | Size: 1024.00 MB | Discard(垃圾):   88.76 MB | Garbage Ratio:  8.67%!
(MISSING)    FID: 10         | Size: 1024.00 MB | Discard(垃圾):   96.03 MB | Garbage Ratio:  9.38%!
(MISSING)    FID: 11         | Size: 1024.00 MB | Discard(垃圾):   78.44 MB | Garbage Ratio:  7.66%!
(MISSING)    FID: 12         | Size: 1024.00 MB | Discard(垃圾):   78.00 MB | Garbage Ratio:  7.62%!
(MISSING)    FID: 13         | Size: 1024.00 MB | Discard(垃圾):  112.18 MB | Garbage Ratio: 10.95%!
(MISSING)    FID: 14         | Size:   84.24 MB | Discard(垃圾):    9.93 MB | Garbage Ratio: 11.79%!
(MISSING)    FID: 15         | Size: 1024.00 MB | Discard(垃圾):  441.50 MB | Garbage Ratio: 43.12%!
(MISSING)    FID: 16         | Size: 1024.00 MB | Discard(垃圾):  420.35 MB | Garbage Ratio: 41.05%!
(MISSING)    FID: 17         | Size: 1024.00 MB | Discard(垃圾):  408.56 MB | Garbage Ratio: 39.90%!
(MISSING)    FID: 18         | Size: 1024.00 MB | Discard(垃圾):  377.76 MB | Garbage Ratio: 36.89%!
(MISSING)    FID: 19         | Size: 1024.00 MB | Discard(垃圾):  322.67 MB | Garbage Ratio: 31.51%!
(MISSING)    FID: 20         | Size: 1024.00 MB | Discard(垃圾):    0.00 MB | Garbage Ratio:  0.00%!
(MISSING)(*) FID: 21         | Size:  164.01 MB | Discard(垃圾):    0.00 MB | Garbage Ratio:  0.00%!
(MISSING)---------------------------------------------------------
📈 汇总: 共 21 个 Vlog 文件
总容量: 19704.28 MB | 总垃圾: 3163.59 MB | 整体垃圾率: 16.06%!
(MISSING)=========================================================
badger 2026/06/22 11:31:43 INFO: Lifetime L0 stalled for: 0s
badger 2026/06/22 11:31:44 INFO: 
Level 0 [ ]: NumTables: 04. Size: 183 MiB of 0 B. Score: 0.00->0.00 StaleData: 0 B Target FileSize: 64 MiB
Level 1 [ ]: NumTables: 00. Size: 0 B of 10 MiB. Score: 0.00->0.00 StaleData: 0 B Target FileSize: 2.0 MiB
Level 2 [ ]: NumTables: 00. Size: 0 B of 10 MiB. Score: 0.00->0.00 StaleData: 0 B Target FileSize: 2.0 MiB
Level 3 [ ]: NumTables: 00. Size: 0 B of 10 MiB. Score: 0.00->0.00 StaleData: 0 B Target FileSize: 2.0 MiB
Level 4 [ ]: NumTables: 00. Size: 0 B of 22 MiB. Score: 0.00->0.00 StaleData: 0 B Target FileSize: 4.0 MiB
Level 5 [B]: NumTables: 28. Size: 212 MiB of 215 MiB. Score: 0.00->0.00 StaleData: 0 B Target FileSize: 8.0 MiB
Level 6 [ ]: NumTables: 193. Size: 2.1 GiB of 2.1 GiB. Score: 0.00->0.00 StaleData: 0 B Target FileSize: 16 MiB
Level Done

=======================================================
🏆 [YCSB 终极结算] 压测及引擎落盘已全部完成
=======================================================
🎯 [分母] 纯应用层逻辑写入: 7077.84 MB
💿 [分子] OS内核级物理写入: 13999.88 MB  (14679932928 Bytes)
🔥 [核弹级数据] 最终系统级写放大 (System WA): 1.98 x
>>> [PHYSICAL_IO_RESULT] 13999.88
=======================================================

>>> --- GC Phase ---
Using request distribution 'uniform' a keyrange of [0 2147483646]
badger 2026/06/22 11:31:45 INFO: All 225 tables opened in 27ms
badger 2026/06/22 11:31:45 INFO: Discard stats nextEmptySlot: 19
badger 2026/06/22 11:31:45 INFO: Set nextTxnTs to 14706349

╔══════════════════════════════════════════════════╗
║          🧹 BadgerDB Vlog GC 分析工具           ║
╠══════════════════════════════════════════════════╣
║  GC 轮次: 3         丢弃阈值: 10%                ║
║  Vlog 目录: ./zzl_badger_data  ║
╚══════════════════════════════════════════════════╝

━━━━━━━━━━━━━━━━━━━━━━━━━━━━━━━━━━━━━━━━━━━━━━━━━━
📸 【GC 前】 快照
━━━━━━━━━━━━━━━━━━━━━━━━━━━━━━━━━━━━━━━━━━━━━━━━━━

=========================================================
📊 关机前 Vlog 物理大盘 (原生 BadgerDB)
=========================================================
    FID: 1          | Size: 1024.00 MB | Discard(垃圾):   94.04 MB | Garbage Ratio:  9.18%
    FID: 2          | Size: 1024.00 MB | Discard(垃圾):  100.40 MB | Garbage Ratio:  9.80%
    FID: 3          | Size: 1024.00 MB | Discard(垃圾):   93.78 MB | Garbage Ratio:  9.16%
    FID: 4          | Size: 1024.00 MB | Discard(垃圾):   86.82 MB | Garbage Ratio:  8.48%
    FID: 5          | Size: 1024.00 MB | Discard(垃圾):   78.77 MB | Garbage Ratio:  7.69%
    FID: 6          | Size: 1024.00 MB | Discard(垃圾):   92.62 MB | Garbage Ratio:  9.04%
    FID: 7          | Size: 1024.00 MB | Discard(垃圾):   88.23 MB | Garbage Ratio:  8.62%
    FID: 8          | Size: 1024.00 MB | Discard(垃圾):   94.74 MB | Garbage Ratio:  9.25%
    FID: 9          | Size: 1024.00 MB | Discard(垃圾):   88.76 MB | Garbage Ratio:  8.67%
    FID: 10         | Size: 1024.00 MB | Discard(垃圾):   96.03 MB | Garbage Ratio:  9.38%
    FID: 11         | Size: 1024.00 MB | Discard(垃圾):   78.44 MB | Garbage Ratio:  7.66%
    FID: 12         | Size: 1024.00 MB | Discard(垃圾):   78.00 MB | Garbage Ratio:  7.62%
    FID: 13         | Size: 1024.00 MB | Discard(垃圾):  112.18 MB | Garbage Ratio: 10.95%
    FID: 14         | Size:   84.24 MB | Discard(垃圾):    9.93 MB | Garbage Ratio: 11.79%
    FID: 15         | Size: 1024.00 MB | Discard(垃圾):  441.50 MB | Garbage Ratio: 43.12%
    FID: 16         | Size: 1024.00 MB | Discard(垃圾):  420.35 MB | Garbage Ratio: 41.05%
    FID: 17         | Size: 1024.00 MB | Discard(垃圾):  408.56 MB | Garbage Ratio: 39.90%
    FID: 18         | Size: 1024.00 MB | Discard(垃圾):  377.76 MB | Garbage Ratio: 36.89%
    FID: 19         | Size: 1024.00 MB | Discard(垃圾):  322.67 MB | Garbage Ratio: 31.51%
    FID: 20         | Size: 1024.00 MB | Discard(垃圾):    0.00 MB | Garbage Ratio:  0.00%
    FID: 21         | Size:  164.01 MB | Discard(垃圾):    0.00 MB | Garbage Ratio:  0.00%
(*) FID: 22         | Size:    0.00 MB | Discard(垃圾):    0.00 MB | Garbage Ratio:  0.00%
---------------------------------------------------------
📈 汇总: 共 22 个 Vlog 文件
总容量: 19704.28 MB | 总垃圾: 3163.59 MB | 整体垃圾率: 16.06%
=========================================================
📊 Badger.Size() 报告: LSM=2546 MB | Vlog=19704 MB

━━━━━━━━━━━━━━━━━━━━━━━━━━━━━━━━━━━━━━━━━━━━━━━━━━
🔥 开始执行 3 轮 GC (discardRatio=0.10)
━━━━━━━━━━━━━━━━━━━━━━━━━━━━━━━━━━━━━━━━━━━━━━━━━━

--- 🔄 GC 第 1/3 轮 ---
badger 2026/06/22 11:31:45 INFO: Found value log max discard fid: 15 discard: 462951437
badger 2026/06/22 11:31:45 INFO: Rewriting fid: 15
badger 2026/06/22 11:31:53 INFO: Processed 3818 entries in 4 loops
badger 2026/06/22 11:31:53 INFO: Total entries: 510772. Moved: 290544
badger 2026/06/22 11:31:53 INFO: Removing fid: 15
   ⏱️  耗时: 8.235023s
   ✅ 状态: 成功回收
   💿 本轮 GC 额外造成的磁盘物理写入: 599.65 MB
   🗑️  空间回收: 441.52 MB

--- 🔄 GC 第 2/3 轮 ---
badger 2026/06/22 11:31:53 INFO: Found value log max discard fid: 16 discard: 440769008
badger 2026/06/22 11:31:53 INFO: Rewriting fid: 16
badger 2026/06/22 11:32:02 INFO: Processed 38 entries in 1 loops
badger 2026/06/22 11:32:02 INFO: Total entries: 511145. Moved: 301321
badger 2026/06/22 11:32:02 INFO: Removing fid: 16
   ⏱️  耗时: 8.532964s
   ✅ 状态: 成功回收
   💿 本轮 GC 额外造成的磁盘物理写入: 621.46 MB
   🗑️  空间回收: 420.35 MB

--- 🔄 GC 第 3/3 轮 ---
badger 2026/06/22 11:32:02 INFO: Found value log max discard fid: 17 discard: 428410360
badger 2026/06/22 11:32:02 INFO: Rewriting fid: 17
badger 2026/06/22 11:32:11 INFO: Processed 3679 entries in 4 loops
badger 2026/06/22 11:32:11 INFO: Total entries: 510618. Moved: 304870
badger 2026/06/22 11:32:11 INFO: Removing fid: 17
   ⏱️  耗时: 9.262071s
   ✅ 状态: 成功回收
   💿 本轮 GC 额外造成的磁盘物理写入: 2011.10 MB
   🗑️  空间回收: 413.02 MB

━━━━━━━━━━━━━━━━━━━━━━━━━━━━━━━━━━━━━━━━━━━━━━━━━━
📸 【GC 后】 快照
━━━━━━━━━━━━━━━━━━━━━━━━━━━━━━━━━━━━━━━━━━━━━━━━━━

=========================================================
📊 关机前 Vlog 物理大盘 (原生 BadgerDB)
=========================================================
    FID: 1          | Size: 1024.00 MB | Discard(垃圾):  129.73 MB | Garbage Ratio: 12.67%
    FID: 2          | Size: 1024.00 MB | Discard(垃圾):  133.53 MB | Garbage Ratio: 13.04%
    FID: 3          | Size: 1024.00 MB | Discard(垃圾):  111.67 MB | Garbage Ratio: 10.91%
    FID: 4          | Size: 1024.00 MB | Discard(垃圾):  138.05 MB | Garbage Ratio: 13.48%
    FID: 5          | Size: 1024.00 MB | Discard(垃圾):  102.13 MB | Garbage Ratio:  9.97%
    FID: 6          | Size: 1024.00 MB | Discard(垃圾):  127.15 MB | Garbage Ratio: 12.42%
    FID: 7          | Size: 1024.00 MB | Discard(垃圾):  113.31 MB | Garbage Ratio: 11.07%
    FID: 8          | Size: 1024.00 MB | Discard(垃圾):  122.47 MB | Garbage Ratio: 11.96%
    FID: 9          | Size: 1024.00 MB | Discard(垃圾):  140.58 MB | Garbage Ratio: 13.73%
    FID: 10         | Size: 1024.00 MB | Discard(垃圾):  110.96 MB | Garbage Ratio: 10.84%
    FID: 11         | Size: 1024.00 MB | Discard(垃圾):  112.03 MB | Garbage Ratio: 10.94%
    FID: 12         | Size: 1024.00 MB | Discard(垃圾):   98.70 MB | Garbage Ratio:  9.64%
    FID: 13         | Size: 1024.00 MB | Discard(垃圾):  151.58 MB | Garbage Ratio: 14.80%
    FID: 14         | Size:   84.24 MB | Discard(垃圾):   13.24 MB | Garbage Ratio: 15.72%
    FID: 18         | Size: 1024.00 MB | Discard(垃圾):  406.53 MB | Garbage Ratio: 39.70%
    FID: 19         | Size: 1024.00 MB | Discard(垃圾):  385.16 MB | Garbage Ratio: 37.61%
    FID: 20         | Size: 1024.00 MB | Discard(垃圾):  348.78 MB | Garbage Ratio: 34.06%
    FID: 21         | Size:  164.01 MB | Discard(垃圾):   41.02 MB | Garbage Ratio: 25.01%
    FID: 22         | Size: 1032.79 MB | Discard(垃圾):  100.05 MB | Garbage Ratio:  9.69%
(*) FID: 23         | Size:  764.35 MB | Discard(垃圾):   42.63 MB | Garbage Ratio:  5.58%
---------------------------------------------------------
📈 汇总: 共 20 个 Vlog 文件
总容量: 18429.41 MB | 总垃圾: 2929.32 MB | 整体垃圾率: 15.89%
=========================================================
📊 Badger.Size() 报告: LSM=2546 MB | Vlog=19704 MB

╔══════════════════════════════════════════════════╗
║              📊 GC 汇总报告                      ║
╠══════════════════════════════════════════════════╣
║  实际执行轮次: 3 / 3                             ║
║  总耗时: 26.03s                                ║
╠──────────────────────────────────────────────────╣
║  📏 空间变化 (Badger 逻辑视角)                    ║
║    GC 前总逻辑数据 (LSM+Vlog): 22250 MB              ║
║    GC 后总逻辑数据 (LSM+Vlog): 22250 MB              ║
║    逻辑数据变化: -0.00 MB (数据被搬到 LSM 紧凑存储)║
║    ✅ Vlog 目录实际磁盘占用减少: 1274.88 MB           ║
╠──────────────────────────────────────────────────╣
║  💿 GC 造成的额外磁盘写入                         ║
║    GC 总物理写入: 3232.21 MB                         ║
║    (总共回收了 1274.88 MB 磁盘空间)                   ║
╠──────────────────────────────────────────────────╣
║  🔍 逐轮明细                                     ║
║  R1 ✅ 耗时: 8.235023s | 物理写: 599.65 MB | 回收: 441.52 MB ║
║  R2 ✅ 耗时: 8.532964s | 物理写: 621.46 MB | 回收: 420.35 MB ║
║  R3 ✅ 耗时: 9.262071s | 物理写:2011.10 MB | 回收: 413.02 MB ║
╚══════════════════════════════════════════════════╝
>>> [GC_SUMMARY] rounds=3 total_time_ms=26030 phys_write_mb=3232.21 space_reclaimed_mb=1274.88
╚═════════════════════✅✅✅GC已经结束✅✅✅═════════════════════════════╝
╚═════════════════════✅✅✅GC已经结束✅✅✅═════════════════════════════╝
╚═════════════════════✅✅✅GC已经结束✅✅✅═════════════════════════════╝
badger 2026/06/22 11:32:11 INFO: 
=========================================================
📊 关机前 Vlog 物理大盘 (原生 BadgerDB)
=========================================================
    FID: 1          | Size: 1024.00 MB | Discard(垃圾):  129.73 MB | Garbage Ratio: 12.67%!
(MISSING)    FID: 2          | Size: 1024.00 MB | Discard(垃圾):  133.53 MB | Garbage Ratio: 13.04%!
(MISSING)    FID: 3          | Size: 1024.00 MB | Discard(垃圾):  111.67 MB | Garbage Ratio: 10.91%!
(MISSING)    FID: 4          | Size: 1024.00 MB | Discard(垃圾):  138.05 MB | Garbage Ratio: 13.48%!
(MISSING)    FID: 5          | Size: 1024.00 MB | Discard(垃圾):  102.13 MB | Garbage Ratio:  9.97%!
(MISSING)    FID: 6          | Size: 1024.00 MB | Discard(垃圾):  127.15 MB | Garbage Ratio: 12.42%!
(MISSING)    FID: 7          | Size: 1024.00 MB | Discard(垃圾):  113.31 MB | Garbage Ratio: 11.07%!
(MISSING)    FID: 8          | Size: 1024.00 MB | Discard(垃圾):  122.47 MB | Garbage Ratio: 11.96%!
(MISSING)    FID: 9          | Size: 1024.00 MB | Discard(垃圾):  140.58 MB | Garbage Ratio: 13.73%!
(MISSING)    FID: 10         | Size: 1024.00 MB | Discard(垃圾):  110.96 MB | Garbage Ratio: 10.84%!
(MISSING)    FID: 11         | Size: 1024.00 MB | Discard(垃圾):  112.03 MB | Garbage Ratio: 10.94%!
(MISSING)    FID: 12         | Size: 1024.00 MB | Discard(垃圾):   98.70 MB | Garbage Ratio:  9.64%!
(MISSING)    FID: 13         | Size: 1024.00 MB | Discard(垃圾):  151.58 MB | Garbage Ratio: 14.80%!
(MISSING)    FID: 14         | Size:   84.24 MB | Discard(垃圾):   13.24 MB | Garbage Ratio: 15.72%!
(MISSING)    FID: 18         | Size: 1024.00 MB | Discard(垃圾):  406.53 MB | Garbage Ratio: 39.70%!
(MISSING)    FID: 19         | Size: 1024.00 MB | Discard(垃圾):  385.16 MB | Garbage Ratio: 37.61%!
(MISSING)    FID: 20         | Size: 1024.00 MB | Discard(垃圾):  348.78 MB | Garbage Ratio: 34.06%!
(MISSING)    FID: 21         | Size:  164.01 MB | Discard(垃圾):   41.02 MB | Garbage Ratio: 25.01%!
(MISSING)    FID: 22         | Size: 1032.79 MB | Discard(垃圾):  100.05 MB | Garbage Ratio:  9.69%!
(MISSING)(*) FID: 23         | Size:  764.35 MB | Discard(垃圾):   42.63 MB | Garbage Ratio:  5.58%!
(MISSING)---------------------------------------------------------
📈 汇总: 共 20 个 Vlog 文件
总容量: 18429.41 MB | 总垃圾: 2929.32 MB | 整体垃圾率: 15.89%!
(MISSING)=========================================================
badger 2026/06/22 11:32:11 INFO: Lifetime L0 stalled for: 0s
badger 2026/06/22 11:32:11 INFO: 
Level 0 [ ]: NumTables: 01. Size: 3.8 MiB of 0 B. Score: 0.00->0.00 StaleData: 0 B Target FileSize: 64 MiB
Level 1 [ ]: NumTables: 00. Size: 0 B of 10 MiB. Score: 0.00->0.00 StaleData: 0 B Target FileSize: 2.0 MiB
Level 2 [ ]: NumTables: 00. Size: 0 B of 10 MiB. Score: 0.00->0.00 StaleData: 0 B Target FileSize: 2.0 MiB
Level 3 [ ]: NumTables: 00. Size: 0 B of 10 MiB. Score: 0.00->0.00 StaleData: 0 B Target FileSize: 2.0 MiB
Level 4 [ ]: NumTables: 00. Size: 0 B of 22 MiB. Score: 0.00->0.00 StaleData: 0 B Target FileSize: 4.0 MiB
Level 5 [B]: NumTables: 29. Size: 216 MiB of 220 MiB. Score: 0.00->0.00 StaleData: 0 B Target FileSize: 8.0 MiB
Level 6 [ ]: NumTables: 196. Size: 2.1 GiB of 2.1 GiB. Score: 0.00->0.00 StaleData: 0 B Target FileSize: 16 MiB
Level Done

=======================================================
🏆 [YCSB 终极结算] 压测及引擎落盘已全部完成
=======================================================
🎯 [分母] 纯应用层逻辑写入: 0.00 MB
💿 [分子] OS内核级物理写入: 3236.07 MB  (3393265664 Bytes)
🔥 [核弹级数据] 最终系统级写放大 (System WA): 0.00 x
>>> [PHYSICAL_IO_RESULT] 3236.07
=======================================================

