=== 【heatLSM_Badger】 测试报告 ===
>>> --- Load Phase ---
Using request distribution 'zipfian' a keyrange of [0 10000000]
badger 2026/04/20 11:15:14 INFO: All 0 tables opened in 0s
badger 2026/04/20 11:15:14 INFO: Discard stats nextEmptySlot: 0
badger 2026/04/20 11:15:14 INFO: Set nextTxnTs to 0
***************** properties *****************
"recordcount"="10000000"
"command"="load"
"insertproportion"="0"
"readproportion"="0.5"
"operationcount"="10000000"
"readallfields"="true"
"badger.num_compactors"="4"
"table"="usertable"
"scanproportion"="0"
"badger.sync_writes"="false"
"badger.dir"="./zzl_badger_data"
"requestdistribution"="zipfian"
"workload"="core"
"dotransactions"="false"
"badger.valuedir"="./zzl_badger_data"
"updateproportion"="0.5"
**********************************************
INSERT - Takes(s): 10.0, Count: 603021, OPS: 60301.7, Avg(us): 9, Min(us): 3, Max(us): 4179, 50th(us): 7, 90th(us): 14, 95th(us): 20, 99th(us): 51, 99.9th(us): 124, 99.99th(us): 1162
TOTAL  - Takes(s): 10.0, Count: 603021, OPS: 60302.2, Avg(us): 9, Min(us): 3, Max(us): 4179, 50th(us): 7, 90th(us): 14, 95th(us): 20, 99th(us): 51, 99.9th(us): 124, 99.99th(us): 1162
INSERT - Takes(s): 20.0, Count: 975242, OPS: 48759.5, Avg(us): 9, Min(us): 3, Max(us): 5759, 50th(us): 7, 90th(us): 14, 95th(us): 20, 99th(us): 51, 99.9th(us): 125, 99.99th(us): 1029
TOTAL  - Takes(s): 20.0, Count: 975242, OPS: 48759.6, Avg(us): 9, Min(us): 3, Max(us): 5759, 50th(us): 7, 90th(us): 14, 95th(us): 20, 99th(us): 51, 99.9th(us): 125, 99.99th(us): 1029
INSERT - Takes(s): 30.0, Count: 1489885, OPS: 49660.6, Avg(us): 13, Min(us): 3, Max(us): 4620287, 50th(us): 8, 90th(us): 14, 95th(us): 21, 99th(us): 51, 99.9th(us): 125, 99.99th(us): 989
TOTAL  - Takes(s): 30.0, Count: 1489885, OPS: 49660.5, Avg(us): 13, Min(us): 3, Max(us): 4620287, 50th(us): 8, 90th(us): 14, 95th(us): 21, 99th(us): 51, 99.9th(us): 125, 99.99th(us): 989
INSERT - Takes(s): 40.0, Count: 1950718, OPS: 48767.1, Avg(us): 12, Min(us): 3, Max(us): 4620287, 50th(us): 7, 90th(us): 14, 95th(us): 20, 99th(us): 50, 99.9th(us): 119, 99.99th(us): 904
TOTAL  - Takes(s): 40.0, Count: 1950718, OPS: 48766.9, Avg(us): 12, Min(us): 3, Max(us): 4620287, 50th(us): 7, 90th(us): 14, 95th(us): 20, 99th(us): 50, 99.9th(us): 119, 99.99th(us): 904
INSERT - Takes(s): 50.0, Count: 2456576, OPS: 49131.0, Avg(us): 12, Min(us): 3, Max(us): 4620287, 50th(us): 7, 90th(us): 14, 95th(us): 20, 99th(us): 50, 99.9th(us): 117, 99.99th(us): 850
TOTAL  - Takes(s): 50.0, Count: 2456576, OPS: 49130.8, Avg(us): 12, Min(us): 3, Max(us): 4620287, 50th(us): 7, 90th(us): 14, 95th(us): 20, 99th(us): 50, 99.9th(us): 117, 99.99th(us): 850
INSERT - Takes(s): 60.0, Count: 2988771, OPS: 49812.5, Avg(us): 12, Min(us): 3, Max(us): 4620287, 50th(us): 7, 90th(us): 14, 95th(us): 20, 99th(us): 49, 99.9th(us): 114, 99.99th(us): 784
TOTAL  - Takes(s): 60.0, Count: 2988771, OPS: 49812.5, Avg(us): 12, Min(us): 3, Max(us): 4620287, 50th(us): 7, 90th(us): 14, 95th(us): 20, 99th(us): 49, 99.9th(us): 114, 99.99th(us): 784
INSERT - Takes(s): 70.0, Count: 3565254, OPS: 50931.5, Avg(us): 12, Min(us): 3, Max(us): 4620287, 50th(us): 7, 90th(us): 14, 95th(us): 20, 99th(us): 49, 99.9th(us): 113, 99.99th(us): 747
TOTAL  - Takes(s): 70.0, Count: 3565254, OPS: 50931.4, Avg(us): 12, Min(us): 3, Max(us): 4620287, 50th(us): 7, 90th(us): 14, 95th(us): 20, 99th(us): 49, 99.9th(us): 113, 99.99th(us): 747
INSERT - Takes(s): 80.0, Count: 3901391, OPS: 48766.8, Avg(us): 11, Min(us): 3, Max(us): 4620287, 50th(us): 7, 90th(us): 14, 95th(us): 20, 99th(us): 49, 99.9th(us): 112, 99.99th(us): 711
TOTAL  - Takes(s): 80.0, Count: 3901391, OPS: 48766.8, Avg(us): 11, Min(us): 3, Max(us): 4620287, 50th(us): 7, 90th(us): 14, 95th(us): 20, 99th(us): 49, 99.9th(us): 112, 99.99th(us): 711
INSERT - Takes(s): 90.0, Count: 4272294, OPS: 47469.5, Avg(us): 13, Min(us): 3, Max(us): 7716863, 50th(us): 7, 90th(us): 14, 95th(us): 20, 99th(us): 49, 99.9th(us): 113, 99.99th(us): 697
TOTAL  - Takes(s): 90.0, Count: 4272294, OPS: 47469.5, Avg(us): 13, Min(us): 3, Max(us): 7716863, 50th(us): 7, 90th(us): 14, 95th(us): 20, 99th(us): 49, 99.9th(us): 113, 99.99th(us): 697
INSERT - Takes(s): 100.0, Count: 4853675, OPS: 48536.2, Avg(us): 13, Min(us): 3, Max(us): 7716863, 50th(us): 7, 90th(us): 14, 95th(us): 21, 99th(us): 50, 99.9th(us): 114, 99.99th(us): 663
TOTAL  - Takes(s): 100.0, Count: 4853675, OPS: 48536.2, Avg(us): 13, Min(us): 3, Max(us): 7716863, 50th(us): 7, 90th(us): 14, 95th(us): 21, 99th(us): 50, 99.9th(us): 114, 99.99th(us): 663
INSERT - Takes(s): 110.0, Count: 5064275, OPS: 46038.7, Avg(us): 14, Min(us): 3, Max(us): 7716863, 50th(us): 7, 90th(us): 14, 95th(us): 21, 99th(us): 50, 99.9th(us): 114, 99.99th(us): 671
TOTAL  - Takes(s): 110.0, Count: 5064275, OPS: 46038.7, Avg(us): 14, Min(us): 3, Max(us): 7716863, 50th(us): 7, 90th(us): 14, 95th(us): 21, 99th(us): 50, 99.9th(us): 114, 99.99th(us): 671
INSERT - Takes(s): 120.0, Count: 5568072, OPS: 46400.5, Avg(us): 14, Min(us): 3, Max(us): 7716863, 50th(us): 8, 90th(us): 15, 95th(us): 22, 99th(us): 51, 99.9th(us): 116, 99.99th(us): 662
TOTAL  - Takes(s): 120.0, Count: 5568072, OPS: 46400.5, Avg(us): 14, Min(us): 3, Max(us): 7716863, 50th(us): 8, 90th(us): 15, 95th(us): 22, 99th(us): 51, 99.9th(us): 116, 99.99th(us): 662
INSERT - Takes(s): 130.0, Count: 5933130, OPS: 45639.4, Avg(us): 14, Min(us): 3, Max(us): 7716863, 50th(us): 8, 90th(us): 15, 95th(us): 22, 99th(us): 52, 99.9th(us): 117, 99.99th(us): 636
TOTAL  - Takes(s): 130.0, Count: 5933130, OPS: 45639.4, Avg(us): 14, Min(us): 3, Max(us): 7716863, 50th(us): 8, 90th(us): 15, 95th(us): 22, 99th(us): 52, 99.9th(us): 117, 99.99th(us): 636
INSERT - Takes(s): 140.0, Count: 6524990, OPS: 46606.7, Avg(us): 13, Min(us): 3, Max(us): 7716863, 50th(us): 8, 90th(us): 15, 95th(us): 22, 99th(us): 51, 99.9th(us): 117, 99.99th(us): 610
TOTAL  - Takes(s): 140.0, Count: 6524990, OPS: 46606.7, Avg(us): 13, Min(us): 3, Max(us): 7716863, 50th(us): 8, 90th(us): 15, 95th(us): 22, 99th(us): 51, 99.9th(us): 117, 99.99th(us): 610
INSERT - Takes(s): 150.0, Count: 7063526, OPS: 47090.0, Avg(us): 13, Min(us): 3, Max(us): 7716863, 50th(us): 8, 90th(us): 15, 95th(us): 22, 99th(us): 51, 99.9th(us): 116, 99.99th(us): 571
TOTAL  - Takes(s): 150.0, Count: 7063526, OPS: 47090.0, Avg(us): 13, Min(us): 3, Max(us): 7716863, 50th(us): 8, 90th(us): 15, 95th(us): 22, 99th(us): 51, 99.9th(us): 116, 99.99th(us): 571
INSERT - Takes(s): 160.0, Count: 7610967, OPS: 47568.3, Avg(us): 13, Min(us): 3, Max(us): 7716863, 50th(us): 8, 90th(us): 15, 95th(us): 22, 99th(us): 52, 99.9th(us): 118, 99.99th(us): 562
TOTAL  - Takes(s): 160.0, Count: 7610967, OPS: 47568.3, Avg(us): 13, Min(us): 3, Max(us): 7716863, 50th(us): 8, 90th(us): 15, 95th(us): 22, 99th(us): 52, 99.9th(us): 118, 99.99th(us): 562
INSERT - Takes(s): 170.0, Count: 7802968, OPS: 45899.6, Avg(us): 13, Min(us): 3, Max(us): 7716863, 50th(us): 8, 90th(us): 15, 95th(us): 22, 99th(us): 52, 99.9th(us): 117, 99.99th(us): 561
TOTAL  - Takes(s): 170.0, Count: 7802968, OPS: 45899.6, Avg(us): 13, Min(us): 3, Max(us): 7716863, 50th(us): 8, 90th(us): 15, 95th(us): 22, 99th(us): 52, 99.9th(us): 117, 99.99th(us): 561
INSERT - Takes(s): 180.0, Count: 8338485, OPS: 46324.8, Avg(us): 14, Min(us): 3, Max(us): 7716863, 50th(us): 8, 90th(us): 15, 95th(us): 23, 99th(us): 52, 99.9th(us): 118, 99.99th(us): 578
TOTAL  - Takes(s): 180.0, Count: 8338485, OPS: 46324.8, Avg(us): 14, Min(us): 3, Max(us): 7716863, 50th(us): 8, 90th(us): 15, 95th(us): 23, 99th(us): 52, 99.9th(us): 118, 99.99th(us): 578
INSERT - Takes(s): 190.0, Count: 8778330, OPS: 46201.5, Avg(us): 13, Min(us): 3, Max(us): 7716863, 50th(us): 8, 90th(us): 15, 95th(us): 23, 99th(us): 52, 99.9th(us): 119, 99.99th(us): 562
TOTAL  - Takes(s): 190.0, Count: 8778330, OPS: 46201.5, Avg(us): 13, Min(us): 3, Max(us): 7716863, 50th(us): 8, 90th(us): 15, 95th(us): 23, 99th(us): 52, 99.9th(us): 119, 99.99th(us): 562
badger 2026/04/20 11:18:26 INFO: [3] [E] LOG Compact 5->6 (1, 2 -> 2 tables with 1 splits). [00376 . 00195 00354 .] -> [00377 00378 .], took 2.607s
, deleted -714113 bytes
INSERT - Takes(s): 200.0, Count: 9049047, OPS: 45245.2, Avg(us): 14, Min(us): 3, Max(us): 7716863, 50th(us): 8, 90th(us): 15, 95th(us): 23, 99th(us): 52, 99.9th(us): 118, 99.99th(us): 556
TOTAL  - Takes(s): 200.0, Count: 9049047, OPS: 45245.2, Avg(us): 14, Min(us): 3, Max(us): 7716863, 50th(us): 8, 90th(us): 15, 95th(us): 23, 99th(us): 52, 99.9th(us): 118, 99.99th(us): 556
INSERT - Takes(s): 210.0, Count: 9656545, OPS: 45983.3, Avg(us): 14, Min(us): 3, Max(us): 7716863, 50th(us): 8, 90th(us): 15, 95th(us): 23, 99th(us): 52, 99.9th(us): 118, 99.99th(us): 551
TOTAL  - Takes(s): 210.0, Count: 9656545, OPS: 45983.3, Avg(us): 14, Min(us): 3, Max(us): 7716863, 50th(us): 8, 90th(us): 15, 95th(us): 23, 99th(us): 52, 99.9th(us): 118, 99.99th(us): 551
**********************************************
Run finished, takes 3m36.779563387s
INSERT - Takes(s): 216.8, Count: 10000000, OPS: 46129.8, Avg(us): 14, Min(us): 3, Max(us): 7716863, 50th(us): 8, 90th(us): 15, 95th(us): 23, 99th(us): 52, 99.9th(us): 118, 99.99th(us): 549
TOTAL  - Takes(s): 216.8, Count: 10000000, OPS: 46129.8, Avg(us): 14, Min(us): 3, Max(us): 7716863, 50th(us): 8, 90th(us): 15, 95th(us): 23, 99th(us): 52, 99.9th(us): 118, 99.99th(us): 549
badger 2026/04/20 11:18:51 INFO: 
=========================================================
📊 关机前 Vlog 物理大盘 (冷热双轨与垃圾存活率)
=========================================================
    [Cold 🧊] FID: 1          | Size: 1024.00 MB | Discard(垃圾):    0.00 MB | Garbage Ratio:  0.00%!
(MISSING)    [Cold 🧊] FID: 2          | Size: 1024.00 MB | Discard(垃圾):    0.00 MB | Garbage Ratio:  0.00%!
(MISSING)    [Cold 🧊] FID: 3          | Size: 1024.00 MB | Discard(垃圾):    0.00 MB | Garbage Ratio:  0.00%!
(MISSING)    [Cold 🧊] FID: 4          | Size: 1024.00 MB | Discard(垃圾):    0.00 MB | Garbage Ratio:  0.00%!
(MISSING)    [Cold 🧊] FID: 5          | Size: 1024.00 MB | Discard(垃圾):    0.00 MB | Garbage Ratio:  0.00%!
(MISSING)    [Cold 🧊] FID: 6          | Size: 1024.00 MB | Discard(垃圾):    0.00 MB | Garbage Ratio:  0.00%!
(MISSING)    [Cold 🧊] FID: 7          | Size: 1024.00 MB | Discard(垃圾):    0.00 MB | Garbage Ratio:  0.00%!
(MISSING)    [Cold 🧊] FID: 8          | Size: 1024.00 MB | Discard(垃圾):    0.00 MB | Garbage Ratio:  0.00%!
(MISSING)    [Cold 🧊] FID: 9          | Size: 1024.00 MB | Discard(垃圾):    0.00 MB | Garbage Ratio:  0.00%!
(MISSING)    [Cold 🧊] FID: 10         | Size: 1024.00 MB | Discard(垃圾):    0.00 MB | Garbage Ratio:  0.00%!
(MISSING)(*) [Cold 🧊] FID: 11         | Size:  258.75 MB | Discard(垃圾):    0.00 MB | Garbage Ratio:  0.00%!
(MISSING)(*) [Hot  🔥] FID: 2147483649 | Size: 2048.00 MB | Discard(垃圾):    0.00 MB | Garbage Ratio:  0.00%!
(MISSING)---------------------------------------------------------
📈 汇总: 共 11 个冷大巴, 1 个热大巴
总容量: 12546.75 MB | 总垃圾: 0.00 MB | 整体垃圾率: 0.00%!
(MISSING)=========================================================
badger 2026/04/20 11:18:51 INFO: Lifetime L0 stalled for: 0s
badger 2026/04/20 11:18:53 INFO: 
Level 0 [ ]: NumTables: 05. Size: 19 MiB of 0 B. Score: 1.00->1.29 StaleData: 0 B Target FileSize: 4.0 MiB
Level 1 [ ]: NumTables: 00. Size: 0 B of 8.0 MiB. Score: 0.00->0.00 StaleData: 0 B Target FileSize: 2.0 MiB
Level 2 [ ]: NumTables: 00. Size: 0 B of 13 MiB. Score: 0.00->0.00 StaleData: 0 B Target FileSize: 4.0 MiB
Level 3 [ ]: NumTables: 00. Size: 0 B of 26 MiB. Score: 0.00->0.00 StaleData: 0 B Target FileSize: 8.0 MiB
Level 4 [ ]: NumTables: 00. Size: 0 B of 52 MiB. Score: 0.00->0.00 StaleData: 0 B Target FileSize: 16 MiB
Level 5 [B]: NumTables: 03. Size: 80 MiB of 104 MiB. Score: 0.00->0.00 StaleData: 0 B Target FileSize: 32 MiB
Level 6 [ ]: NumTables: 06. Size: 207 MiB of 207 MiB. Score: 0.00->0.00 StaleData: 0 B Target FileSize: 64 MiB
Level 98 [H]: NumTables: 00. Size: 0 B of ∞. Score: 0.00->0.00 StaleData: 0 B Target FileSize: ∞
Level 99 [H]: NumTables: 00. Size: 0 B of ∞. Score: 0.00->0.00 StaleData: 0 B Target FileSize: ∞
Level Done
HeatTree统计因为阻塞丢弃的key个数（DropCount）: 0.

=======================================================
🏆 [YCSB 终极结算] 压测及引擎落盘已全部完成
=======================================================
🎯 [分母] 纯应用层逻辑写入: 10327.09 MB
💿 [分子] OS内核级物理写入: 13906.15 MB  (14581657600 Bytes)
🔥 [核弹级数据] 最终系统级写放大 (System WA): 1.35 x
>>> [PHYSICAL_IO_RESULT] 13906.15
=======================================================

>>> --- Run Phase ---
Using request distribution 'zipfian' a keyrange of [0 10000000]
badger 2026/04/20 11:18:56 INFO: All 14 tables opened in 36ms
badger 2026/04/20 11:18:56 INFO: Discard stats nextEmptySlot: 0
badger 2026/04/20 11:18:56 INFO: Set nextTxnTs to 10000000
***************** properties *****************
"scanproportion"="0"
"readproportion"="0.5"
"updateproportion"="0.5"
"requestdistribution"="zipfian"
"badger.dir"="./zzl_badger_data"
"table"="usertable"
"badger.sync_writes"="false"
"readallfields"="true"
"operationcount"="10000000"
"command"="run"
"badger.num_compactors"="4"
"insertproportion"="0"
"recordcount"="10000000"
"dotransactions"="true"
"workload"="core"
"badger.valuedir"="./zzl_badger_data"
**********************************************
READ   - Takes(s): 10.0, Count: 7838, OPS: 783.9, Avg(us): 627, Min(us): 1, Max(us): 16103, 50th(us): 588, 90th(us): 1199, 95th(us): 1431, 99th(us): 4567, 99.9th(us): 7595, 99.99th(us): 14663
TOTAL  - Takes(s): 10.0, Count: 15499, OPS: 1549.9, Avg(us): 640, Min(us): 1, Max(us): 22287, 50th(us): 602, 90th(us): 1229, 95th(us): 1459, 99th(us): 4439, 99.9th(us): 7711, 99.99th(us): 16103
UPDATE - Takes(s): 10.0, Count: 7661, OPS: 766.1, Avg(us): 653, Min(us): 8, Max(us): 22287, 50th(us): 614, 90th(us): 1264, 95th(us): 1488, 99th(us): 4251, 99.9th(us): 8783, 99.99th(us): 17407
READ   - Takes(s): 20.0, Count: 20038, OPS: 1002.0, Avg(us): 485, Min(us): 1, Max(us): 16103, 50th(us): 478, 90th(us): 937, 95th(us): 1227, 99th(us): 3779, 99.9th(us): 7223, 99.99th(us): 8871
TOTAL  - Takes(s): 20.0, Count: 39907, OPS: 1995.4, Avg(us): 496, Min(us): 1, Max(us): 22287, 50th(us): 491, 90th(us): 952, 95th(us): 1255, 99th(us): 3763, 99.9th(us): 7155, 99.99th(us): 14663
UPDATE - Takes(s): 20.0, Count: 19869, OPS: 993.5, Avg(us): 507, Min(us): 8, Max(us): 22287, 50th(us): 501, 90th(us): 968, 95th(us): 1279, 99th(us): 3727, 99.9th(us): 7063, 99.99th(us): 14823
READ   - Takes(s): 30.0, Count: 36921, OPS: 1230.8, Avg(us): 389, Min(us): 1, Max(us): 16103, 50th(us): 273, 90th(us): 815, 95th(us): 1018, 99th(us): 3089, 99.9th(us): 6863, 99.99th(us): 8855
TOTAL  - Takes(s): 30.0, Count: 73979, OPS: 2466.0, Avg(us): 401, Min(us): 1, Max(us): 22287, 50th(us): 263, 90th(us): 832, 95th(us): 1038, 99th(us): 3117, 99.9th(us): 6895, 99.99th(us): 13167
UPDATE - Takes(s): 30.0, Count: 37058, OPS: 1235.3, Avg(us): 412, Min(us): 6, Max(us): 22287, 50th(us): 242, 90th(us): 845, 95th(us): 1054, 99th(us): 3141, 99.9th(us): 6959, 99.99th(us): 13271
READ   - Takes(s): 40.0, Count: 64674, OPS: 1616.9, Avg(us): 294, Min(us): 1, Max(us): 16103, 50th(us): 29, 90th(us): 707, 95th(us): 855, 99th(us): 1509, 99.9th(us): 5935, 99.99th(us): 8695
TOTAL  - Takes(s): 40.0, Count: 129386, OPS: 3234.7, Avg(us): 305, Min(us): 1, Max(us): 22287, 50th(us): 42, 90th(us): 725, 95th(us): 870, 99th(us): 1553, 99.9th(us): 5951, 99.99th(us): 9543
UPDATE - Takes(s): 40.0, Count: 64712, OPS: 1617.8, Avg(us): 315, Min(us): 6, Max(us): 22287, 50th(us): 50, 90th(us): 741, 95th(us): 883, 99th(us): 1588, 99.9th(us): 5903, 99.99th(us): 10895
READ   - Takes(s): 50.0, Count: 106148, OPS: 2123.0, Avg(us): 222, Min(us): 1, Max(us): 16103, 50th(us): 23, 90th(us): 633, 95th(us): 754, 99th(us): 1276, 99.9th(us): 5287, 99.99th(us): 8047
TOTAL  - Takes(s): 50.0, Count: 212520, OPS: 4250.4, Avg(us): 231, Min(us): 1, Max(us): 22287, 50th(us): 32, 90th(us): 648, 95th(us): 771, 99th(us): 1309, 99.9th(us): 5291, 99.99th(us): 8807
UPDATE - Takes(s): 50.0, Count: 106372, OPS: 2127.4, Avg(us): 241, Min(us): 6, Max(us): 22287, 50th(us): 39, 90th(us): 662, 95th(us): 787, 99th(us): 1335, 99.9th(us): 5323, 99.99th(us): 9543
badger 2026/04/20 11:19:56 INFO: Block cache metrics: hit: 418055 miss: 129476 keys-added: 81260 keys-updated: 4 keys-evicted: 21575 cost-added: 365454060 cost-evicted: 97020030 sets-dropped: 0 sets-rejected: 44388 gets-dropped: 0 gets-kept: 545984 gets-total: 547531 hit-ratio: 0.76
READ   - Takes(s): 60.0, Count: 169998, OPS: 2833.3, Avg(us): 164, Min(us): 1, Max(us): 16103, 50th(us): 20, 90th(us): 571, 95th(us): 676, 99th(us): 1078, 99.9th(us): 4711, 99.99th(us): 7595
TOTAL  - Takes(s): 60.0, Count: 339893, OPS: 5664.9, Avg(us): 173, Min(us): 1, Max(us): 22287, 50th(us): 27, 90th(us): 585, 95th(us): 692, 99th(us): 1098, 99.9th(us): 4711, 99.99th(us): 8135
UPDATE - Takes(s): 60.0, Count: 169895, OPS: 2831.6, Avg(us): 182, Min(us): 6, Max(us): 22287, 50th(us): 34, 90th(us): 598, 95th(us): 708, 99th(us): 1119, 99.9th(us): 4711, 99.99th(us): 8783
READ   - Takes(s): 70.0, Count: 262644, OPS: 3752.1, Avg(us): 122, Min(us): 1, Max(us): 16103, 50th(us): 18, 90th(us): 506, 95th(us): 616, 99th(us): 927, 99.9th(us): 3849, 99.99th(us): 7223
TOTAL  - Takes(s): 70.0, Count: 525264, OPS: 7503.8, Avg(us): 130, Min(us): 1, Max(us): 22287, 50th(us): 25, 90th(us): 519, 95th(us): 631, 99th(us): 942, 99.9th(us): 3889, 99.99th(us): 7399
UPDATE - Takes(s): 70.0, Count: 262620, OPS: 3751.7, Avg(us): 138, Min(us): 6, Max(us): 22287, 50th(us): 31, 90th(us): 532, 95th(us): 645, 99th(us): 957, 99.9th(us): 3919, 99.99th(us): 8047
READ   - Takes(s): 80.0, Count: 416009, OPS: 5200.2, Avg(us): 86, Min(us): 1, Max(us): 16103, 50th(us): 16, 90th(us): 396, 95th(us): 549, 99th(us): 815, 99.9th(us): 2825, 99.99th(us): 6823
TOTAL  - Takes(s): 80.0, Count: 831982, OPS: 10399.9, Avg(us): 93, Min(us): 1, Max(us): 22287, 50th(us): 21, 90th(us): 408, 95th(us): 563, 99th(us): 835, 99.9th(us): 2919, 99.99th(us): 6895
UPDATE - Takes(s): 80.0, Count: 415973, OPS: 5199.7, Avg(us): 100, Min(us): 5, Max(us): 22287, 50th(us): 26, 90th(us): 421, 95th(us): 577, 99th(us): 850, 99.9th(us): 2979, 99.99th(us): 6971
READ   - Takes(s): 90.0, Count: 604377, OPS: 6715.4, Avg(us): 65, Min(us): 1, Max(us): 16103, 50th(us): 15, 90th(us): 62, 95th(us): 484, 99th(us): 741, 99.9th(us): 1641, 99.99th(us): 6303
TOTAL  - Takes(s): 90.0, Count: 1208760, OPS: 13430.7, Avg(us): 72, Min(us): 1, Max(us): 22287, 50th(us): 20, 90th(us): 82, 95th(us): 497, 99th(us): 761, 99.9th(us): 1708, 99.99th(us): 6227
UPDATE - Takes(s): 90.0, Count: 604383, OPS: 6715.4, Avg(us): 78, Min(us): 5, Max(us): 22287, 50th(us): 24, 90th(us): 94, 95th(us): 510, 99th(us): 778, 99.9th(us): 1765, 99.99th(us): 6191
READ   - Takes(s): 100.0, Count: 784379, OPS: 7843.9, Avg(us): 55, Min(us): 1, Max(us): 16103, 50th(us): 15, 90th(us): 45, 95th(us): 427, 99th(us): 698, 99.9th(us): 1468, 99.99th(us): 5679
TOTAL  - Takes(s): 100.0, Count: 1568197, OPS: 15682.0, Avg(us): 61, Min(us): 1, Max(us): 22287, 50th(us): 19, 90th(us): 62, 95th(us): 438, 99th(us): 717, 99.9th(us): 1513, 99.99th(us): 5703
UPDATE - Takes(s): 100.0, Count: 783818, OPS: 7838.2, Avg(us): 67, Min(us): 5, Max(us): 22287, 50th(us): 24, 90th(us): 73, 95th(us): 450, 99th(us): 733, 99.9th(us): 1548, 99.99th(us): 5715
READ   - Takes(s): 110.0, Count: 999064, OPS: 9082.4, Avg(us): 47, Min(us): 1, Max(us): 16103, 50th(us): 14, 90th(us): 37, 95th(us): 325, 99th(us): 661, 99.9th(us): 1356, 99.99th(us): 5383
TOTAL  - Takes(s): 110.0, Count: 1997479, OPS: 18158.8, Avg(us): 53, Min(us): 1, Max(us): 22287, 50th(us): 19, 90th(us): 50, 95th(us): 337, 99th(us): 678, 99.9th(us): 1388, 99.99th(us): 5399
UPDATE - Takes(s): 110.0, Count: 998415, OPS: 9076.5, Avg(us): 58, Min(us): 5, Max(us): 22287, 50th(us): 23, 90th(us): 60, 95th(us): 352, 99th(us): 693, 99.9th(us): 1421, 99.99th(us): 5415
READ   - Takes(s): 120.0, Count: 1187863, OPS: 9899.0, Avg(us): 42, Min(us): 1, Max(us): 16103, 50th(us): 14, 90th(us): 34, 95th(us): 94, 99th(us): 636, 99.9th(us): 1292, 99.99th(us): 5331
TOTAL  - Takes(s): 120.0, Count: 2375393, OPS: 19795.0, Avg(us): 48, Min(us): 1, Max(us): 1566719, 50th(us): 18, 90th(us): 46, 95th(us): 119, 99th(us): 652, 99.9th(us): 1328, 99.99th(us): 5331
UPDATE - Takes(s): 120.0, Count: 1187530, OPS: 9896.1, Avg(us): 54, Min(us): 5, Max(us): 1566719, 50th(us): 22, 90th(us): 55, 95th(us): 134, 99th(us): 667, 99.9th(us): 1354, 99.99th(us): 5339
READ   - Takes(s): 130.0, Count: 1414790, OPS: 10883.1, Avg(us): 38, Min(us): 1, Max(us): 16103, 50th(us): 14, 90th(us): 31, 95th(us): 62, 99th(us): 612, 99.9th(us): 1242, 99.99th(us): 5279
TOTAL  - Takes(s): 130.0, Count: 2829263, OPS: 21763.4, Avg(us): 44, Min(us): 1, Max(us): 1566719, 50th(us): 18, 90th(us): 42, 95th(us): 83, 99th(us): 628, 99.9th(us): 1273, 99.99th(us): 5255
UPDATE - Takes(s): 130.0, Count: 1414473, OPS: 10880.5, Avg(us): 49, Min(us): 5, Max(us): 1566719, 50th(us): 22, 90th(us): 50, 95th(us): 96, 99th(us): 642, 99.9th(us): 1305, 99.99th(us): 5243
READ   - Takes(s): 140.0, Count: 1658292, OPS: 11844.9, Avg(us): 34, Min(us): 1, Max(us): 16103, 50th(us): 13, 90th(us): 29, 95th(us): 51, 99th(us): 589, 99.9th(us): 1167, 99.99th(us): 5027
TOTAL  - Takes(s): 140.0, Count: 3315537, OPS: 23682.2, Avg(us): 40, Min(us): 1, Max(us): 1566719, 50th(us): 18, 90th(us): 39, 95th(us): 69, 99th(us): 605, 99.9th(us): 1197, 99.99th(us): 5039
UPDATE - Takes(s): 140.0, Count: 1657245, OPS: 11837.4, Avg(us): 46, Min(us): 5, Max(us): 1566719, 50th(us): 21, 90th(us): 47, 95th(us): 81, 99th(us): 619, 99.9th(us): 1228, 99.99th(us): 5051
READ   - Takes(s): 150.0, Count: 1874754, OPS: 12498.5, Avg(us): 32, Min(us): 1, Max(us): 16103, 50th(us): 13, 90th(us): 29, 95th(us): 48, 99th(us): 571, 99.9th(us): 1114, 99.99th(us): 4847
TOTAL  - Takes(s): 150.0, Count: 3748901, OPS: 24992.6, Avg(us): 38, Min(us): 1, Max(us): 1566719, 50th(us): 17, 90th(us): 39, 95th(us): 65, 99th(us): 586, 99.9th(us): 1139, 99.99th(us): 4871
UPDATE - Takes(s): 150.0, Count: 1874147, OPS: 12494.3, Avg(us): 43, Min(us): 5, Max(us): 1566719, 50th(us): 21, 90th(us): 46, 95th(us): 77, 99th(us): 601, 99.9th(us): 1164, 99.99th(us): 4903
READ   - Takes(s): 160.0, Count: 2085763, OPS: 13036.1, Avg(us): 30, Min(us): 1, Max(us): 16103, 50th(us): 13, 90th(us): 28, 95th(us): 47, 99th(us): 556, 99.9th(us): 1065, 99.99th(us): 4739
TOTAL  - Takes(s): 160.0, Count: 4171443, OPS: 26071.6, Avg(us): 36, Min(us): 1, Max(us): 1566719, 50th(us): 17, 90th(us): 38, 95th(us): 63, 99th(us): 570, 99.9th(us): 1092, 99.99th(us): 4755
UPDATE - Takes(s): 160.0, Count: 2085680, OPS: 13035.5, Avg(us): 42, Min(us): 5, Max(us): 1566719, 50th(us): 21, 90th(us): 46, 95th(us): 75, 99th(us): 585, 99.9th(us): 1116, 99.99th(us): 4755
READ   - Takes(s): 170.0, Count: 2321921, OPS: 13658.5, Avg(us): 29, Min(us): 1, Max(us): 16103, 50th(us): 13, 90th(us): 28, 95th(us): 44, 99th(us): 539, 99.9th(us): 1013, 99.99th(us): 4567
TOTAL  - Takes(s): 170.0, Count: 4643879, OPS: 27316.9, Avg(us): 34, Min(us): 1, Max(us): 1566719, 50th(us): 17, 90th(us): 37, 95th(us): 59, 99th(us): 553, 99.9th(us): 1042, 99.99th(us): 4587
UPDATE - Takes(s): 170.0, Count: 2321958, OPS: 13658.6, Avg(us): 40, Min(us): 5, Max(us): 1566719, 50th(us): 21, 90th(us): 45, 95th(us): 71, 99th(us): 567, 99.9th(us): 1064, 99.99th(us): 4595
READ   - Takes(s): 180.0, Count: 2540702, OPS: 14115.1, Avg(us): 28, Min(us): 1, Max(us): 16103, 50th(us): 13, 90th(us): 27, 95th(us): 42, 99th(us): 524, 99.9th(us): 980, 99.99th(us): 4443
TOTAL  - Takes(s): 180.0, Count: 5080829, OPS: 28226.9, Avg(us): 33, Min(us): 1, Max(us): 1566719, 50th(us): 17, 90th(us): 37, 95th(us): 57, 99th(us): 538, 99.9th(us): 1004, 99.99th(us): 4471
UPDATE - Takes(s): 180.0, Count: 2540127, OPS: 14111.8, Avg(us): 39, Min(us): 5, Max(us): 1566719, 50th(us): 21, 90th(us): 44, 95th(us): 69, 99th(us): 552, 99.9th(us): 1028, 99.99th(us): 4495
READ   - Takes(s): 190.0, Count: 2782727, OPS: 14646.0, Avg(us): 26, Min(us): 1, Max(us): 16103, 50th(us): 13, 90th(us): 27, 95th(us): 40, 99th(us): 508, 99.9th(us): 947, 99.99th(us): 4319
TOTAL  - Takes(s): 190.0, Count: 5563902, OPS: 29283.7, Avg(us): 32, Min(us): 1, Max(us): 1566719, 50th(us): 17, 90th(us): 36, 95th(us): 55, 99th(us): 522, 99.9th(us): 969, 99.99th(us): 4347
UPDATE - Takes(s): 190.0, Count: 2781175, OPS: 14637.8, Avg(us): 37, Min(us): 5, Max(us): 1566719, 50th(us): 21, 90th(us): 43, 95th(us): 66, 99th(us): 536, 99.9th(us): 992, 99.99th(us): 4359
READ   - Takes(s): 200.0, Count: 3018382, OPS: 15092.0, Avg(us): 26, Min(us): 1, Max(us): 16103, 50th(us): 13, 90th(us): 27, 95th(us): 39, 99th(us): 492, 99.9th(us): 924, 99.99th(us): 4095
TOTAL  - Takes(s): 200.0, Count: 6036113, OPS: 30180.5, Avg(us): 31, Min(us): 1, Max(us): 1566719, 50th(us): 17, 90th(us): 35, 95th(us): 53, 99th(us): 506, 99.9th(us): 944, 99.99th(us): 4203
UPDATE - Takes(s): 200.0, Count: 3017731, OPS: 15088.6, Avg(us): 36, Min(us): 5, Max(us): 1566719, 50th(us): 21, 90th(us): 42, 95th(us): 64, 99th(us): 520, 99.9th(us): 964, 99.99th(us): 4263
READ   - Takes(s): 210.0, Count: 3211441, OPS: 15292.6, Avg(us): 25, Min(us): 1, Max(us): 16103, 50th(us): 13, 90th(us): 27, 95th(us): 40, 99th(us): 479, 99.9th(us): 904, 99.99th(us): 3927
TOTAL  - Takes(s): 210.0, Count: 6420797, OPS: 30575.2, Avg(us): 30, Min(us): 1, Max(us): 1566719, 50th(us): 17, 90th(us): 36, 95th(us): 54, 99th(us): 494, 99.9th(us): 927, 99.99th(us): 4049
UPDATE - Takes(s): 210.0, Count: 3209356, OPS: 15282.7, Avg(us): 36, Min(us): 5, Max(us): 1566719, 50th(us): 21, 90th(us): 43, 95th(us): 65, 99th(us): 507, 99.9th(us): 946, 99.99th(us): 4119
READ   - Takes(s): 220.0, Count: 3432518, OPS: 15602.5, Avg(us): 24, Min(us): 1, Max(us): 16103, 50th(us): 13, 90th(us): 27, 95th(us): 39, 99th(us): 465, 99.9th(us): 886, 99.99th(us): 3787
TOTAL  - Takes(s): 220.0, Count: 6863334, OPS: 31197.1, Avg(us): 30, Min(us): 1, Max(us): 1566719, 50th(us): 17, 90th(us): 35, 95th(us): 53, 99th(us): 479, 99.9th(us): 907, 99.99th(us): 3889
UPDATE - Takes(s): 220.0, Count: 3430816, OPS: 15594.7, Avg(us): 35, Min(us): 5, Max(us): 1566719, 50th(us): 21, 90th(us): 42, 95th(us): 64, 99th(us): 493, 99.9th(us): 927, 99.99th(us): 3951
READ   - Takes(s): 230.0, Count: 3658798, OPS: 15907.9, Avg(us): 24, Min(us): 1, Max(us): 16103, 50th(us): 13, 90th(us): 26, 95th(us): 38, 99th(us): 451, 99.9th(us): 871, 99.99th(us): 3679
TOTAL  - Takes(s): 230.0, Count: 7314797, OPS: 31803.4, Avg(us): 29, Min(us): 1, Max(us): 1566719, 50th(us): 17, 90th(us): 35, 95th(us): 52, 99th(us): 464, 99.9th(us): 891, 99.99th(us): 3769
UPDATE - Takes(s): 230.0, Count: 3655999, OPS: 15895.7, Avg(us): 34, Min(us): 5, Max(us): 1566719, 50th(us): 21, 90th(us): 42, 95th(us): 63, 99th(us): 478, 99.9th(us): 910, 99.99th(us): 3853
READ   - Takes(s): 240.0, Count: 3900921, OPS: 16253.9, Avg(us): 23, Min(us): 1, Max(us): 16103, 50th(us): 13, 90th(us): 26, 95th(us): 37, 99th(us): 436, 99.9th(us): 855, 99.99th(us): 3549
TOTAL  - Takes(s): 240.0, Count: 7798028, OPS: 32491.8, Avg(us): 29, Min(us): 1, Max(us): 1566719, 50th(us): 17, 90th(us): 35, 95th(us): 51, 99th(us): 449, 99.9th(us): 876, 99.99th(us): 3649
UPDATE - Takes(s): 240.0, Count: 3897107, OPS: 16237.9, Avg(us): 34, Min(us): 5, Max(us): 1566719, 50th(us): 21, 90th(us): 41, 95th(us): 61, 99th(us): 463, 99.9th(us): 895, 99.99th(us): 3745
READ   - Takes(s): 250.0, Count: 4111273, OPS: 16445.2, Avg(us): 23, Min(us): 1, Max(us): 16103, 50th(us): 13, 90th(us): 26, 95th(us): 37, 99th(us): 422, 99.9th(us): 844, 99.99th(us): 3473
TOTAL  - Takes(s): 250.0, Count: 8218700, OPS: 32874.8, Avg(us): 28, Min(us): 1, Max(us): 1566719, 50th(us): 17, 90th(us): 35, 95th(us): 51, 99th(us): 435, 99.9th(us): 866, 99.99th(us): 3533
UPDATE - Takes(s): 250.0, Count: 4107427, OPS: 16429.7, Avg(us): 33, Min(us): 5, Max(us): 1566719, 50th(us): 21, 90th(us): 41, 95th(us): 61, 99th(us): 449, 99.9th(us): 884, 99.99th(us): 3629
READ   - Takes(s): 260.0, Count: 4314550, OPS: 16594.5, Avg(us): 23, Min(us): 1, Max(us): 16103, 50th(us): 13, 90th(us): 26, 95th(us): 38, 99th(us): 407, 99.9th(us): 833, 99.99th(us): 3401
TOTAL  - Takes(s): 260.0, Count: 8625131, OPS: 33173.6, Avg(us): 28, Min(us): 1, Max(us): 1566719, 50th(us): 17, 90th(us): 35, 95th(us): 51, 99th(us): 421, 99.9th(us): 854, 99.99th(us): 3457
UPDATE - Takes(s): 260.0, Count: 4310581, OPS: 16579.2, Avg(us): 33, Min(us): 5, Max(us): 1566719, 50th(us): 21, 90th(us): 41, 95th(us): 62, 99th(us): 436, 99.9th(us): 873, 99.99th(us): 3515
READ   - Takes(s): 270.0, Count: 4548945, OPS: 16847.9, Avg(us): 22, Min(us): 1, Max(us): 16103, 50th(us): 13, 90th(us): 26, 95th(us): 37, 99th(us): 388, 99.9th(us): 820, 99.99th(us): 3305
TOTAL  - Takes(s): 270.0, Count: 9094417, OPS: 33682.9, Avg(us): 27, Min(us): 1, Max(us): 1566719, 50th(us): 17, 90th(us): 35, 95th(us): 51, 99th(us): 402, 99.9th(us): 843, 99.99th(us): 3373
UPDATE - Takes(s): 270.0, Count: 4545472, OPS: 16835.0, Avg(us): 33, Min(us): 5, Max(us): 1566719, 50th(us): 21, 90th(us): 41, 95th(us): 61, 99th(us): 417, 99.9th(us): 862, 99.99th(us): 3439
READ   - Takes(s): 280.0, Count: 4766106, OPS: 17021.9, Avg(us): 22, Min(us): 1, Max(us): 16103, 50th(us): 13, 90th(us): 26, 95th(us): 37, 99th(us): 367, 99.9th(us): 810, 99.99th(us): 3189
TOTAL  - Takes(s): 280.0, Count: 9528731, OPS: 34031.2, Avg(us): 27, Min(us): 1, Max(us): 1566719, 50th(us): 17, 90th(us): 34, 95th(us): 50, 99th(us): 383, 99.9th(us): 833, 99.99th(us): 3279
UPDATE - Takes(s): 280.0, Count: 4762625, OPS: 17009.4, Avg(us): 32, Min(us): 5, Max(us): 1566719, 50th(us): 21, 90th(us): 41, 95th(us): 60, 99th(us): 399, 99.9th(us): 852, 99.99th(us): 3371
READ   - Takes(s): 290.0, Count: 4996941, OPS: 17230.9, Avg(us): 22, Min(us): 1, Max(us): 16103, 50th(us): 13, 90th(us): 26, 95th(us): 37, 99th(us): 343, 99.9th(us): 800, 99.99th(us): 3079
TOTAL  - Takes(s): 290.0, Count: 9989188, OPS: 34445.5, Avg(us): 27, Min(us): 1, Max(us): 1566719, 50th(us): 17, 90th(us): 34, 95th(us): 50, 99th(us): 360, 99.9th(us): 823, 99.99th(us): 3189
UPDATE - Takes(s): 290.0, Count: 4992247, OPS: 17214.7, Avg(us): 32, Min(us): 5, Max(us): 1566719, 50th(us): 21, 90th(us): 41, 95th(us): 60, 99th(us): 377, 99.9th(us): 842, 99.99th(us): 3273
**********************************************
Run finished, takes 4m50.225160658s
READ   - Takes(s): 290.2, Count: 5002396, OPS: 17236.5, Avg(us): 22, Min(us): 1, Max(us): 16103, 50th(us): 13, 90th(us): 26, 95th(us): 36, 99th(us): 342, 99.9th(us): 799, 99.99th(us): 3079
TOTAL  - Takes(s): 290.2, Count: 10000000, OPS: 34456.3, Avg(us): 27, Min(us): 1, Max(us): 1566719, 50th(us): 17, 90th(us): 34, 95th(us): 50, 99th(us): 359, 99.9th(us): 823, 99.99th(us): 3189
UPDATE - Takes(s): 290.2, Count: 4997604, OPS: 17219.9, Avg(us): 32, Min(us): 5, Max(us): 1566719, 50th(us): 21, 90th(us): 41, 95th(us): 60, 99th(us): 376, 99.9th(us): 842, 99.99th(us): 3263
badger 2026/04/20 11:23:47 INFO: 
=========================================================
📊 关机前 Vlog 物理大盘 (冷热双轨与垃圾存活率)
=========================================================
    [Cold 🧊] FID: 1          | Size: 1024.00 MB | Discard(垃圾):   30.11 MB | Garbage Ratio:  2.94%!
(MISSING)    [Cold 🧊] FID: 2          | Size: 1024.00 MB | Discard(垃圾):  139.85 MB | Garbage Ratio: 13.66%!
(MISSING)    [Cold 🧊] FID: 3          | Size: 1024.00 MB | Discard(垃圾):   23.75 MB | Garbage Ratio:  2.32%!
(MISSING)    [Cold 🧊] FID: 4          | Size: 1024.00 MB | Discard(垃圾):   94.75 MB | Garbage Ratio:  9.25%!
(MISSING)    [Cold 🧊] FID: 5          | Size: 1024.00 MB | Discard(垃圾):  104.05 MB | Garbage Ratio: 10.16%!
(MISSING)    [Cold 🧊] FID: 6          | Size: 1024.00 MB | Discard(垃圾):  169.64 MB | Garbage Ratio: 16.57%!
(MISSING)    [Cold 🧊] FID: 7          | Size: 1024.00 MB | Discard(垃圾):    9.93 MB | Garbage Ratio:  0.97%!
(MISSING)    [Cold 🧊] FID: 8          | Size: 1024.00 MB | Discard(垃圾):  163.70 MB | Garbage Ratio: 15.99%!
(MISSING)    [Cold 🧊] FID: 9          | Size: 1024.00 MB | Discard(垃圾):  157.73 MB | Garbage Ratio: 15.40%!
(MISSING)    [Cold 🧊] FID: 10         | Size: 1024.00 MB | Discard(垃圾):  211.35 MB | Garbage Ratio: 20.64%!
(MISSING)    [Cold 🧊] FID: 11         | Size:  258.75 MB | Discard(垃圾):   54.46 MB | Garbage Ratio: 21.05%!
(MISSING)    [Cold 🧊] FID: 12         | Size: 1024.00 MB | Discard(垃圾):  581.91 MB | Garbage Ratio: 56.83%!
(MISSING)    [Cold 🧊] FID: 13         | Size: 1024.00 MB | Discard(垃圾):  522.30 MB | Garbage Ratio: 51.01%!
(MISSING)    [Cold 🧊] FID: 14         | Size: 1024.00 MB | Discard(垃圾):  467.81 MB | Garbage Ratio: 45.69%!
(MISSING)    [Cold 🧊] FID: 15         | Size: 1024.00 MB | Discard(垃圾):  363.75 MB | Garbage Ratio: 35.52%!
(MISSING)(*) [Cold 🧊] FID: 16         | Size:  248.04 MB | Discard(垃圾):   30.59 MB | Garbage Ratio: 12.33%!
(MISSING)    [Hot  🔥] FID: 2147483649 | Size:    0.00 MB | Discard(垃圾):    0.00 MB | Garbage Ratio:  0.00%!
(MISSING)(*) [Hot  🔥] FID: 2147483650 | Size:  902.82 MB | Discard(垃圾):  839.76 MB | Garbage Ratio: 93.02%!
(MISSING)---------------------------------------------------------
📈 汇总: 共 16 个冷大巴, 2 个热大巴
总容量: 15745.62 MB | 总垃圾: 3965.43 MB | 整体垃圾率: 25.18%!
(MISSING)=========================================================
badger 2026/04/20 11:23:47 INFO: Lifetime L0 stalled for: 0s
badger 2026/04/20 11:23:48 INFO: 
Level 0 [ ]: NumTables: 04. Size: 5.7 MiB of 0 B. Score: 0.00->0.00 StaleData: 0 B Target FileSize: 4.0 MiB
Level 1 [ ]: NumTables: 00. Size: 0 B of 8.1 MiB. Score: 0.00->0.00 StaleData: 0 B Target FileSize: 4.0 MiB
Level 2 [ ]: NumTables: 00. Size: 0 B of 16 MiB. Score: 0.00->0.00 StaleData: 0 B Target FileSize: 8.0 MiB
Level 3 [ ]: NumTables: 00. Size: 0 B of 32 MiB. Score: 0.00->0.00 StaleData: 0 B Target FileSize: 16 MiB
Level 4 [ ]: NumTables: 00. Size: 0 B of 65 MiB. Score: 0.00->0.00 StaleData: 0 B Target FileSize: 32 MiB
Level 5 [B]: NumTables: 03. Size: 90 MiB of 129 MiB. Score: 0.00->0.00 StaleData: 0 B Target FileSize: 64 MiB
Level 6 [ ]: NumTables: 06. Size: 258 MiB of 258 MiB. Score: 0.00->0.00 StaleData: 0 B Target FileSize: 128 MiB
Level 98 [H]: NumTables: 01. Size: 86 KiB of ∞. Score: 0.00->0.00 StaleData: 0 B Target FileSize: ∞
    -> [SST 774] Size: 86 KiB Range: [usertable:user1011328377655667643] ~ [usertable:user927980331201293563]
Level 99 [H]: NumTables: 01. Size: 1.9 MiB of ∞. Score: 0.00->0.00 StaleData: 0 B Target FileSize: ∞
    -> [SST 771] Size: 1.9 MiB Range: [usertable:user1000343584616167522] ~ [usertable:user927999022898973150]
Level Done
HeatTree统计因为阻塞丢弃的key个数（DropCount）: 0.

=======================================================
🏆 [YCSB 终极结算] 压测及引擎落盘已全部完成
=======================================================
🎯 [分母] 纯应用层逻辑写入: 5161.07 MB
💿 [分子] OS内核级物理写入: 7658.41 MB  (8030425088 Bytes)
🔥 [核弹级数据] 最终系统级写放大 (System WA): 1.48 x
>>> [PHYSICAL_IO_RESULT] 7658.41
=======================================================

