=== 【Normal_Badger】 测试报告 ===
>>> --- Load Phase ---
Using request distribution 'zipfian' a keyrange of [0 10000000]
badger 2026/04/20 11:23:59 INFO: All 0 tables opened in 0s
badger 2026/04/20 11:23:59 INFO: Discard stats nextEmptySlot: 0
badger 2026/04/20 11:23:59 INFO: Set nextTxnTs to 0
***************** properties *****************
"recordcount"="10000000"
"updateproportion"="0.5"
"operationcount"="10000000"
"insertproportion"="0"
"command"="load"
"table"="usertable"
"badger.valuedir"="./zzl_badger_data"
"requestdistribution"="zipfian"
"badger.sync_writes"="false"
"readproportion"="0.5"
"workload"="core"
"readallfields"="true"
"dotransactions"="false"
"scanproportion"="0"
"badger.num_compactors"="4"
"badger.dir"="./zzl_badger_data"
**********************************************
INSERT - Takes(s): 10.0, Count: 605208, OPS: 60514.9, Avg(us): 9, Min(us): 4, Max(us): 12103, 50th(us): 7, 90th(us): 14, 95th(us): 20, 99th(us): 53, 99.9th(us): 133, 99.99th(us): 1261
TOTAL  - Takes(s): 10.0, Count: 605208, OPS: 60515.7, Avg(us): 9, Min(us): 4, Max(us): 12103, 50th(us): 7, 90th(us): 14, 95th(us): 20, 99th(us): 53, 99.9th(us): 133, 99.99th(us): 1261
INSERT - Takes(s): 20.0, Count: 1102146, OPS: 55106.7, Avg(us): 11, Min(us): 4, Max(us): 1735679, 50th(us): 7, 90th(us): 14, 95th(us): 20, 99th(us): 53, 99.9th(us): 131, 99.99th(us): 1254
TOTAL  - Takes(s): 20.0, Count: 1102146, OPS: 55106.1, Avg(us): 11, Min(us): 4, Max(us): 1735679, 50th(us): 7, 90th(us): 14, 95th(us): 20, 99th(us): 53, 99.9th(us): 131, 99.99th(us): 1254
INSERT - Takes(s): 30.0, Count: 1734605, OPS: 57819.9, Avg(us): 10, Min(us): 3, Max(us): 1735679, 50th(us): 7, 90th(us): 14, 95th(us): 20, 99th(us): 51, 99.9th(us): 122, 99.99th(us): 1147
TOTAL  - Takes(s): 30.0, Count: 1734605, OPS: 57819.6, Avg(us): 10, Min(us): 3, Max(us): 1735679, 50th(us): 7, 90th(us): 14, 95th(us): 20, 99th(us): 51, 99.9th(us): 122, 99.99th(us): 1147
INSERT - Takes(s): 40.0, Count: 2299378, OPS: 57484.4, Avg(us): 10, Min(us): 3, Max(us): 1735679, 50th(us): 7, 90th(us): 14, 95th(us): 20, 99th(us): 50, 99.9th(us): 120, 99.99th(us): 1124
TOTAL  - Takes(s): 40.0, Count: 2299378, OPS: 57484.1, Avg(us): 10, Min(us): 3, Max(us): 1735679, 50th(us): 7, 90th(us): 14, 95th(us): 20, 99th(us): 50, 99.9th(us): 120, 99.99th(us): 1124
INSERT - Takes(s): 50.0, Count: 2914177, OPS: 58282.9, Avg(us): 10, Min(us): 3, Max(us): 1735679, 50th(us): 7, 90th(us): 14, 95th(us): 20, 99th(us): 50, 99.9th(us): 118, 99.99th(us): 1093
TOTAL  - Takes(s): 50.0, Count: 2914177, OPS: 58283.1, Avg(us): 10, Min(us): 3, Max(us): 1735679, 50th(us): 7, 90th(us): 14, 95th(us): 20, 99th(us): 50, 99.9th(us): 118, 99.99th(us): 1093
INSERT - Takes(s): 60.0, Count: 3308769, OPS: 55145.9, Avg(us): 11, Min(us): 3, Max(us): 3131391, 50th(us): 7, 90th(us): 14, 95th(us): 20, 99th(us): 51, 99.9th(us): 119, 99.99th(us): 1084
TOTAL  - Takes(s): 60.0, Count: 3308769, OPS: 55146.0, Avg(us): 11, Min(us): 3, Max(us): 3131391, 50th(us): 7, 90th(us): 14, 95th(us): 20, 99th(us): 51, 99.9th(us): 119, 99.99th(us): 1084
INSERT - Takes(s): 70.0, Count: 3889990, OPS: 55571.1, Avg(us): 11, Min(us): 3, Max(us): 3131391, 50th(us): 7, 90th(us): 14, 95th(us): 20, 99th(us): 51, 99.9th(us): 119, 99.99th(us): 1036
TOTAL  - Takes(s): 70.0, Count: 3889990, OPS: 55571.2, Avg(us): 11, Min(us): 3, Max(us): 3131391, 50th(us): 7, 90th(us): 14, 95th(us): 20, 99th(us): 51, 99.9th(us): 119, 99.99th(us): 1036
INSERT - Takes(s): 80.0, Count: 4074328, OPS: 50928.9, Avg(us): 12, Min(us): 3, Max(us): 6631423, 50th(us): 7, 90th(us): 14, 95th(us): 21, 99th(us): 51, 99.9th(us): 120, 99.99th(us): 1011
TOTAL  - Takes(s): 80.0, Count: 4074328, OPS: 50929.0, Avg(us): 12, Min(us): 3, Max(us): 6631423, 50th(us): 7, 90th(us): 14, 95th(us): 21, 99th(us): 51, 99.9th(us): 120, 99.99th(us): 1011
INSERT - Takes(s): 90.0, Count: 4660417, OPS: 51782.3, Avg(us): 12, Min(us): 3, Max(us): 6631423, 50th(us): 7, 90th(us): 14, 95th(us): 21, 99th(us): 52, 99.9th(us): 120, 99.99th(us): 958
TOTAL  - Takes(s): 90.0, Count: 4660417, OPS: 51782.2, Avg(us): 12, Min(us): 3, Max(us): 6631423, 50th(us): 7, 90th(us): 14, 95th(us): 21, 99th(us): 52, 99.9th(us): 120, 99.99th(us): 958
INSERT - Takes(s): 100.0, Count: 4960773, OPS: 49607.6, Avg(us): 13, Min(us): 3, Max(us): 6631423, 50th(us): 7, 90th(us): 14, 95th(us): 21, 99th(us): 52, 99.9th(us): 121, 99.99th(us): 961
TOTAL  - Takes(s): 100.0, Count: 4960773, OPS: 49607.7, Avg(us): 13, Min(us): 3, Max(us): 6631423, 50th(us): 7, 90th(us): 14, 95th(us): 21, 99th(us): 52, 99.9th(us): 121, 99.99th(us): 961
INSERT - Takes(s): 110.0, Count: 5513217, OPS: 50119.7, Avg(us): 12, Min(us): 3, Max(us): 6631423, 50th(us): 7, 90th(us): 15, 95th(us): 21, 99th(us): 52, 99.9th(us): 121, 99.99th(us): 961
TOTAL  - Takes(s): 110.0, Count: 5513217, OPS: 50119.8, Avg(us): 12, Min(us): 3, Max(us): 6631423, 50th(us): 7, 90th(us): 15, 95th(us): 21, 99th(us): 52, 99.9th(us): 121, 99.99th(us): 961
INSERT - Takes(s): 120.0, Count: 6006353, OPS: 50052.6, Avg(us): 12, Min(us): 3, Max(us): 6631423, 50th(us): 7, 90th(us): 15, 95th(us): 22, 99th(us): 52, 99.9th(us): 120, 99.99th(us): 913
TOTAL  - Takes(s): 120.0, Count: 6006353, OPS: 50052.8, Avg(us): 12, Min(us): 3, Max(us): 6631423, 50th(us): 7, 90th(us): 15, 95th(us): 22, 99th(us): 52, 99.9th(us): 120, 99.99th(us): 913
INSERT - Takes(s): 130.0, Count: 6573001, OPS: 50561.3, Avg(us): 12, Min(us): 3, Max(us): 6631423, 50th(us): 7, 90th(us): 15, 95th(us): 22, 99th(us): 52, 99.9th(us): 121, 99.99th(us): 867
TOTAL  - Takes(s): 130.0, Count: 6573001, OPS: 50561.5, Avg(us): 12, Min(us): 3, Max(us): 6631423, 50th(us): 7, 90th(us): 15, 95th(us): 22, 99th(us): 52, 99.9th(us): 121, 99.99th(us): 867
INSERT - Takes(s): 140.0, Count: 7126764, OPS: 50905.1, Avg(us): 12, Min(us): 3, Max(us): 6631423, 50th(us): 7, 90th(us): 15, 95th(us): 22, 99th(us): 52, 99.9th(us): 120, 99.99th(us): 840
TOTAL  - Takes(s): 140.0, Count: 7126764, OPS: 50905.2, Avg(us): 12, Min(us): 3, Max(us): 6631423, 50th(us): 7, 90th(us): 15, 95th(us): 22, 99th(us): 52, 99.9th(us): 120, 99.99th(us): 840
INSERT - Takes(s): 150.0, Count: 7723615, OPS: 51490.6, Avg(us): 12, Min(us): 3, Max(us): 6631423, 50th(us): 7, 90th(us): 15, 95th(us): 22, 99th(us): 52, 99.9th(us): 120, 99.99th(us): 796
TOTAL  - Takes(s): 150.0, Count: 7723615, OPS: 51490.5, Avg(us): 12, Min(us): 3, Max(us): 6631423, 50th(us): 7, 90th(us): 15, 95th(us): 22, 99th(us): 52, 99.9th(us): 120, 99.99th(us): 796
INSERT - Takes(s): 160.0, Count: 7929972, OPS: 49562.0, Avg(us): 13, Min(us): 3, Max(us): 6631423, 50th(us): 7, 90th(us): 15, 95th(us): 22, 99th(us): 52, 99.9th(us): 119, 99.99th(us): 783
TOTAL  - Takes(s): 160.0, Count: 7929972, OPS: 49561.9, Avg(us): 13, Min(us): 3, Max(us): 6631423, 50th(us): 7, 90th(us): 15, 95th(us): 22, 99th(us): 52, 99.9th(us): 119, 99.99th(us): 783
INSERT - Takes(s): 170.0, Count: 8533511, OPS: 50197.0, Avg(us): 12, Min(us): 3, Max(us): 6631423, 50th(us): 7, 90th(us): 15, 95th(us): 22, 99th(us): 52, 99.9th(us): 119, 99.99th(us): 763
TOTAL  - Takes(s): 170.0, Count: 8533511, OPS: 50197.0, Avg(us): 12, Min(us): 3, Max(us): 6631423, 50th(us): 7, 90th(us): 15, 95th(us): 22, 99th(us): 52, 99.9th(us): 119, 99.99th(us): 763
INSERT - Takes(s): 180.0, Count: 8882442, OPS: 49346.6, Avg(us): 13, Min(us): 3, Max(us): 6631423, 50th(us): 7, 90th(us): 15, 95th(us): 22, 99th(us): 52, 99.9th(us): 119, 99.99th(us): 764
TOTAL  - Takes(s): 180.0, Count: 8882442, OPS: 49346.7, Avg(us): 13, Min(us): 3, Max(us): 6631423, 50th(us): 7, 90th(us): 15, 95th(us): 22, 99th(us): 52, 99.9th(us): 119, 99.99th(us): 764
INSERT - Takes(s): 190.0, Count: 9480264, OPS: 49895.9, Avg(us): 12, Min(us): 3, Max(us): 6631423, 50th(us): 7, 90th(us): 15, 95th(us): 22, 99th(us): 52, 99.9th(us): 119, 99.99th(us): 738
TOTAL  - Takes(s): 190.0, Count: 9480264, OPS: 49895.9, Avg(us): 12, Min(us): 3, Max(us): 6631423, 50th(us): 7, 90th(us): 15, 95th(us): 22, 99th(us): 52, 99.9th(us): 119, 99.99th(us): 738
INSERT - Takes(s): 200.0, Count: 9990015, OPS: 49950.0, Avg(us): 12, Min(us): 3, Max(us): 6631423, 50th(us): 7, 90th(us): 15, 95th(us): 22, 99th(us): 52, 99.9th(us): 119, 99.99th(us): 709
TOTAL  - Takes(s): 200.0, Count: 9990015, OPS: 49949.9, Avg(us): 12, Min(us): 3, Max(us): 6631423, 50th(us): 7, 90th(us): 15, 95th(us): 22, 99th(us): 52, 99.9th(us): 119, 99.99th(us): 709
**********************************************
Run finished, takes 3m20.242656562s
INSERT - Takes(s): 200.2, Count: 10000000, OPS: 49939.4, Avg(us): 12, Min(us): 3, Max(us): 6631423, 50th(us): 7, 90th(us): 15, 95th(us): 22, 99th(us): 52, 99.9th(us): 119, 99.99th(us): 709
TOTAL  - Takes(s): 200.2, Count: 10000000, OPS: 49939.4, Avg(us): 12, Min(us): 3, Max(us): 6631423, 50th(us): 7, 90th(us): 15, 95th(us): 22, 99th(us): 52, 99.9th(us): 119, 99.99th(us): 709
badger 2026/04/20 11:27:19 INFO: Lifetime L0 stalled for: 0s
badger 2026/04/20 11:27:21 INFO: 
Level 0 [ ]: NumTables: 01. Size: 927 KiB of 0 B. Score: 0.00->0.00 StaleData: 0 B Target FileSize: 4.0 MiB
Level 1 [ ]: NumTables: 00. Size: 0 B of 8.0 MiB. Score: 0.00->0.00 StaleData: 0 B Target FileSize: 2.0 MiB
Level 2 [ ]: NumTables: 00. Size: 0 B of 13 MiB. Score: 0.00->0.00 StaleData: 0 B Target FileSize: 4.0 MiB
Level 3 [ ]: NumTables: 00. Size: 0 B of 26 MiB. Score: 0.00->0.00 StaleData: 0 B Target FileSize: 8.0 MiB
Level 4 [ ]: NumTables: 00. Size: 0 B of 52 MiB. Score: 0.00->0.00 StaleData: 0 B Target FileSize: 16 MiB
Level 5 [B]: NumTables: 04. Size: 97 MiB of 104 MiB. Score: 0.00->0.00 StaleData: 0 B Target FileSize: 32 MiB
Level 6 [ ]: NumTables: 09. Size: 209 MiB of 209 MiB. Score: 0.00->0.00 StaleData: 0 B Target FileSize: 64 MiB
Level Done

=======================================================
🏆 [YCSB 终极结算] 压测及引擎落盘已全部完成
=======================================================
🎯 [分母] 纯应用层逻辑写入: 10327.09 MB
💿 [分子] OS内核级物理写入: 13769.07 MB  (14437916672 Bytes)
🔥 [核弹级数据] 最终系统级写放大 (System WA): 1.33 x
>>> [PHYSICAL_IO_RESULT] 13769.07
=======================================================

>>> --- Run Phase ---
Using request distribution 'zipfian' a keyrange of [0 10000000]
badger 2026/04/20 11:27:24 INFO: All 14 tables opened in 26ms
badger 2026/04/20 11:27:24 INFO: Discard stats nextEmptySlot: 0
badger 2026/04/20 11:27:24 INFO: Set nextTxnTs to 10000000
***************** properties *****************
"badger.dir"="./zzl_badger_data"
"table"="usertable"
"requestdistribution"="zipfian"
"updateproportion"="0.5"
"dotransactions"="true"
"recordcount"="10000000"
"scanproportion"="0"
"insertproportion"="0"
"badger.valuedir"="./zzl_badger_data"
"badger.sync_writes"="false"
"operationcount"="10000000"
"readproportion"="0.5"
"workload"="core"
"badger.num_compactors"="4"
"command"="run"
"readallfields"="true"
**********************************************
READ   - Takes(s): 10.0, Count: 7710, OPS: 771.2, Avg(us): 628, Min(us): 2, Max(us): 14663, 50th(us): 599, 90th(us): 1263, 95th(us): 1488, 99th(us): 4295, 99.9th(us): 6835, 99.99th(us): 13815
TOTAL  - Takes(s): 10.0, Count: 15309, OPS: 1530.9, Avg(us): 647, Min(us): 2, Max(us): 14663, 50th(us): 612, 90th(us): 1284, 95th(us): 1509, 99th(us): 4403, 99.9th(us): 7291, 99.99th(us): 12151
UPDATE - Takes(s): 10.0, Count: 7599, OPS: 759.9, Avg(us): 666, Min(us): 10, Max(us): 12151, 50th(us): 626, 90th(us): 1308, 95th(us): 1533, 99th(us): 4523, 99.9th(us): 7383, 99.99th(us): 10943
READ   - Takes(s): 20.0, Count: 20132, OPS: 1006.7, Avg(us): 481, Min(us): 1, Max(us): 14663, 50th(us): 478, 90th(us): 910, 95th(us): 1258, 99th(us): 3827, 99.9th(us): 6591, 99.99th(us): 12743
TOTAL  - Takes(s): 20.0, Count: 40144, OPS: 2007.3, Avg(us): 493, Min(us): 1, Max(us): 14663, 50th(us): 488, 90th(us): 926, 95th(us): 1276, 99th(us): 3853, 99.9th(us): 6911, 99.99th(us): 10943
UPDATE - Takes(s): 20.0, Count: 20012, OPS: 1000.6, Avg(us): 505, Min(us): 8, Max(us): 12151, 50th(us): 499, 90th(us): 936, 95th(us): 1292, 99th(us): 3925, 99.9th(us): 7179, 99.99th(us): 10511
READ   - Takes(s): 30.0, Count: 39494, OPS: 1316.6, Avg(us): 363, Min(us): 1, Max(us): 14663, 50th(us): 77, 90th(us): 770, 95th(us): 941, 99th(us): 1938, 99.9th(us): 6099, 99.99th(us): 10319
TOTAL  - Takes(s): 30.0, Count: 79395, OPS: 2646.6, Avg(us): 373, Min(us): 1, Max(us): 14663, 50th(us): 100, 90th(us): 783, 95th(us): 954, 99th(us): 2019, 99.9th(us): 6115, 99.99th(us): 10359
UPDATE - Takes(s): 30.0, Count: 39901, OPS: 1330.1, Avg(us): 383, Min(us): 7, Max(us): 12151, 50th(us): 110, 90th(us): 795, 95th(us): 964, 99th(us): 2073, 99.9th(us): 6119, 99.99th(us): 10511
READ   - Takes(s): 40.0, Count: 68708, OPS: 1717.8, Avg(us): 277, Min(us): 1, Max(us): 14663, 50th(us): 27, 90th(us): 680, 95th(us): 808, 99th(us): 1445, 99.9th(us): 5531, 99.99th(us): 9999
TOTAL  - Takes(s): 40.0, Count: 137576, OPS: 3439.4, Avg(us): 286, Min(us): 1, Max(us): 14663, 50th(us): 40, 90th(us): 693, 95th(us): 822, 99th(us): 1464, 99.9th(us): 5531, 99.99th(us): 10111
UPDATE - Takes(s): 40.0, Count: 68868, OPS: 1721.7, Avg(us): 296, Min(us): 6, Max(us): 13967, 50th(us): 48, 90th(us): 706, 95th(us): 835, 99th(us): 1483, 99.9th(us): 5519, 99.99th(us): 10111
READ   - Takes(s): 50.0, Count: 112809, OPS: 2256.3, Avg(us): 209, Min(us): 1, Max(us): 14663, 50th(us): 22, 90th(us): 613, 95th(us): 720, 99th(us): 1247, 99.9th(us): 4991, 99.99th(us): 9311
TOTAL  - Takes(s): 50.0, Count: 225803, OPS: 4516.1, Avg(us): 218, Min(us): 1, Max(us): 14663, 50th(us): 31, 90th(us): 627, 95th(us): 736, 99th(us): 1257, 99.9th(us): 4999, 99.99th(us): 9207
UPDATE - Takes(s): 50.0, Count: 112994, OPS: 2259.9, Avg(us): 226, Min(us): 6, Max(us): 13967, 50th(us): 38, 90th(us): 640, 95th(us): 750, 99th(us): 1276, 99.9th(us): 5027, 99.99th(us): 9103
badger 2026/04/20 11:28:24 INFO: Block cache metrics: hit: 470455 miss: 144771 keys-added: 83640 keys-updated: 2 keys-evicted: 23956 cost-added: 376185957 cost-evicted: 107751050 sets-dropped: 0 sets-rejected: 49207 gets-dropped: 0 gets-kept: 612864 gets-total: 615226 hit-ratio: 0.76
READ   - Takes(s): 60.0, Count: 181328, OPS: 3022.3, Avg(us): 154, Min(us): 1, Max(us): 14663, 50th(us): 19, 90th(us): 554, 95th(us): 651, 99th(us): 1002, 99.9th(us): 4359, 99.99th(us): 7503
TOTAL  - Takes(s): 60.0, Count: 362667, OPS: 6044.6, Avg(us): 162, Min(us): 1, Max(us): 14663, 50th(us): 26, 90th(us): 567, 95th(us): 667, 99th(us): 1017, 99.9th(us): 4427, 99.99th(us): 7771
UPDATE - Takes(s): 60.0, Count: 181339, OPS: 3022.4, Avg(us): 170, Min(us): 6, Max(us): 13967, 50th(us): 33, 90th(us): 579, 95th(us): 680, 99th(us): 1033, 99.9th(us): 4523, 99.99th(us): 8007
READ   - Takes(s): 70.0, Count: 301069, OPS: 4301.2, Avg(us): 106, Min(us): 1, Max(us): 14663, 50th(us): 16, 90th(us): 471, 95th(us): 584, 99th(us): 848, 99.9th(us): 3271, 99.99th(us): 6663
TOTAL  - Takes(s): 70.0, Count: 601389, OPS: 8591.4, Avg(us): 113, Min(us): 1, Max(us): 14663, 50th(us): 21, 90th(us): 484, 95th(us): 598, 99th(us): 862, 99.9th(us): 3337, 99.99th(us): 6915
UPDATE - Takes(s): 70.0, Count: 300320, OPS: 4290.4, Avg(us): 120, Min(us): 6, Max(us): 13967, 50th(us): 27, 90th(us): 497, 95th(us): 611, 99th(us): 879, 99.9th(us): 3395, 99.99th(us): 7179
READ   - Takes(s): 80.0, Count: 455422, OPS: 5693.0, Avg(us): 78, Min(us): 1, Max(us): 30991, 50th(us): 15, 90th(us): 355, 95th(us): 526, 99th(us): 768, 99.9th(us): 1760, 99.99th(us): 6115
TOTAL  - Takes(s): 80.0, Count: 910099, OPS: 11376.3, Avg(us): 85, Min(us): 1, Max(us): 30991, 50th(us): 20, 90th(us): 365, 95th(us): 540, 99th(us): 785, 99.9th(us): 1839, 99.99th(us): 6195
UPDATE - Takes(s): 80.0, Count: 454677, OPS: 5683.5, Avg(us): 92, Min(us): 6, Max(us): 13967, 50th(us): 25, 90th(us): 378, 95th(us): 553, 99th(us): 798, 99.9th(us): 1905, 99.99th(us): 6347
READ   - Takes(s): 90.0, Count: 622322, OPS: 6914.8, Avg(us): 63, Min(us): 1, Max(us): 30991, 50th(us): 14, 90th(us): 64, 95th(us): 474, 99th(us): 716, 99.9th(us): 1529, 99.99th(us): 5695
TOTAL  - Takes(s): 90.0, Count: 1244012, OPS: 13822.3, Avg(us): 70, Min(us): 1, Max(us): 30991, 50th(us): 19, 90th(us): 84, 95th(us): 487, 99th(us): 734, 99.9th(us): 1569, 99.99th(us): 5751
UPDATE - Takes(s): 90.0, Count: 621690, OPS: 6907.7, Avg(us): 76, Min(us): 6, Max(us): 13967, 50th(us): 24, 90th(us): 97, 95th(us): 500, 99th(us): 749, 99.9th(us): 1603, 99.99th(us): 5819
READ   - Takes(s): 100.0, Count: 841625, OPS: 8416.5, Avg(us): 51, Min(us): 1, Max(us): 30991, 50th(us): 13, 90th(us): 41, 95th(us): 404, 99th(us): 670, 99.9th(us): 1396, 99.99th(us): 5479
TOTAL  - Takes(s): 100.0, Count: 1682431, OPS: 16824.5, Avg(us): 57, Min(us): 1, Max(us): 30991, 50th(us): 18, 90th(us): 57, 95th(us): 415, 99th(us): 687, 99.9th(us): 1435, 99.99th(us): 5479
UPDATE - Takes(s): 100.0, Count: 840806, OPS: 8408.2, Avg(us): 63, Min(us): 5, Max(us): 13967, 50th(us): 22, 90th(us): 68, 95th(us): 428, 99th(us): 701, 99.9th(us): 1457, 99.99th(us): 5479
READ   - Takes(s): 110.0, Count: 1071670, OPS: 9742.7, Avg(us): 43, Min(us): 1, Max(us): 30991, 50th(us): 13, 90th(us): 34, 95th(us): 272, 99th(us): 637, 99.9th(us): 1308, 99.99th(us): 5219
TOTAL  - Takes(s): 110.0, Count: 2141846, OPS: 19471.5, Avg(us): 49, Min(us): 1, Max(us): 408831, 50th(us): 17, 90th(us): 47, 95th(us): 282, 99th(us): 652, 99.9th(us): 1341, 99.99th(us): 5263
UPDATE - Takes(s): 110.0, Count: 1070176, OPS: 9729.0, Avg(us): 55, Min(us): 5, Max(us): 408831, 50th(us): 21, 90th(us): 57, 95th(us): 294, 99th(us): 667, 99.9th(us): 1369, 99.99th(us): 5299
READ   - Takes(s): 120.0, Count: 1290267, OPS: 10752.5, Avg(us): 38, Min(us): 1, Max(us): 30991, 50th(us): 13, 90th(us): 31, 95th(us): 73, 99th(us): 613, 99.9th(us): 1270, 99.99th(us): 5167
TOTAL  - Takes(s): 120.0, Count: 2579225, OPS: 21493.6, Avg(us): 44, Min(us): 1, Max(us): 408831, 50th(us): 17, 90th(us): 43, 95th(us): 95, 99th(us): 628, 99.9th(us): 1302, 99.99th(us): 5263
UPDATE - Takes(s): 120.0, Count: 1288958, OPS: 10741.4, Avg(us): 50, Min(us): 5, Max(us): 408831, 50th(us): 21, 90th(us): 52, 95th(us): 109, 99th(us): 642, 99.9th(us): 1337, 99.99th(us): 5359
READ   - Takes(s): 130.0, Count: 1523910, OPS: 11722.7, Avg(us): 35, Min(us): 1, Max(us): 30991, 50th(us): 12, 90th(us): 29, 95th(us): 56, 99th(us): 591, 99.9th(us): 1204, 99.99th(us): 5083
TOTAL  - Takes(s): 130.0, Count: 3047159, OPS: 23439.8, Avg(us): 40, Min(us): 1, Max(us): 408831, 50th(us): 17, 90th(us): 40, 95th(us): 76, 99th(us): 606, 99.9th(us): 1230, 99.99th(us): 5115
UPDATE - Takes(s): 130.0, Count: 1523249, OPS: 11717.4, Avg(us): 46, Min(us): 5, Max(us): 408831, 50th(us): 20, 90th(us): 49, 95th(us): 88, 99th(us): 620, 99.9th(us): 1256, 99.99th(us): 5167
READ   - Takes(s): 140.0, Count: 1749295, OPS: 12495.2, Avg(us): 32, Min(us): 1, Max(us): 30991, 50th(us): 12, 90th(us): 28, 95th(us): 50, 99th(us): 573, 99.9th(us): 1128, 99.99th(us): 4899
TOTAL  - Takes(s): 140.0, Count: 3496933, OPS: 24978.2, Avg(us): 38, Min(us): 1, Max(us): 408831, 50th(us): 16, 90th(us): 39, 95th(us): 69, 99th(us): 587, 99.9th(us): 1152, 99.99th(us): 4947
UPDATE - Takes(s): 140.0, Count: 1747638, OPS: 12483.2, Avg(us): 43, Min(us): 5, Max(us): 408831, 50th(us): 20, 90th(us): 48, 95th(us): 82, 99th(us): 600, 99.9th(us): 1176, 99.99th(us): 4987
READ   - Takes(s): 150.0, Count: 1961286, OPS: 13075.5, Avg(us): 30, Min(us): 1, Max(us): 30991, 50th(us): 12, 90th(us): 28, 95th(us): 48, 99th(us): 557, 99.9th(us): 1059, 99.99th(us): 4719
TOTAL  - Takes(s): 150.0, Count: 3920659, OPS: 26137.9, Avg(us): 36, Min(us): 1, Max(us): 408831, 50th(us): 16, 90th(us): 39, 95th(us): 67, 99th(us): 571, 99.9th(us): 1086, 99.99th(us): 4815
UPDATE - Takes(s): 150.0, Count: 1959373, OPS: 13062.5, Avg(us): 41, Min(us): 5, Max(us): 408831, 50th(us): 20, 90th(us): 48, 95th(us): 79, 99th(us): 584, 99.9th(us): 1111, 99.99th(us): 4891
READ   - Takes(s): 160.0, Count: 2218714, OPS: 13867.2, Avg(us): 28, Min(us): 1, Max(us): 30991, 50th(us): 12, 90th(us): 27, 95th(us): 44, 99th(us): 538, 99.9th(us): 988, 99.99th(us): 4547
TOTAL  - Takes(s): 160.0, Count: 4435843, OPS: 27724.1, Avg(us): 34, Min(us): 1, Max(us): 408831, 50th(us): 16, 90th(us): 37, 95th(us): 61, 99th(us): 552, 99.9th(us): 1012, 99.99th(us): 4635
UPDATE - Takes(s): 160.0, Count: 2217129, OPS: 13857.1, Avg(us): 39, Min(us): 5, Max(us): 408831, 50th(us): 20, 90th(us): 46, 95th(us): 74, 99th(us): 566, 99.9th(us): 1039, 99.99th(us): 4723
READ   - Takes(s): 170.0, Count: 2460041, OPS: 14471.1, Avg(us): 27, Min(us): 1, Max(us): 30991, 50th(us): 12, 90th(us): 27, 95th(us): 42, 99th(us): 522, 99.9th(us): 942, 99.99th(us): 4367
TOTAL  - Takes(s): 170.0, Count: 4918101, OPS: 28930.2, Avg(us): 32, Min(us): 1, Max(us): 408831, 50th(us): 16, 90th(us): 37, 95th(us): 58, 99th(us): 536, 99.9th(us): 968, 99.99th(us): 4479
UPDATE - Takes(s): 170.0, Count: 2458060, OPS: 14459.3, Avg(us): 37, Min(us): 5, Max(us): 408831, 50th(us): 20, 90th(us): 44, 95th(us): 70, 99th(us): 550, 99.9th(us): 987, 99.99th(us): 4587
READ   - Takes(s): 180.0, Count: 2708899, OPS: 15049.7, Avg(us): 26, Min(us): 1, Max(us): 30991, 50th(us): 12, 90th(us): 26, 95th(us): 40, 99th(us): 507, 99.9th(us): 910, 99.99th(us): 4135
TOTAL  - Takes(s): 180.0, Count: 5416585, OPS: 30092.4, Avg(us): 31, Min(us): 1, Max(us): 408831, 50th(us): 16, 90th(us): 36, 95th(us): 56, 99th(us): 520, 99.9th(us): 933, 99.99th(us): 4311
UPDATE - Takes(s): 180.0, Count: 2707686, OPS: 15042.8, Avg(us): 36, Min(us): 5, Max(us): 408831, 50th(us): 20, 90th(us): 43, 95th(us): 67, 99th(us): 533, 99.9th(us): 953, 99.99th(us): 4407
READ   - Takes(s): 190.0, Count: 2886538, OPS: 15192.5, Avg(us): 25, Min(us): 1, Max(us): 30991, 50th(us): 12, 90th(us): 27, 95th(us): 42, 99th(us): 495, 99.9th(us): 892, 99.99th(us): 4051
TOTAL  - Takes(s): 190.0, Count: 5771810, OPS: 30378.0, Avg(us): 31, Min(us): 1, Max(us): 408831, 50th(us): 16, 90th(us): 37, 95th(us): 58, 99th(us): 509, 99.9th(us): 915, 99.99th(us): 4227
UPDATE - Takes(s): 190.0, Count: 2885272, OPS: 15185.7, Avg(us): 36, Min(us): 5, Max(us): 408831, 50th(us): 20, 90th(us): 45, 95th(us): 70, 99th(us): 523, 99.9th(us): 937, 99.99th(us): 4363
READ   - Takes(s): 200.0, Count: 3118412, OPS: 15592.3, Avg(us): 24, Min(us): 1, Max(us): 30991, 50th(us): 12, 90th(us): 27, 95th(us): 40, 99th(us): 481, 99.9th(us): 874, 99.99th(us): 4037
TOTAL  - Takes(s): 200.0, Count: 6235883, OPS: 31179.6, Avg(us): 30, Min(us): 1, Max(us): 408831, 50th(us): 16, 90th(us): 36, 95th(us): 56, 99th(us): 495, 99.9th(us): 896, 99.99th(us): 4135
UPDATE - Takes(s): 200.0, Count: 3117471, OPS: 15587.5, Avg(us): 35, Min(us): 5, Max(us): 408831, 50th(us): 20, 90th(us): 44, 95th(us): 68, 99th(us): 508, 99.9th(us): 917, 99.99th(us): 4271
READ   - Takes(s): 210.0, Count: 3357940, OPS: 15990.4, Avg(us): 24, Min(us): 1, Max(us): 30991, 50th(us): 12, 90th(us): 26, 95th(us): 39, 99th(us): 466, 99.9th(us): 856, 99.99th(us): 3837
TOTAL  - Takes(s): 210.0, Count: 6714455, OPS: 31973.7, Avg(us): 29, Min(us): 1, Max(us): 408831, 50th(us): 16, 90th(us): 36, 95th(us): 54, 99th(us): 480, 99.9th(us): 879, 99.99th(us): 4011
UPDATE - Takes(s): 210.0, Count: 3356515, OPS: 15983.5, Avg(us): 34, Min(us): 5, Max(us): 408831, 50th(us): 20, 90th(us): 43, 95th(us): 66, 99th(us): 493, 99.9th(us): 897, 99.99th(us): 4111
READ   - Takes(s): 220.0, Count: 3590548, OPS: 16320.9, Avg(us): 23, Min(us): 1, Max(us): 30991, 50th(us): 12, 90th(us): 26, 95th(us): 39, 99th(us): 451, 99.9th(us): 843, 99.99th(us): 3755
TOTAL  - Takes(s): 220.0, Count: 7180782, OPS: 32640.1, Avg(us): 28, Min(us): 1, Max(us): 408831, 50th(us): 16, 90th(us): 35, 95th(us): 53, 99th(us): 465, 99.9th(us): 862, 99.99th(us): 3859
UPDATE - Takes(s): 220.0, Count: 3590234, OPS: 16319.4, Avg(us): 33, Min(us): 5, Max(us): 408831, 50th(us): 20, 90th(us): 43, 95th(us): 64, 99th(us): 479, 99.9th(us): 883, 99.99th(us): 4027
READ   - Takes(s): 230.0, Count: 3771469, OPS: 16397.9, Avg(us): 23, Min(us): 1, Max(us): 30991, 50th(us): 12, 90th(us): 27, 95th(us): 40, 99th(us): 441, 99.9th(us): 833, 99.99th(us): 3705
TOTAL  - Takes(s): 230.0, Count: 7542513, OPS: 32793.7, Avg(us): 28, Min(us): 1, Max(us): 408831, 50th(us): 16, 90th(us): 36, 95th(us): 55, 99th(us): 454, 99.9th(us): 853, 99.99th(us): 3769
UPDATE - Takes(s): 230.0, Count: 3771044, OPS: 16395.9, Avg(us): 33, Min(us): 5, Max(us): 408831, 50th(us): 20, 90th(us): 43, 95th(us): 66, 99th(us): 468, 99.9th(us): 874, 99.99th(us): 3929
READ   - Takes(s): 240.0, Count: 3999352, OPS: 16664.2, Avg(us): 22, Min(us): 1, Max(us): 30991, 50th(us): 12, 90th(us): 26, 95th(us): 39, 99th(us): 427, 99.9th(us): 820, 99.99th(us): 3601
TOTAL  - Takes(s): 240.0, Count: 7997750, OPS: 33324.0, Avg(us): 28, Min(us): 1, Max(us): 408831, 50th(us): 16, 90th(us): 36, 95th(us): 54, 99th(us): 440, 99.9th(us): 841, 99.99th(us): 3669
UPDATE - Takes(s): 240.0, Count: 3998398, OPS: 16660.0, Avg(us): 33, Min(us): 5, Max(us): 408831, 50th(us): 20, 90th(us): 43, 95th(us): 65, 99th(us): 455, 99.9th(us): 859, 99.99th(us): 3767
READ   - Takes(s): 250.0, Count: 4226572, OPS: 16906.5, Avg(us): 22, Min(us): 1, Max(us): 30991, 50th(us): 12, 90th(us): 26, 95th(us): 39, 99th(us): 412, 99.9th(us): 808, 99.99th(us): 3459
TOTAL  - Takes(s): 250.0, Count: 8453014, OPS: 33812.2, Avg(us): 27, Min(us): 1, Max(us): 408831, 50th(us): 16, 90th(us): 35, 95th(us): 53, 99th(us): 426, 99.9th(us): 829, 99.99th(us): 3559
UPDATE - Takes(s): 250.0, Count: 4226442, OPS: 16905.8, Avg(us): 32, Min(us): 5, Max(us): 408831, 50th(us): 20, 90th(us): 43, 95th(us): 64, 99th(us): 440, 99.9th(us): 848, 99.99th(us): 3619
READ   - Takes(s): 260.0, Count: 4463342, OPS: 17166.9, Avg(us): 22, Min(us): 1, Max(us): 30991, 50th(us): 12, 90th(us): 26, 95th(us): 38, 99th(us): 395, 99.9th(us): 798, 99.99th(us): 3337
TOTAL  - Takes(s): 260.0, Count: 8925058, OPS: 34327.3, Avg(us): 27, Min(us): 1, Max(us): 408831, 50th(us): 16, 90th(us): 35, 95th(us): 52, 99th(us): 409, 99.9th(us): 818, 99.99th(us): 3433
UPDATE - Takes(s): 260.0, Count: 4461716, OPS: 17160.5, Avg(us): 32, Min(us): 5, Max(us): 408831, 50th(us): 20, 90th(us): 42, 95th(us): 63, 99th(us): 424, 99.9th(us): 838, 99.99th(us): 3525
READ   - Takes(s): 270.0, Count: 4683274, OPS: 17345.6, Avg(us): 21, Min(us): 1, Max(us): 30991, 50th(us): 12, 90th(us): 26, 95th(us): 38, 99th(us): 376, 99.9th(us): 788, 99.99th(us): 3243
TOTAL  - Takes(s): 270.0, Count: 9364913, OPS: 34684.9, Avg(us): 27, Min(us): 1, Max(us): 408831, 50th(us): 16, 90th(us): 35, 95th(us): 52, 99th(us): 391, 99.9th(us): 808, 99.99th(us): 3355
UPDATE - Takes(s): 270.0, Count: 4681639, OPS: 17339.4, Avg(us): 32, Min(us): 5, Max(us): 408831, 50th(us): 20, 90th(us): 42, 95th(us): 63, 99th(us): 407, 99.9th(us): 828, 99.99th(us): 3447
READ   - Takes(s): 280.0, Count: 4871091, OPS: 17396.9, Avg(us): 21, Min(us): 1, Max(us): 30991, 50th(us): 12, 90th(us): 26, 95th(us): 39, 99th(us): 358, 99.9th(us): 780, 99.99th(us): 3131
TOTAL  - Takes(s): 280.0, Count: 9741223, OPS: 34790.2, Avg(us): 26, Min(us): 1, Max(us): 408831, 50th(us): 16, 90th(us): 35, 95th(us): 53, 99th(us): 375, 99.9th(us): 801, 99.99th(us): 3295
UPDATE - Takes(s): 280.0, Count: 4870132, OPS: 17393.4, Avg(us): 32, Min(us): 5, Max(us): 408831, 50th(us): 20, 90th(us): 43, 95th(us): 64, 99th(us): 391, 99.9th(us): 820, 99.99th(us): 3407
**********************************************
Run finished, takes 4m46.063159728s
READ   - Takes(s): 286.1, Count: 5000730, OPS: 17482.0, Avg(us): 21, Min(us): 1, Max(us): 30991, 50th(us): 12, 90th(us): 26, 95th(us): 38, 99th(us): 345, 99.9th(us): 775, 99.99th(us): 3053
TOTAL  - Takes(s): 286.1, Count: 10000000, OPS: 34958.6, Avg(us): 26, Min(us): 1, Max(us): 408831, 50th(us): 16, 90th(us): 35, 95th(us): 52, 99th(us): 362, 99.9th(us): 796, 99.99th(us): 3237
UPDATE - Takes(s): 286.1, Count: 4999270, OPS: 17476.8, Avg(us): 31, Min(us): 5, Max(us): 408831, 50th(us): 20, 90th(us): 43, 95th(us): 63, 99th(us): 379, 99.9th(us): 816, 99.99th(us): 3379
badger 2026/04/20 11:32:10 INFO: Lifetime L0 stalled for: 0s
badger 2026/04/20 11:32:11 INFO: 
Level 0 [ ]: NumTables: 03. Size: 3.3 MiB of 0 B. Score: 0.00->0.00 StaleData: 0 B Target FileSize: 4.0 MiB
Level 1 [ ]: NumTables: 00. Size: 0 B of 8.0 MiB. Score: 0.00->0.00 StaleData: 0 B Target FileSize: 2.0 MiB
Level 2 [ ]: NumTables: 00. Size: 0 B of 16 MiB. Score: 0.00->0.00 StaleData: 0 B Target FileSize: 4.0 MiB
Level 3 [ ]: NumTables: 00. Size: 0 B of 32 MiB. Score: 0.00->0.00 StaleData: 0 B Target FileSize: 8.0 MiB
Level 4 [ ]: NumTables: 00. Size: 0 B of 63 MiB. Score: 0.00->0.00 StaleData: 0 B Target FileSize: 16 MiB
Level 5 [B]: NumTables: 05. Size: 113 MiB of 126 MiB. Score: 0.00->0.00 StaleData: 0 B Target FileSize: 32 MiB
Level 6 [ ]: NumTables: 11. Size: 252 MiB of 252 MiB. Score: 0.00->0.00 StaleData: 0 B Target FileSize: 64 MiB
Level Done

=======================================================
🏆 [YCSB 终极结算] 压测及引擎落盘已全部完成
=======================================================
🎯 [分母] 纯应用层逻辑写入: 5162.79 MB
💿 [分子] OS内核级物理写入: 8585.53 MB  (9002577920 Bytes)
🔥 [核弹级数据] 最终系统级写放大 (System WA): 1.66 x
>>> [PHYSICAL_IO_RESULT] 8585.53
=======================================================

