=== 【Normal_Badger】 测试报告 ===
>>> --- Load Phase ---
🚀 [CoreWorkload] GPD 动态 Value 开关【已开启】! (k=0.2615, sigma=25.45)
Using request distribution 'mixgraph' a keyrange of [0 9999999]
badger 2026/04/09 19:42:04 INFO: All 0 tables opened in 0s
badger 2026/04/09 19:42:04 INFO: Discard stats nextEmptySlot: 0
badger 2026/04/09 19:42:04 INFO: Set nextTxnTs to 0
***************** properties *****************
"fieldcount"="1"
"requestdistribution"="mixgraph"
"recordcount"="10000000"
"mixgraph.gpd_value"="true"
"workload"="core"
"table"="usertable"
";"="requestdistribution=zipfian"
"readproportion"="0.83"
"badger.valuedir"="./zzl_badger_data"
"insertproportion"="0.0"
"mixgraph.value_k"="0.2615"
"mixgraph.num_regions"="100"
"mixgraph.exp_b"="-2.917"
"mixgraph.exp_c"="0.0164"
"insertorder"="ordered"
"fieldlength"="43 "
"mixgraph.key_dist_a"="0.002312"
"operationcount"="10000000"
"mixgraph.value_sigma"="25.45"
"badger.sync_writes"="false"
"zeropadding"="10"
"dotransactions"="false"
"threadcount"="16"
"mixgraph.key_dist_b"="0.3467"
"command"="load"
"mixgraph.exp_a"="14.18"
"badger.num_compactors"="4"
"mixgraph.exp_d"="-0.08082"
"badger.dir"="./zzl_badger_data"
"readallfields"="true"
"scanproportion"="0.03"
"updateproportion"="0.14"
"mixgraph.value_mu"="0"
**********************************************
INSERT - Takes(s): 10.0, Count: 1443950, OPS: 144387.9, Avg(us): 108, Min(us): 2, Max(us): 50623, 50th(us): 91, 90th(us): 170, 95th(us): 198, 99th(us): 298, 99.9th(us): 777, 99.99th(us): 2473
TOTAL  - Takes(s): 10.0, Count: 1443950, OPS: 144388.7, Avg(us): 108, Min(us): 2, Max(us): 50623, 50th(us): 91, 90th(us): 170, 95th(us): 198, 99th(us): 298, 99.9th(us): 777, 99.99th(us): 2473
INSERT - Takes(s): 20.0, Count: 2947906, OPS: 147392.9, Avg(us): 106, Min(us): 2, Max(us): 50623, 50th(us): 90, 90th(us): 167, 95th(us): 194, 99th(us): 293, 99.9th(us): 716, 99.99th(us): 1996
TOTAL  - Takes(s): 20.0, Count: 2947906, OPS: 147395.1, Avg(us): 106, Min(us): 2, Max(us): 50623, 50th(us): 90, 90th(us): 167, 95th(us): 194, 99th(us): 293, 99.9th(us): 716, 99.99th(us): 1996
INSERT - Takes(s): 30.0, Count: 4350780, OPS: 145025.5, Avg(us): 108, Min(us): 2, Max(us): 50623, 50th(us): 90, 90th(us): 169, 95th(us): 198, 99th(us): 311, 99.9th(us): 751, 99.99th(us): 7187
TOTAL  - Takes(s): 30.0, Count: 4350780, OPS: 145025.9, Avg(us): 108, Min(us): 2, Max(us): 50623, 50th(us): 90, 90th(us): 169, 95th(us): 198, 99th(us): 311, 99.9th(us): 751, 99.99th(us): 7187
INSERT - Takes(s): 40.0, Count: 5774394, OPS: 144358.7, Avg(us): 108, Min(us): 2, Max(us): 50623, 50th(us): 90, 90th(us): 170, 95th(us): 199, 99th(us): 315, 99.9th(us): 754, 99.99th(us): 7003
TOTAL  - Takes(s): 40.0, Count: 5774394, OPS: 144358.8, Avg(us): 108, Min(us): 2, Max(us): 50623, 50th(us): 90, 90th(us): 170, 95th(us): 199, 99th(us): 315, 99.9th(us): 754, 99.99th(us): 7003
INSERT - Takes(s): 50.0, Count: 7130038, OPS: 142599.4, Avg(us): 110, Min(us): 2, Max(us): 50623, 50th(us): 91, 90th(us): 171, 95th(us): 203, 99th(us): 330, 99.9th(us): 780, 99.99th(us): 7363
TOTAL  - Takes(s): 50.0, Count: 7130038, OPS: 142600.2, Avg(us): 110, Min(us): 2, Max(us): 50623, 50th(us): 91, 90th(us): 171, 95th(us): 203, 99th(us): 330, 99.9th(us): 780, 99.99th(us): 7363
INSERT - Takes(s): 60.0, Count: 8609030, OPS: 143483.6, Avg(us): 109, Min(us): 2, Max(us): 50623, 50th(us): 91, 90th(us): 171, 95th(us): 201, 99th(us): 322, 99.9th(us): 759, 99.99th(us): 7155
TOTAL  - Takes(s): 60.0, Count: 8609030, OPS: 143483.7, Avg(us): 109, Min(us): 2, Max(us): 50623, 50th(us): 91, 90th(us): 171, 95th(us): 201, 99th(us): 322, 99.9th(us): 759, 99.99th(us): 7155
INSERT - Takes(s): 70.0, Count: 9973278, OPS: 142475.0, Avg(us): 110, Min(us): 2, Max(us): 50911, 50th(us): 91, 90th(us): 172, 95th(us): 204, 99th(us): 331, 99.9th(us): 774, 99.99th(us): 7323
TOTAL  - Takes(s): 70.0, Count: 9973278, OPS: 142475.1, Avg(us): 110, Min(us): 2, Max(us): 50911, 50th(us): 91, 90th(us): 172, 95th(us): 204, 99th(us): 331, 99.9th(us): 774, 99.99th(us): 7323
**********************************************
Run finished, takes 1m10.175690254s
INSERT - Takes(s): 70.2, Count: 10000000, OPS: 142499.5, Avg(us): 110, Min(us): 2, Max(us): 50911, 50th(us): 91, 90th(us): 172, 95th(us): 204, 99th(us): 331, 99.9th(us): 774, 99.99th(us): 7315
TOTAL  - Takes(s): 70.2, Count: 10000000, OPS: 142499.6, Avg(us): 110, Min(us): 2, Max(us): 50911, 50th(us): 91, 90th(us): 172, 95th(us): 204, 99th(us): 331, 99.9th(us): 774, 99.99th(us): 7315
badger 2026/04/09 19:43:15 INFO: Lifetime L0 stalled for: 0s
badger 2026/04/09 19:43:15 INFO: 
Level 0 [ ]: NumTables: 01. Size: 29 MiB of 0 B. Score: 0.00->0.00 StaleData: 0 B Target FileSize: 64 MiB
Level 1 [ ]: NumTables: 00. Size: 0 B of 10 MiB. Score: 0.00->0.00 StaleData: 0 B Target FileSize: 2.0 MiB
Level 2 [ ]: NumTables: 00. Size: 0 B of 10 MiB. Score: 0.00->0.00 StaleData: 0 B Target FileSize: 2.0 MiB
Level 3 [ ]: NumTables: 00. Size: 0 B of 10 MiB. Score: 0.00->0.00 StaleData: 0 B Target FileSize: 2.0 MiB
Level 4 [ ]: NumTables: 00. Size: 0 B of 10 MiB. Score: 0.00->0.00 StaleData: 0 B Target FileSize: 2.0 MiB
Level 5 [B]: NumTables: 11. Size: 41 MiB of 43 MiB. Score: 0.00->0.00 StaleData: 0 B Target FileSize: 4.0 MiB
Level 6 [ ]: NumTables: 142. Size: 431 MiB of 431 MiB. Score: 0.00->0.00 StaleData: 0 B Target FileSize: 8.0 MiB
Level Done
>>> --- Run Phase ---
🚀 [CoreWorkload] GPD 动态 Value 开关【已开启】! (k=0.2615, sigma=25.45)
Using request distribution 'mixgraph' a keyrange of [0 9999999]
badger 2026/04/09 19:43:15 INFO: All 154 tables opened in 4ms
badger 2026/04/09 19:43:15 INFO: Discard stats nextEmptySlot: 0
badger 2026/04/09 19:43:15 INFO: Set nextTxnTs to 10000000
***************** properties *****************
"insertorder"="ordered"
"badger.dir"="./zzl_badger_data"
"mixgraph.exp_a"="14.18"
"mixgraph.exp_d"="-0.08082"
"requestdistribution"="mixgraph"
"updateproportion"="0.14"
"workload"="core"
"badger.valuedir"="./zzl_badger_data"
"mixgraph.value_mu"="0"
"mixgraph.gpd_value"="true"
"mixgraph.num_regions"="100"
"insertproportion"="0.0"
"mixgraph.exp_b"="-2.917"
"mixgraph.key_dist_a"="0.002312"
"readproportion"="0.83"
"mixgraph.exp_c"="0.0164"
"fieldcount"="1"
"recordcount"="10000000"
"dotransactions"="true"
"readallfields"="true"
"table"="usertable"
"command"="run"
"fieldlength"="43 "
"mixgraph.value_sigma"="25.45"
"zeropadding"="10"
";"="requestdistribution=zipfian"
"badger.sync_writes"="false"
"mixgraph.value_k"="0.2615"
"mixgraph.key_dist_b"="0.3467"
"badger.num_compactors"="4"
"operationcount"="10000000"
"scanproportion"="0.03"
"threadcount"="16"
**********************************************
READ   - Takes(s): 10.0, Count: 81920, OPS: 8191.3, Avg(us): 167, Min(us): 1, Max(us): 22127, 50th(us): 172, 90th(us): 270, 95th(us): 311, 99th(us): 413, 99.9th(us): 909, 99.99th(us): 1840
SCAN   - Takes(s): 9.9, Count: 177, OPS: 17.8, Avg(us): 1047, Min(us): 228, Max(us): 4085, 50th(us): 996, 90th(us): 1534, 95th(us): 1738, 99th(us): 2095, 99.9th(us): 4085, 99.99th(us): 4085
TOTAL  - Takes(s): 10.0, Count: 804689, OPS: 80460.7, Avg(us): 194, Min(us): 1, Max(us): 22303, 50th(us): 187, 90th(us): 307, 95th(us): 356, 99th(us): 500, 99.9th(us): 1133, 99.99th(us): 2095
UPDATE - Takes(s): 10.0, Count: 722592, OPS: 72251.4, Avg(us): 197, Min(us): 5, Max(us): 22303, 50th(us): 188, 90th(us): 310, 95th(us): 360, 99th(us): 505, 99.9th(us): 1119, 99.99th(us): 2099
UPDATE_ERROR - Takes(s): 10.0, Count: 7979, OPS: 797.9, Avg(us): 194, Min(us): 7, Max(us): 21839, 50th(us): 184, 90th(us): 288, 95th(us): 328, 99th(us): 462, 99.9th(us): 997, 99.99th(us): 2307
READ   - Takes(s): 20.0, Count: 152600, OPS: 7629.7, Avg(us): 181, Min(us): 1, Max(us): 47455, 50th(us): 182, 90th(us): 298, 95th(us): 344, 99th(us): 455, 99.9th(us): 890, 99.99th(us): 1620
SCAN   - Takes(s): 19.9, Count: 352, OPS: 17.7, Avg(us): 1071, Min(us): 172, Max(us): 4085, 50th(us): 1040, 90th(us): 1612, 95th(us): 1784, 99th(us): 2203, 99.9th(us): 4085, 99.99th(us): 4085
TOTAL  - Takes(s): 20.0, Count: 1494601, OPS: 74726.5, Avg(us): 209, Min(us): 1, Max(us): 47775, 50th(us): 202, 90th(us): 334, 95th(us): 388, 99th(us): 543, 99.9th(us): 1137, 99.99th(us): 2121
UPDATE - Takes(s): 20.0, Count: 1341649, OPS: 67079.0, Avg(us): 212, Min(us): 4, Max(us): 47775, 50th(us): 204, 90th(us): 338, 95th(us): 392, 99th(us): 548, 99.9th(us): 1120, 99.99th(us): 2123
UPDATE_ERROR - Takes(s): 20.0, Count: 14741, OPS: 737.0, Avg(us): 208, Min(us): 7, Max(us): 21839, 50th(us): 202, 90th(us): 314, 95th(us): 357, 99th(us): 482, 99.9th(us): 901, 99.99th(us): 2307
READ   - Takes(s): 30.0, Count: 216635, OPS: 7221.1, Avg(us): 191, Min(us): 1, Max(us): 47455, 50th(us): 189, 90th(us): 320, 95th(us): 369, 99th(us): 489, 99.9th(us): 913, 99.99th(us): 1635
SCAN   - Takes(s): 29.9, Count: 508, OPS: 17.0, Avg(us): 1054, Min(us): 172, Max(us): 4089, 50th(us): 1002, 90th(us): 1590, 95th(us): 1756, 99th(us): 2359, 99.9th(us): 4085, 99.99th(us): 4089
TOTAL  - Takes(s): 30.0, Count: 2125052, OPS: 70834.1, Avg(us): 221, Min(us): 1, Max(us): 47775, 50th(us): 212, 90th(us): 357, 95th(us): 416, 99th(us): 582, 99.9th(us): 1162, 99.99th(us): 2117
UPDATE - Takes(s): 30.0, Count: 1907909, OPS: 63595.9, Avg(us): 224, Min(us): 4, Max(us): 47775, 50th(us): 214, 90th(us): 360, 95th(us): 420, 99th(us): 587, 99.9th(us): 1150, 99.99th(us): 2117
UPDATE_ERROR - Takes(s): 30.0, Count: 20733, OPS: 691.1, Avg(us): 220, Min(us): 7, Max(us): 21839, 50th(us): 212, 90th(us): 338, 95th(us): 389, 99th(us): 533, 99.9th(us): 1012, 99.99th(us): 2289
READ   - Takes(s): 40.0, Count: 279349, OPS: 6983.6, Avg(us): 197, Min(us): 1, Max(us): 47455, 50th(us): 191, 90th(us): 335, 95th(us): 387, 99th(us): 514, 99.9th(us): 935, 99.99th(us): 1840
SCAN   - Takes(s): 39.9, Count: 642, OPS: 16.1, Avg(us): 1061, Min(us): 146, Max(us): 4089, 50th(us): 1038, 90th(us): 1590, 95th(us): 1756, 99th(us): 2203, 99.9th(us): 4085, 99.99th(us): 4089
TOTAL  - Takes(s): 40.0, Count: 2737333, OPS: 68432.0, Avg(us): 228, Min(us): 1, Max(us): 50655, 50th(us): 216, 90th(us): 373, 95th(us): 436, 99th(us): 614, 99.9th(us): 1222, 99.99th(us): 4451
UPDATE - Takes(s): 40.0, Count: 2457342, OPS: 61432.3, Avg(us): 232, Min(us): 4, Max(us): 50655, 50th(us): 218, 90th(us): 376, 95th(us): 440, 99th(us): 620, 99.9th(us): 1214, 99.99th(us): 5359
UPDATE_ERROR - Takes(s): 40.0, Count: 26444, OPS: 661.1, Avg(us): 226, Min(us): 7, Max(us): 21839, 50th(us): 216, 90th(us): 354, 95th(us): 409, 99th(us): 564, 99.9th(us): 1079, 99.99th(us): 2289
READ   - Takes(s): 50.0, Count: 356045, OPS: 7120.9, Avg(us): 193, Min(us): 1, Max(us): 52831, 50th(us): 190, 90th(us): 328, 95th(us): 377, 99th(us): 502, 99.9th(us): 893, 99.99th(us): 1728
SCAN   - Takes(s): 49.9, Count: 817, OPS: 16.4, Avg(us): 1053, Min(us): 146, Max(us): 4207, 50th(us): 1035, 90th(us): 1584, 95th(us): 1759, 99th(us): 2287, 99.9th(us): 4089, 99.99th(us): 4207
TOTAL  - Takes(s): 50.0, Count: 3488221, OPS: 69763.8, Avg(us): 224, Min(us): 1, Max(us): 53055, 50th(us): 212, 90th(us): 364, 95th(us): 425, 99th(us): 597, 99.9th(us): 1169, 99.99th(us): 3769
UPDATE - Takes(s): 50.0, Count: 3131359, OPS: 62626.6, Avg(us): 227, Min(us): 4, Max(us): 53055, 50th(us): 215, 90th(us): 368, 95th(us): 430, 99th(us): 603, 99.9th(us): 1156, 99.99th(us): 3873
UPDATE_ERROR - Takes(s): 50.0, Count: 33629, OPS: 672.6, Avg(us): 222, Min(us): 5, Max(us): 21839, 50th(us): 212, 90th(us): 345, 95th(us): 397, 99th(us): 544, 99.9th(us): 1016, 99.99th(us): 2289
READ   - Takes(s): 60.0, Count: 423391, OPS: 7056.5, Avg(us): 195, Min(us): 1, Max(us): 52831, 50th(us): 193, 90th(us): 330, 95th(us): 380, 99th(us): 502, 99.9th(us): 890, 99.99th(us): 1682
SCAN   - Takes(s): 59.9, Count: 974, OPS: 16.3, Avg(us): 1060, Min(us): 146, Max(us): 4207, 50th(us): 1040, 90th(us): 1600, 95th(us): 1777, 99th(us): 2283, 99.9th(us): 4089, 99.99th(us): 4207
TOTAL  - Takes(s): 60.0, Count: 4149280, OPS: 69153.9, Avg(us): 226, Min(us): 1, Max(us): 53055, 50th(us): 216, 90th(us): 367, 95th(us): 428, 99th(us): 598, 99.9th(us): 1150, 99.99th(us): 3003
UPDATE - Takes(s): 60.0, Count: 3724915, OPS: 62081.2, Avg(us): 229, Min(us): 4, Max(us): 53055, 50th(us): 219, 90th(us): 371, 95th(us): 432, 99th(us): 603, 99.9th(us): 1137, 99.99th(us): 3207
UPDATE_ERROR - Takes(s): 60.0, Count: 40002, OPS: 666.7, Avg(us): 224, Min(us): 5, Max(us): 21839, 50th(us): 217, 90th(us): 347, 95th(us): 399, 99th(us): 541, 99.9th(us): 1019, 99.99th(us): 2179
READ   - Takes(s): 70.0, Count: 485656, OPS: 6937.8, Avg(us): 198, Min(us): 1, Max(us): 52831, 50th(us): 195, 90th(us): 339, 95th(us): 391, 99th(us): 516, 99.9th(us): 901, 99.99th(us): 1692
SCAN   - Takes(s): 69.9, Count: 1109, OPS: 15.9, Avg(us): 1067, Min(us): 146, Max(us): 4207, 50th(us): 1046, 90th(us): 1605, 95th(us): 1784, 99th(us): 2287, 99.9th(us): 4089, 99.99th(us): 4207
TOTAL  - Takes(s): 70.0, Count: 4752773, OPS: 67895.4, Avg(us): 230, Min(us): 1, Max(us): 53055, 50th(us): 219, 90th(us): 376, 95th(us): 439, 99th(us): 614, 99.9th(us): 1165, 99.99th(us): 2873
UPDATE - Takes(s): 70.0, Count: 4266008, OPS: 60941.7, Avg(us): 234, Min(us): 4, Max(us): 53055, 50th(us): 222, 90th(us): 380, 95th(us): 444, 99th(us): 620, 99.9th(us): 1153, 99.99th(us): 2991
UPDATE_ERROR - Takes(s): 70.0, Count: 45605, OPS: 651.5, Avg(us): 228, Min(us): 5, Max(us): 21839, 50th(us): 220, 90th(us): 357, 95th(us): 413, 99th(us): 555, 99.9th(us): 1012, 99.99th(us): 2131
READ   - Takes(s): 80.0, Count: 542926, OPS: 6786.6, Avg(us): 203, Min(us): 1, Max(us): 60639, 50th(us): 197, 90th(us): 351, 95th(us): 404, 99th(us): 533, 99.9th(us): 913, 99.99th(us): 1724
SCAN   - Takes(s): 79.9, Count: 1232, OPS: 15.4, Avg(us): 1064, Min(us): 146, Max(us): 4207, 50th(us): 1035, 90th(us): 1608, 95th(us): 1802, 99th(us): 2321, 99.9th(us): 4089, 99.99th(us): 4207
TOTAL  - Takes(s): 80.0, Count: 5315755, OPS: 66446.6, Avg(us): 235, Min(us): 1, Max(us): 60863, 50th(us): 223, 90th(us): 388, 95th(us): 453, 99th(us): 633, 99.9th(us): 1176, 99.99th(us): 3033
UPDATE - Takes(s): 80.0, Count: 4771597, OPS: 59644.6, Avg(us): 239, Min(us): 4, Max(us): 60863, 50th(us): 225, 90th(us): 392, 95th(us): 458, 99th(us): 639, 99.9th(us): 1166, 99.99th(us): 3323
UPDATE_ERROR - Takes(s): 80.0, Count: 50935, OPS: 636.7, Avg(us): 233, Min(us): 5, Max(us): 21839, 50th(us): 224, 90th(us): 370, 95th(us): 427, 99th(us): 570, 99.9th(us): 1014, 99.99th(us): 2131
READ   - Takes(s): 90.0, Count: 598258, OPS: 6647.2, Avg(us): 206, Min(us): 1, Max(us): 60639, 50th(us): 199, 90th(us): 363, 95th(us): 418, 99th(us): 553, 99.9th(us): 925, 99.99th(us): 1682
SCAN   - Takes(s): 89.9, Count: 1354, OPS: 15.1, Avg(us): 1075, Min(us): 146, Max(us): 4207, 50th(us): 1046, 90th(us): 1634, 95th(us): 1823, 99th(us): 2325, 99.9th(us): 4089, 99.99th(us): 4207
TOTAL  - Takes(s): 90.0, Count: 5863203, OPS: 65145.9, Avg(us): 240, Min(us): 1, Max(us): 60863, 50th(us): 225, 90th(us): 401, 95th(us): 468, 99th(us): 655, 99.9th(us): 1191, 99.99th(us): 3269
UPDATE - Takes(s): 90.0, Count: 5263591, OPS: 58483.8, Avg(us): 244, Min(us): 4, Max(us): 60863, 50th(us): 228, 90th(us): 404, 95th(us): 473, 99th(us): 661, 99.9th(us): 1182, 99.99th(us): 3803
UPDATE_ERROR - Takes(s): 90.0, Count: 56038, OPS: 622.6, Avg(us): 240, Min(us): 5, Max(us): 47871, 50th(us): 227, 90th(us): 383, 95th(us): 443, 99th(us): 595, 99.9th(us): 1047, 99.99th(us): 2307
READ   - Takes(s): 100.0, Count: 673641, OPS: 6736.4, Avg(us): 204, Min(us): 1, Max(us): 60639, 50th(us): 197, 90th(us): 357, 95th(us): 412, 99th(us): 548, 99.9th(us): 915, 99.99th(us): 1676
SCAN   - Takes(s): 99.9, Count: 1502, OPS: 15.0, Avg(us): 1072, Min(us): 146, Max(us): 4207, 50th(us): 1045, 90th(us): 1633, 95th(us): 1808, 99th(us): 2333, 99.9th(us): 4085, 99.99th(us): 4207
TOTAL  - Takes(s): 100.0, Count: 6603991, OPS: 66039.6, Avg(us): 237, Min(us): 1, Max(us): 60863, 50th(us): 221, 90th(us): 394, 95th(us): 461, 99th(us): 647, 99.9th(us): 1183, 99.99th(us): 3049
UPDATE - Takes(s): 100.0, Count: 5928848, OPS: 59288.2, Avg(us): 240, Min(us): 4, Max(us): 60863, 50th(us): 224, 90th(us): 398, 95th(us): 466, 99th(us): 654, 99.9th(us): 1174, 99.99th(us): 3455
UPDATE_ERROR - Takes(s): 100.0, Count: 63004, OPS: 630.0, Avg(us): 236, Min(us): 5, Max(us): 47871, 50th(us): 222, 90th(us): 376, 95th(us): 435, 99th(us): 584, 99.9th(us): 1016, 99.99th(us): 2407
READ   - Takes(s): 110.0, Count: 741435, OPS: 6740.3, Avg(us): 204, Min(us): 1, Max(us): 60639, 50th(us): 198, 90th(us): 356, 95th(us): 410, 99th(us): 544, 99.9th(us): 909, 99.99th(us): 1676
SCAN   - Takes(s): 109.9, Count: 1659, OPS: 15.1, Avg(us): 1074, Min(us): 146, Max(us): 4207, 50th(us): 1041, 90th(us): 1635, 95th(us): 1808, 99th(us): 2321, 99.9th(us): 4085, 99.99th(us): 4207
TOTAL  - Takes(s): 110.0, Count: 7267666, OPS: 66069.4, Avg(us): 237, Min(us): 1, Max(us): 60863, 50th(us): 223, 90th(us): 393, 95th(us): 459, 99th(us): 643, 99.9th(us): 1176, 99.99th(us): 2905
UPDATE - Takes(s): 110.0, Count: 6524572, OPS: 59314.0, Avg(us): 240, Min(us): 4, Max(us): 60863, 50th(us): 226, 90th(us): 396, 95th(us): 463, 99th(us): 649, 99.9th(us): 1167, 99.99th(us): 3125
UPDATE_ERROR - Takes(s): 110.0, Count: 69322, OPS: 630.2, Avg(us): 236, Min(us): 5, Max(us): 47871, 50th(us): 224, 90th(us): 374, 95th(us): 432, 99th(us): 581, 99.9th(us): 1012, 99.99th(us): 2307
READ   - Takes(s): 120.0, Count: 803437, OPS: 6695.2, Avg(us): 205, Min(us): 1, Max(us): 60639, 50th(us): 200, 90th(us): 358, 95th(us): 412, 99th(us): 544, 99.9th(us): 915, 99.99th(us): 1692
SCAN   - Takes(s): 119.9, Count: 1792, OPS: 14.9, Avg(us): 1074, Min(us): 146, Max(us): 4207, 50th(us): 1045, 90th(us): 1633, 95th(us): 1806, 99th(us): 2287, 99.9th(us): 4085, 99.99th(us): 4207
TOTAL  - Takes(s): 120.0, Count: 7878243, OPS: 65651.2, Avg(us): 238, Min(us): 1, Max(us): 60863, 50th(us): 225, 90th(us): 395, 95th(us): 461, 99th(us): 644, 99.9th(us): 1178, 99.99th(us): 2711
UPDATE - Takes(s): 120.0, Count: 7073014, OPS: 58941.0, Avg(us): 242, Min(us): 4, Max(us): 60863, 50th(us): 228, 90th(us): 399, 95th(us): 466, 99th(us): 650, 99.9th(us): 1169, 99.99th(us): 2937
UPDATE_ERROR - Takes(s): 120.0, Count: 75153, OPS: 626.3, Avg(us): 237, Min(us): 5, Max(us): 47871, 50th(us): 227, 90th(us): 376, 95th(us): 433, 99th(us): 580, 99.9th(us): 973, 99.99th(us): 2289
READ   - Takes(s): 130.0, Count: 862011, OPS: 6630.8, Avg(us): 207, Min(us): 1, Max(us): 60639, 50th(us): 201, 90th(us): 362, 95th(us): 417, 99th(us): 550, 99.9th(us): 919, 99.99th(us): 1679
SCAN   - Takes(s): 129.9, Count: 1937, OPS: 14.9, Avg(us): 1078, Min(us): 146, Max(us): 4207, 50th(us): 1055, 90th(us): 1635, 95th(us): 1809, 99th(us): 2321, 99.9th(us): 4085, 99.99th(us): 4207
TOTAL  - Takes(s): 130.0, Count: 8452883, OPS: 65021.9, Avg(us): 241, Min(us): 1, Max(us): 60863, 50th(us): 227, 90th(us): 400, 95th(us): 467, 99th(us): 650, 99.9th(us): 1182, 99.99th(us): 2683
UPDATE - Takes(s): 130.0, Count: 7588935, OPS: 58375.6, Avg(us): 244, Min(us): 4, Max(us): 60863, 50th(us): 230, 90th(us): 404, 95th(us): 472, 99th(us): 656, 99.9th(us): 1172, 99.99th(us): 2867
UPDATE_ERROR - Takes(s): 130.0, Count: 80570, OPS: 619.8, Avg(us): 240, Min(us): 5, Max(us): 47871, 50th(us): 229, 90th(us): 382, 95th(us): 440, 99th(us): 583, 99.9th(us): 994, 99.99th(us): 2289
READ   - Takes(s): 140.0, Count: 918529, OPS: 6560.9, Avg(us): 209, Min(us): 1, Max(us): 60639, 50th(us): 202, 90th(us): 369, 95th(us): 424, 99th(us): 558, 99.9th(us): 919, 99.99th(us): 1646
SCAN   - Takes(s): 139.9, Count: 2049, OPS: 14.6, Avg(us): 1082, Min(us): 146, Max(us): 4207, 50th(us): 1056, 90th(us): 1650, 95th(us): 1823, 99th(us): 2321, 99.9th(us): 4085, 99.99th(us): 4207
TOTAL  - Takes(s): 140.0, Count: 9009724, OPS: 64354.9, Avg(us): 243, Min(us): 1, Max(us): 60863, 50th(us): 229, 90th(us): 407, 95th(us): 475, 99th(us): 659, 99.9th(us): 1177, 99.99th(us): 2631
UPDATE - Takes(s): 140.0, Count: 8089146, OPS: 57779.3, Avg(us): 247, Min(us): 4, Max(us): 60863, 50th(us): 231, 90th(us): 410, 95th(us): 480, 99th(us): 666, 99.9th(us): 1166, 99.99th(us): 2755
UPDATE_ERROR - Takes(s): 140.0, Count: 85744, OPS: 612.5, Avg(us): 242, Min(us): 5, Max(us): 47871, 50th(us): 231, 90th(us): 389, 95th(us): 448, 99th(us): 591, 99.9th(us): 994, 99.99th(us): 2179
READ   - Takes(s): 150.0, Count: 989128, OPS: 6594.2, Avg(us): 208, Min(us): 1, Max(us): 60639, 50th(us): 200, 90th(us): 367, 95th(us): 423, 99th(us): 558, 99.9th(us): 924, 99.99th(us): 1729
SCAN   - Takes(s): 149.9, Count: 2212, OPS: 14.8, Avg(us): 1082, Min(us): 146, Max(us): 4207, 50th(us): 1056, 90th(us): 1656, 95th(us): 1824, 99th(us): 2287, 99.9th(us): 4085, 99.99th(us): 4207
TOTAL  - Takes(s): 150.0, Count: 9700684, OPS: 64670.8, Avg(us): 242, Min(us): 1, Max(us): 60863, 50th(us): 226, 90th(us): 404, 95th(us): 473, 99th(us): 660, 99.9th(us): 1200, 99.99th(us): 3015
UPDATE - Takes(s): 150.0, Count: 8709344, OPS: 58061.7, Avg(us): 246, Min(us): 4, Max(us): 60863, 50th(us): 229, 90th(us): 408, 95th(us): 478, 99th(us): 666, 99.9th(us): 1191, 99.99th(us): 3203
UPDATE_ERROR - Takes(s): 150.0, Count: 92390, OPS: 615.9, Avg(us): 240, Min(us): 5, Max(us): 47871, 50th(us): 227, 90th(us): 387, 95th(us): 447, 99th(us): 592, 99.9th(us): 994, 99.99th(us): 2179
**********************************************
Run finished, takes 2m33.009518995s
READ   - Takes(s): 153.0, Count: 1010178, OPS: 6602.1, Avg(us): 208, Min(us): 1, Max(us): 60639, 50th(us): 201, 90th(us): 367, 95th(us): 422, 99th(us): 558, 99.9th(us): 926, 99.99th(us): 1728
SCAN   - Takes(s): 152.9, Count: 2249, OPS: 14.7, Avg(us): 1081, Min(us): 146, Max(us): 4207, 50th(us): 1057, 90th(us): 1651, 95th(us): 1824, 99th(us): 2287, 99.9th(us): 4085, 99.99th(us): 4207
TOTAL  - Takes(s): 153.0, Count: 9905623, OPS: 64738.5, Avg(us): 242, Min(us): 1, Max(us): 60863, 50th(us): 226, 90th(us): 404, 95th(us): 473, 99th(us): 660, 99.9th(us): 1200, 99.99th(us): 2993
UPDATE - Takes(s): 153.0, Count: 8893196, OPS: 58121.7, Avg(us): 245, Min(us): 4, Max(us): 60863, 50th(us): 229, 90th(us): 408, 95th(us): 477, 99th(us): 666, 99.9th(us): 1192, 99.99th(us): 3149
UPDATE_ERROR - Takes(s): 153.0, Count: 94377, OPS: 616.8, Avg(us): 240, Min(us): 5, Max(us): 47871, 50th(us): 227, 90th(us): 386, 95th(us): 446, 99th(us): 591, 99.9th(us): 997, 99.99th(us): 2289
badger 2026/04/09 19:45:48 INFO: Lifetime L0 stalled for: 0s
badger 2026/04/09 19:45:48 INFO: 
Level 0 [ ]: NumTables: 02. Size: 36 MiB of 0 B. Score: 0.00->0.00 StaleData: 0 B Target FileSize: 64 MiB
Level 1 [ ]: NumTables: 00. Size: 0 B of 10 MiB. Score: 0.00->0.00 StaleData: 0 B Target FileSize: 2.0 MiB
Level 2 [ ]: NumTables: 00. Size: 0 B of 10 MiB. Score: 0.00->0.00 StaleData: 0 B Target FileSize: 2.0 MiB
Level 3 [ ]: NumTables: 00. Size: 0 B of 10 MiB. Score: 0.00->0.00 StaleData: 0 B Target FileSize: 2.0 MiB
Level 4 [ ]: NumTables: 00. Size: 0 B of 10 MiB. Score: 0.00->0.00 StaleData: 0 B Target FileSize: 2.0 MiB
Level 5 [B]: NumTables: 24. Size: 44 MiB of 46 MiB. Score: 0.00->0.00 StaleData: 0 B Target FileSize: 4.0 MiB
Level 6 [ ]: NumTables: 152. Size: 462 MiB of 462 MiB. Score: 0.00->0.00 StaleData: 0 B Target FileSize: 8.0 MiB
Level Done
