=== 【heatLSM_Badger】 测试报告 ===
>>> --- Load Phase ---
🚀 [CoreWorkload] GPD 动态 Value 开关【已开启】! (k=0.2615, sigma=25.45)
Using request distribution 'mixgraph' a keyrange of [0 9999999]
badger 2026/04/09 19:45:54 INFO: All 0 tables opened in 0s
badger 2026/04/09 19:45:54 INFO: Discard stats nextEmptySlot: 0
badger 2026/04/09 19:45:54 INFO: Set nextTxnTs to 0
***************** properties *****************
"mixgraph.value_mu"="0"
"command"="load"
"badger.sync_writes"="false"
"mixgraph.key_dist_b"="0.3467"
"insertproportion"="0.0"
"readallfields"="true"
"fieldlength"="43 "
"mixgraph.exp_d"="-0.08082"
"badger.dir"="./zzl_badger_data"
"recordcount"="10000000"
"zeropadding"="10"
"mixgraph.exp_c"="0.0164"
"dotransactions"="false"
"mixgraph.value_sigma"="25.45"
"fieldcount"="1"
"badger.valuedir"="./zzl_badger_data"
"scanproportion"="0.03"
"updateproportion"="0.14"
"requestdistribution"="mixgraph"
"badger.num_compactors"="4"
"readproportion"="0.83"
"mixgraph.num_regions"="100"
"mixgraph.key_dist_a"="0.002312"
"table"="usertable"
"mixgraph.exp_b"="-2.917"
"mixgraph.gpd_value"="true"
"workload"="core"
"insertorder"="ordered"
"threadcount"="16"
";"="requestdistribution=zipfian"
"mixgraph.value_k"="0.2615"
"operationcount"="10000000"
"mixgraph.exp_a"="14.18"
**********************************************
INSERT - Takes(s): 10.0, Count: 1369018, OPS: 136889.9, Avg(us): 114, Min(us): 3, Max(us): 54527, 50th(us): 96, 90th(us): 179, 95th(us): 211, 99th(us): 328, 99.9th(us): 791, 99.99th(us): 2515
TOTAL  - Takes(s): 10.0, Count: 1369018, OPS: 136891.5, Avg(us): 114, Min(us): 3, Max(us): 54527, 50th(us): 96, 90th(us): 179, 95th(us): 211, 99th(us): 328, 99.9th(us): 791, 99.99th(us): 2515
INSERT - Takes(s): 20.0, Count: 2734487, OPS: 136722.6, Avg(us): 114, Min(us): 3, Max(us): 54527, 50th(us): 96, 90th(us): 180, 95th(us): 212, 99th(us): 334, 99.9th(us): 793, 99.99th(us): 2053
TOTAL  - Takes(s): 20.0, Count: 2734487, OPS: 136723.4, Avg(us): 114, Min(us): 3, Max(us): 54527, 50th(us): 96, 90th(us): 180, 95th(us): 212, 99th(us): 334, 99.9th(us): 793, 99.99th(us): 2053
INSERT - Takes(s): 30.0, Count: 4052379, OPS: 135074.5, Avg(us): 116, Min(us): 3, Max(us): 54527, 50th(us): 96, 90th(us): 181, 95th(us): 216, 99th(us): 349, 99.9th(us): 819, 99.99th(us): 7167
TOTAL  - Takes(s): 30.0, Count: 4052379, OPS: 135074.0, Avg(us): 116, Min(us): 3, Max(us): 54527, 50th(us): 96, 90th(us): 181, 95th(us): 216, 99th(us): 349, 99.9th(us): 819, 99.99th(us): 7167
INSERT - Takes(s): 40.0, Count: 5423456, OPS: 135585.1, Avg(us): 115, Min(us): 3, Max(us): 54527, 50th(us): 96, 90th(us): 180, 95th(us): 214, 99th(us): 347, 99.9th(us): 811, 99.99th(us): 7067
TOTAL  - Takes(s): 40.0, Count: 5423456, OPS: 135585.5, Avg(us): 115, Min(us): 3, Max(us): 54527, 50th(us): 96, 90th(us): 180, 95th(us): 214, 99th(us): 347, 99.9th(us): 811, 99.99th(us): 7067
INSERT - Takes(s): 50.0, Count: 6706242, OPS: 134123.5, Avg(us): 117, Min(us): 3, Max(us): 54527, 50th(us): 96, 90th(us): 182, 95th(us): 219, 99th(us): 361, 99.9th(us): 824, 99.99th(us): 7159
TOTAL  - Takes(s): 50.0, Count: 6706242, OPS: 134123.9, Avg(us): 117, Min(us): 3, Max(us): 54527, 50th(us): 96, 90th(us): 182, 95th(us): 219, 99th(us): 361, 99.9th(us): 824, 99.99th(us): 7159
INSERT - Takes(s): 60.0, Count: 8107046, OPS: 135116.5, Avg(us): 116, Min(us): 3, Max(us): 54527, 50th(us): 96, 90th(us): 181, 95th(us): 216, 99th(us): 353, 99.9th(us): 809, 99.99th(us): 6931
TOTAL  - Takes(s): 60.0, Count: 8107046, OPS: 135116.1, Avg(us): 116, Min(us): 3, Max(us): 54527, 50th(us): 96, 90th(us): 181, 95th(us): 216, 99th(us): 353, 99.9th(us): 809, 99.99th(us): 6931
INSERT - Takes(s): 70.0, Count: 9377458, OPS: 133963.4, Avg(us): 117, Min(us): 3, Max(us): 54527, 50th(us): 96, 90th(us): 183, 95th(us): 219, 99th(us): 363, 99.9th(us): 826, 99.99th(us): 7171
TOTAL  - Takes(s): 70.0, Count: 9377458, OPS: 133963.2, Avg(us): 117, Min(us): 3, Max(us): 54527, 50th(us): 96, 90th(us): 183, 95th(us): 219, 99th(us): 363, 99.9th(us): 826, 99.99th(us): 7171
**********************************************
Run finished, takes 1m14.551046621s
INSERT - Takes(s): 74.6, Count: 10000000, OPS: 134136.0, Avg(us): 117, Min(us): 3, Max(us): 54527, 50th(us): 96, 90th(us): 182, 95th(us): 219, 99th(us): 360, 99.9th(us): 816, 99.99th(us): 7127
TOTAL  - Takes(s): 74.6, Count: 10000000, OPS: 134136.2, Avg(us): 117, Min(us): 3, Max(us): 54527, 50th(us): 96, 90th(us): 182, 95th(us): 219, 99th(us): 360, 99.9th(us): 816, 99.99th(us): 7127
badger 2026/04/09 19:47:08 INFO: Lifetime L0 stalled for: 0s
badger 2026/04/09 19:47:09 INFO: 
Level 0 [ ]: NumTables: 02. Size: 59 MiB of 0 B. Score: 0.00->0.00 StaleData: 0 B Target FileSize: 64 MiB
Level 1 [ ]: NumTables: 00. Size: 0 B of 10 MiB. Score: 0.00->0.00 StaleData: 0 B Target FileSize: 2.0 MiB
Level 2 [ ]: NumTables: 00. Size: 0 B of 10 MiB. Score: 0.00->0.00 StaleData: 0 B Target FileSize: 2.0 MiB
Level 3 [ ]: NumTables: 00. Size: 0 B of 10 MiB. Score: 0.00->0.00 StaleData: 0 B Target FileSize: 2.0 MiB
Level 4 [ ]: NumTables: 00. Size: 0 B of 10 MiB. Score: 0.00->0.00 StaleData: 0 B Target FileSize: 2.0 MiB
Level 5 [B]: NumTables: 10. Size: 37 MiB of 40 MiB. Score: 0.00->0.00 StaleData: 0 B Target FileSize: 4.0 MiB
Level 6 [ ]: NumTables: 140. Size: 405 MiB of 405 MiB. Score: 0.00->0.00 StaleData: 0 B Target FileSize: 8.0 MiB
Level 99 [H]: NumTables: 00. Size: 0 B of ∞. Score: 0.00->0.00 StaleData: 0 B Target FileSize: ∞
Level Done
>>> --- Run Phase ---
🚀 [CoreWorkload] GPD 动态 Value 开关【已开启】! (k=0.2615, sigma=25.45)
Using request distribution 'mixgraph' a keyrange of [0 9999999]
badger 2026/04/09 19:47:09 INFO: All 152 tables opened in 5ms
badger 2026/04/09 19:47:09 INFO: Discard stats nextEmptySlot: 0
badger 2026/04/09 19:47:09 INFO: Set nextTxnTs to 10000000
***************** properties *****************
"threadcount"="16"
"mixgraph.value_k"="0.2615"
"zeropadding"="10"
"mixgraph.gpd_value"="true"
"readallfields"="true"
"mixgraph.value_sigma"="25.45"
"updateproportion"="0.14"
"mixgraph.key_dist_b"="0.3467"
"mixgraph.key_dist_a"="0.002312"
"badger.sync_writes"="false"
"mixgraph.exp_d"="-0.08082"
"fieldlength"="43 "
"scanproportion"="0.03"
"insertorder"="ordered"
"mixgraph.exp_a"="14.18"
"workload"="core"
"mixgraph.num_regions"="100"
"badger.valuedir"="./zzl_badger_data"
"requestdistribution"="mixgraph"
"command"="run"
"fieldcount"="1"
"mixgraph.exp_c"="0.0164"
"operationcount"="10000000"
"insertproportion"="0.0"
"recordcount"="10000000"
"readproportion"="0.83"
"table"="usertable"
"mixgraph.exp_b"="-2.917"
";"="requestdistribution=zipfian"
"badger.num_compactors"="4"
"badger.dir"="./zzl_badger_data"
"dotransactions"="true"
"mixgraph.value_mu"="0"
**********************************************
READ   - Takes(s): 10.0, Count: 78727, OPS: 7872.7, Avg(us): 174, Min(us): 1, Max(us): 17023, 50th(us): 181, 90th(us): 286, 95th(us): 327, 99th(us): 427, 99.9th(us): 826, 99.99th(us): 1663
SCAN   - Takes(s): 9.9, Count: 190, OPS: 19.1, Avg(us): 1024, Min(us): 182, Max(us): 2841, 50th(us): 1006, 90th(us): 1602, 95th(us): 1798, 99th(us): 2449, 99.9th(us): 2841, 99.99th(us): 2841
TOTAL  - Takes(s): 10.0, Count: 768793, OPS: 76873.6, Avg(us): 203, Min(us): 1, Max(us): 17119, 50th(us): 198, 90th(us): 323, 95th(us): 373, 99th(us): 522, 99.9th(us): 1068, 99.99th(us): 1951
UPDATE - Takes(s): 10.0, Count: 689876, OPS: 68981.9, Avg(us): 206, Min(us): 5, Max(us): 17119, 50th(us): 200, 90th(us): 327, 95th(us): 377, 99th(us): 527, 99.9th(us): 1053, 99.99th(us): 1909
UPDATE_ERROR - Takes(s): 10.0, Count: 7454, OPS: 745.4, Avg(us): 198, Min(us): 7, Max(us): 1557, 50th(us): 194, 90th(us): 299, 95th(us): 339, 99th(us): 457, 99.9th(us): 817, 99.99th(us): 1487
READ   - Takes(s): 20.0, Count: 147212, OPS: 7360.6, Avg(us): 187, Min(us): 1, Max(us): 42495, 50th(us): 190, 90th(us): 310, 95th(us): 356, 99th(us): 468, 99.9th(us): 853, 99.99th(us): 1595
SCAN   - Takes(s): 19.9, Count: 329, OPS: 16.5, Avg(us): 1063, Min(us): 182, Max(us): 9663, 50th(us): 1006, 90th(us): 1616, 95th(us): 1758, 99th(us): 2613, 99.9th(us): 9663, 99.99th(us): 9663
TOTAL  - Takes(s): 20.0, Count: 1437571, OPS: 71877.4, Avg(us): 217, Min(us): 1, Max(us): 42783, 50th(us): 211, 90th(us): 349, 95th(us): 404, 99th(us): 564, 99.9th(us): 1110, 99.99th(us): 2055
UPDATE - Takes(s): 20.0, Count: 1290030, OPS: 64498.9, Avg(us): 221, Min(us): 5, Max(us): 42783, 50th(us): 214, 90th(us): 352, 95th(us): 408, 99th(us): 569, 99.9th(us): 1098, 99.99th(us): 2051
UPDATE_ERROR - Takes(s): 20.0, Count: 13929, OPS: 696.5, Avg(us): 213, Min(us): 7, Max(us): 1835, 50th(us): 210, 90th(us): 327, 95th(us): 374, 99th(us): 511, 99.9th(us): 817, 99.99th(us): 1557
READ   - Takes(s): 30.0, Count: 209857, OPS: 6995.2, Avg(us): 195, Min(us): 1, Max(us): 45791, 50th(us): 194, 90th(us): 328, 95th(us): 378, 99th(us): 501, 99.9th(us): 931, 99.99th(us): 7763
SCAN   - Takes(s): 29.9, Count: 477, OPS: 15.9, Avg(us): 1088, Min(us): 182, Max(us): 9663, 50th(us): 1034, 90th(us): 1617, 95th(us): 1805, 99th(us): 2449, 99.9th(us): 9663, 99.99th(us): 9663
TOTAL  - Takes(s): 30.0, Count: 2053828, OPS: 68459.2, Avg(us): 228, Min(us): 1, Max(us): 69695, 50th(us): 218, 90th(us): 368, 95th(us): 428, 99th(us): 603, 99.9th(us): 1229, 99.99th(us): 9775
UPDATE - Takes(s): 30.0, Count: 1843494, OPS: 61447.4, Avg(us): 232, Min(us): 5, Max(us): 69695, 50th(us): 221, 90th(us): 372, 95th(us): 432, 99th(us): 609, 99.9th(us): 1222, 99.99th(us): 9791
UPDATE_ERROR - Takes(s): 30.0, Count: 19752, OPS: 658.4, Avg(us): 223, Min(us): 7, Max(us): 2079, 50th(us): 219, 90th(us): 346, 95th(us): 398, 99th(us): 540, 99.9th(us): 963, 99.99th(us): 1653
READ   - Takes(s): 40.0, Count: 285756, OPS: 7144.0, Avg(us): 190, Min(us): 1, Max(us): 45791, 50th(us): 190, 90th(us): 320, 95th(us): 369, 99th(us): 487, 99.9th(us): 881, 99.99th(us): 3573
SCAN   - Takes(s): 39.9, Count: 643, OPS: 16.1, Avg(us): 1061, Min(us): 144, Max(us): 9663, 50th(us): 1025, 90th(us): 1605, 95th(us): 1783, 99th(us): 2449, 99.9th(us): 2963, 99.99th(us): 9663
TOTAL  - Takes(s): 40.0, Count: 2796104, OPS: 69902.6, Avg(us): 224, Min(us): 1, Max(us): 69695, 50th(us): 215, 90th(us): 361, 95th(us): 420, 99th(us): 588, 99.9th(us): 1165, 99.99th(us): 9071
UPDATE - Takes(s): 40.0, Count: 2509705, OPS: 62741.9, Avg(us): 227, Min(us): 5, Max(us): 69695, 50th(us): 217, 90th(us): 365, 95th(us): 425, 99th(us): 594, 99.9th(us): 1157, 99.99th(us): 9143
UPDATE_ERROR - Takes(s): 40.0, Count: 26755, OPS: 668.9, Avg(us): 219, Min(us): 7, Max(us): 2079, 50th(us): 214, 90th(us): 340, 95th(us): 392, 99th(us): 526, 99.9th(us): 951, 99.99th(us): 1557
READ   - Takes(s): 50.0, Count: 350580, OPS: 7011.6, Avg(us): 194, Min(us): 1, Max(us): 45791, 50th(us): 194, 90th(us): 328, 95th(us): 377, 99th(us): 495, 99.9th(us): 886, 99.99th(us): 2203
SCAN   - Takes(s): 49.9, Count: 791, OPS: 15.8, Avg(us): 1061, Min(us): 144, Max(us): 9663, 50th(us): 1030, 90th(us): 1602, 95th(us): 1764, 99th(us): 2313, 99.9th(us): 2963, 99.99th(us): 9663
TOTAL  - Takes(s): 50.0, Count: 3435042, OPS: 68700.0, Avg(us): 228, Min(us): 1, Max(us): 69695, 50th(us): 219, 90th(us): 369, 95th(us): 428, 99th(us): 596, 99.9th(us): 1150, 99.99th(us): 8407
UPDATE - Takes(s): 50.0, Count: 3083671, OPS: 61672.1, Avg(us): 231, Min(us): 5, Max(us): 69695, 50th(us): 222, 90th(us): 373, 95th(us): 433, 99th(us): 602, 99.9th(us): 1140, 99.99th(us): 8783
UPDATE_ERROR - Takes(s): 50.0, Count: 32742, OPS: 654.8, Avg(us): 223, Min(us): 7, Max(us): 2079, 50th(us): 220, 90th(us): 348, 95th(us): 398, 99th(us): 527, 99.9th(us): 951, 99.99th(us): 1557
READ   - Takes(s): 60.0, Count: 410793, OPS: 6846.5, Avg(us): 199, Min(us): 1, Max(us): 45791, 50th(us): 196, 90th(us): 340, 95th(us): 392, 99th(us): 516, 99.9th(us): 900, 99.99th(us): 2299
SCAN   - Takes(s): 59.9, Count: 913, OPS: 15.2, Avg(us): 1057, Min(us): 144, Max(us): 9663, 50th(us): 1032, 90th(us): 1601, 95th(us): 1764, 99th(us): 2327, 99.9th(us): 2963, 99.99th(us): 9663
TOTAL  - Takes(s): 60.0, Count: 4026153, OPS: 67101.2, Avg(us): 233, Min(us): 1, Max(us): 69695, 50th(us): 223, 90th(us): 381, 95th(us): 443, 99th(us): 616, 99.9th(us): 1171, 99.99th(us): 7627
UPDATE - Takes(s): 60.0, Count: 3614447, OPS: 60239.6, Avg(us): 237, Min(us): 5, Max(us): 69695, 50th(us): 226, 90th(us): 385, 95th(us): 448, 99th(us): 622, 99.9th(us): 1162, 99.99th(us): 7839
UPDATE_ERROR - Takes(s): 60.0, Count: 38310, OPS: 638.5, Avg(us): 229, Min(us): 7, Max(us): 5255, 50th(us): 225, 90th(us): 361, 95th(us): 414, 99th(us): 546, 99.9th(us): 963, 99.99th(us): 1557
READ   - Takes(s): 70.0, Count: 467535, OPS: 6679.1, Avg(us): 203, Min(us): 1, Max(us): 45791, 50th(us): 198, 90th(us): 354, 95th(us): 409, 99th(us): 543, 99.9th(us): 916, 99.99th(us): 2042
SCAN   - Takes(s): 69.9, Count: 1045, OPS: 14.9, Avg(us): 1051, Min(us): 144, Max(us): 9663, 50th(us): 1032, 90th(us): 1596, 95th(us): 1756, 99th(us): 2313, 99.9th(us): 2963, 99.99th(us): 9663
TOTAL  - Takes(s): 70.0, Count: 4587407, OPS: 65533.9, Avg(us): 239, Min(us): 1, Max(us): 69695, 50th(us): 227, 90th(us): 395, 95th(us): 461, 99th(us): 643, 99.9th(us): 1183, 99.99th(us): 7215
UPDATE - Takes(s): 70.0, Count: 4118827, OPS: 58839.5, Avg(us): 243, Min(us): 5, Max(us): 69695, 50th(us): 230, 90th(us): 399, 95th(us): 466, 99th(us): 649, 99.9th(us): 1175, 99.99th(us): 7275
UPDATE_ERROR - Takes(s): 70.0, Count: 43493, OPS: 621.3, Avg(us): 235, Min(us): 7, Max(us): 5255, 50th(us): 229, 90th(us): 377, 95th(us): 435, 99th(us): 570, 99.9th(us): 956, 99.99th(us): 1557
READ   - Takes(s): 80.0, Count: 523738, OPS: 6546.8, Avg(us): 207, Min(us): 1, Max(us): 45791, 50th(us): 199, 90th(us): 368, 95th(us): 429, 99th(us): 576, 99.9th(us): 926, 99.99th(us): 2017
SCAN   - Takes(s): 79.9, Count: 1184, OPS: 14.8, Avg(us): 1057, Min(us): 144, Max(us): 9663, 50th(us): 1034, 90th(us): 1603, 95th(us): 1764, 99th(us): 2299, 99.9th(us): 2963, 99.99th(us): 9663
TOTAL  - Takes(s): 80.0, Count: 5135908, OPS: 64198.7, Avg(us): 244, Min(us): 1, Max(us): 69695, 50th(us): 229, 90th(us): 412, 95th(us): 483, 99th(us): 677, 99.9th(us): 1177, 99.99th(us): 4511
UPDATE - Takes(s): 80.0, Count: 4610986, OPS: 57637.1, Avg(us): 248, Min(us): 5, Max(us): 69695, 50th(us): 232, 90th(us): 416, 95th(us): 488, 99th(us): 683, 99.9th(us): 1169, 99.99th(us): 5543
UPDATE_ERROR - Takes(s): 80.0, Count: 48435, OPS: 605.4, Avg(us): 240, Min(us): 7, Max(us): 5255, 50th(us): 230, 90th(us): 394, 95th(us): 456, 99th(us): 606, 99.9th(us): 986, 99.99th(us): 1607
READ   - Takes(s): 90.0, Count: 593025, OPS: 6589.2, Avg(us): 205, Min(us): 1, Max(us): 45791, 50th(us): 197, 90th(us): 364, 95th(us): 426, 99th(us): 574, 99.9th(us): 927, 99.99th(us): 2001
SCAN   - Takes(s): 89.9, Count: 1342, OPS: 14.9, Avg(us): 1062, Min(us): 144, Max(us): 9663, 50th(us): 1041, 90th(us): 1607, 95th(us): 1783, 99th(us): 2313, 99.9th(us): 2963, 99.99th(us): 9663
TOTAL  - Takes(s): 90.0, Count: 5814916, OPS: 64609.8, Avg(us): 242, Min(us): 1, Max(us): 69695, 50th(us): 227, 90th(us): 409, 95th(us): 480, 99th(us): 675, 99.9th(us): 1186, 99.99th(us): 4575
UPDATE - Takes(s): 90.0, Count: 5220549, OPS: 58005.8, Avg(us): 246, Min(us): 4, Max(us): 69695, 50th(us): 230, 90th(us): 413, 95th(us): 486, 99th(us): 681, 99.9th(us): 1178, 99.99th(us): 5619
UPDATE_ERROR - Takes(s): 90.0, Count: 54782, OPS: 608.7, Avg(us): 238, Min(us): 7, Max(us): 5679, 50th(us): 228, 90th(us): 390, 95th(us): 453, 99th(us): 604, 99.9th(us): 982, 99.99th(us): 1653
READ   - Takes(s): 100.0, Count: 658531, OPS: 6585.3, Avg(us): 205, Min(us): 1, Max(us): 46463, 50th(us): 198, 90th(us): 364, 95th(us): 424, 99th(us): 569, 99.9th(us): 918, 99.99th(us): 2030
SCAN   - Takes(s): 99.9, Count: 1483, OPS: 14.8, Avg(us): 1061, Min(us): 144, Max(us): 9663, 50th(us): 1039, 90th(us): 1607, 95th(us): 1784, 99th(us): 2289, 99.9th(us): 2963, 99.99th(us): 9663
TOTAL  - Takes(s): 100.0, Count: 6459247, OPS: 64592.4, Avg(us): 242, Min(us): 1, Max(us): 69695, 50th(us): 228, 90th(us): 408, 95th(us): 478, 99th(us): 670, 99.9th(us): 1178, 99.99th(us): 4223
UPDATE - Takes(s): 100.0, Count: 5799233, OPS: 57992.1, Avg(us): 246, Min(us): 4, Max(us): 69695, 50th(us): 231, 90th(us): 412, 95th(us): 483, 99th(us): 676, 99.9th(us): 1169, 99.99th(us): 4639
UPDATE_ERROR - Takes(s): 100.0, Count: 60959, OPS: 609.6, Avg(us): 238, Min(us): 7, Max(us): 5679, 50th(us): 229, 90th(us): 389, 95th(us): 450, 99th(us): 601, 99.9th(us): 995, 99.99th(us): 1988
READ   - Takes(s): 110.0, Count: 718642, OPS: 6533.1, Avg(us): 207, Min(us): 1, Max(us): 46463, 50th(us): 199, 90th(us): 367, 95th(us): 427, 99th(us): 572, 99.9th(us): 917, 99.99th(us): 2001
SCAN   - Takes(s): 109.9, Count: 1624, OPS: 14.8, Avg(us): 1067, Min(us): 144, Max(us): 9663, 50th(us): 1039, 90th(us): 1620, 95th(us): 1805, 99th(us): 2299, 99.9th(us): 2963, 99.99th(us): 9663
TOTAL  - Takes(s): 110.0, Count: 7047524, OPS: 64068.0, Avg(us): 244, Min(us): 1, Max(us): 69695, 50th(us): 230, 90th(us): 412, 95th(us): 482, 99th(us): 674, 99.9th(us): 1183, 99.99th(us): 3707
UPDATE - Takes(s): 110.0, Count: 6327258, OPS: 57520.4, Avg(us): 248, Min(us): 4, Max(us): 69695, 50th(us): 233, 90th(us): 416, 95th(us): 487, 99th(us): 680, 99.9th(us): 1174, 99.99th(us): 4023
UPDATE_ERROR - Takes(s): 110.0, Count: 66521, OPS: 604.7, Avg(us): 240, Min(us): 7, Max(us): 5679, 50th(us): 232, 90th(us): 393, 95th(us): 454, 99th(us): 603, 99.9th(us): 1001, 99.99th(us): 1861
READ   - Takes(s): 120.0, Count: 775946, OPS: 6466.2, Avg(us): 209, Min(us): 1, Max(us): 46463, 50th(us): 200, 90th(us): 374, 95th(us): 434, 99th(us): 578, 99.9th(us): 918, 99.99th(us): 1877
SCAN   - Takes(s): 119.9, Count: 1758, OPS: 14.7, Avg(us): 1066, Min(us): 144, Max(us): 9663, 50th(us): 1040, 90th(us): 1623, 95th(us): 1818, 99th(us): 2285, 99.9th(us): 2963, 99.99th(us): 9663
TOTAL  - Takes(s): 120.0, Count: 7608737, OPS: 63406.1, Avg(us): 247, Min(us): 1, Max(us): 69695, 50th(us): 232, 90th(us): 418, 95th(us): 489, 99th(us): 681, 99.9th(us): 1191, 99.99th(us): 3633
UPDATE - Takes(s): 120.0, Count: 6831033, OPS: 56925.1, Avg(us): 251, Min(us): 4, Max(us): 69695, 50th(us): 235, 90th(us): 422, 95th(us): 494, 99th(us): 687, 99.9th(us): 1184, 99.99th(us): 4007
UPDATE_ERROR - Takes(s): 120.0, Count: 71820, OPS: 598.5, Avg(us): 243, Min(us): 7, Max(us): 5679, 50th(us): 234, 90th(us): 400, 95th(us): 462, 99th(us): 608, 99.9th(us): 1000, 99.99th(us): 1861
READ   - Takes(s): 130.0, Count: 830814, OPS: 6390.9, Avg(us): 211, Min(us): 1, Max(us): 46463, 50th(us): 201, 90th(us): 382, 95th(us): 443, 99th(us): 591, 99.9th(us): 947, 99.99th(us): 1883
SCAN   - Takes(s): 129.9, Count: 1899, OPS: 14.6, Avg(us): 1079, Min(us): 144, Max(us): 11351, 50th(us): 1051, 90th(us): 1642, 95th(us): 1828, 99th(us): 2313, 99.9th(us): 2985, 99.99th(us): 11351
TOTAL  - Takes(s): 130.0, Count: 8143482, OPS: 62642.1, Avg(us): 250, Min(us): 1, Max(us): 69695, 50th(us): 233, 90th(us): 426, 95th(us): 500, 99th(us): 698, 99.9th(us): 1229, 99.99th(us): 3609
UPDATE - Takes(s): 130.0, Count: 7310769, OPS: 56236.5, Avg(us): 254, Min(us): 4, Max(us): 69695, 50th(us): 237, 90th(us): 430, 95th(us): 505, 99th(us): 705, 99.9th(us): 1223, 99.99th(us): 3967
UPDATE_ERROR - Takes(s): 130.0, Count: 76642, OPS: 589.6, Avg(us): 246, Min(us): 7, Max(us): 5679, 50th(us): 236, 90th(us): 409, 95th(us): 472, 99th(us): 623, 99.9th(us): 1032, 99.99th(us): 1988
READ   - Takes(s): 140.0, Count: 888361, OPS: 6345.4, Avg(us): 212, Min(us): 1, Max(us): 47551, 50th(us): 200, 90th(us): 385, 95th(us): 448, 99th(us): 601, 99.9th(us): 962, 99.99th(us): 2121
SCAN   - Takes(s): 139.9, Count: 2010, OPS: 14.4, Avg(us): 1076, Min(us): 144, Max(us): 11351, 50th(us): 1044, 90th(us): 1643, 95th(us): 1828, 99th(us): 2313, 99.9th(us): 3281, 99.99th(us): 11351
TOTAL  - Takes(s): 140.0, Count: 8710729, OPS: 62219.2, Avg(us): 252, Min(us): 1, Max(us): 69695, 50th(us): 233, 90th(us): 430, 95th(us): 506, 99th(us): 710, 99.9th(us): 1261, 99.99th(us): 4951
UPDATE - Takes(s): 140.0, Count: 7820358, OPS: 55859.3, Avg(us): 256, Min(us): 4, Max(us): 69695, 50th(us): 237, 90th(us): 435, 95th(us): 511, 99th(us): 717, 99.9th(us): 1257, 99.99th(us): 5651
UPDATE_ERROR - Takes(s): 140.0, Count: 81711, OPS: 583.6, Avg(us): 247, Min(us): 7, Max(us): 21343, 50th(us): 235, 90th(us): 413, 95th(us): 477, 99th(us): 634, 99.9th(us): 1033, 99.99th(us): 2079
READ   - Takes(s): 150.0, Count: 957196, OPS: 6381.3, Avg(us): 211, Min(us): 1, Max(us): 47551, 50th(us): 200, 90th(us): 381, 95th(us): 445, 99th(us): 598, 99.9th(us): 958, 99.99th(us): 2017
SCAN   - Takes(s): 149.9, Count: 2167, OPS: 14.5, Avg(us): 1076, Min(us): 144, Max(us): 11351, 50th(us): 1040, 90th(us): 1639, 95th(us): 1828, 99th(us): 2313, 99.9th(us): 5599, 99.99th(us): 11351
TOTAL  - Takes(s): 150.0, Count: 9384418, OPS: 62562.7, Avg(us): 250, Min(us): 1, Max(us): 69695, 50th(us): 232, 90th(us): 427, 95th(us): 503, 99th(us): 707, 99.9th(us): 1262, 99.99th(us): 4607
UPDATE - Takes(s): 150.0, Count: 8425055, OPS: 56166.9, Avg(us): 254, Min(us): 4, Max(us): 69695, 50th(us): 236, 90th(us): 432, 95th(us): 508, 99th(us): 715, 99.9th(us): 1259, 99.99th(us): 4967
UPDATE_ERROR - Takes(s): 150.0, Count: 87988, OPS: 586.6, Avg(us): 246, Min(us): 7, Max(us): 21343, 50th(us): 235, 90th(us): 409, 95th(us): 473, 99th(us): 631, 99.9th(us): 1032, 99.99th(us): 2261
**********************************************
Run finished, takes 2m38.450103682s
READ   - Takes(s): 158.4, Count: 1009967, OPS: 6374.1, Avg(us): 211, Min(us): 1, Max(us): 47551, 50th(us): 200, 90th(us): 381, 95th(us): 444, 99th(us): 596, 99.9th(us): 957, 99.99th(us): 2030
SCAN   - Takes(s): 158.4, Count: 2291, OPS: 14.5, Avg(us): 1076, Min(us): 144, Max(us): 11351, 50th(us): 1042, 90th(us): 1637, 95th(us): 1821, 99th(us): 2313, 99.9th(us): 5599, 99.99th(us): 11351
TOTAL  - Takes(s): 158.5, Count: 9907119, OPS: 62525.2, Avg(us): 250, Min(us): 1, Max(us): 69695, 50th(us): 233, 90th(us): 426, 95th(us): 501, 99th(us): 705, 99.9th(us): 1258, 99.99th(us): 4347
UPDATE - Takes(s): 158.5, Count: 8894861, OPS: 56136.7, Avg(us): 254, Min(us): 4, Max(us): 69695, 50th(us): 237, 90th(us): 431, 95th(us): 507, 99th(us): 712, 99.9th(us): 1255, 99.99th(us): 4723
UPDATE_ERROR - Takes(s): 158.4, Count: 92881, OPS: 586.2, Avg(us): 246, Min(us): 7, Max(us): 21343, 50th(us): 235, 90th(us): 409, 95th(us): 472, 99th(us): 628, 99.9th(us): 1023, 99.99th(us): 2261
badger 2026/04/09 19:49:47 INFO: Lifetime L0 stalled for: 0s
badger 2026/04/09 19:49:47 INFO: 
Level 0 [ ]: NumTables: 03. Size: 64 MiB of 0 B. Score: 0.00->0.00 StaleData: 0 B Target FileSize: 64 MiB
Level 1 [ ]: NumTables: 00. Size: 0 B of 10 MiB. Score: 0.00->0.00 StaleData: 0 B Target FileSize: 2.0 MiB
Level 2 [ ]: NumTables: 00. Size: 0 B of 10 MiB. Score: 0.00->0.00 StaleData: 0 B Target FileSize: 2.0 MiB
Level 3 [ ]: NumTables: 00. Size: 0 B of 10 MiB. Score: 0.00->0.00 StaleData: 0 B Target FileSize: 2.0 MiB
Level 4 [ ]: NumTables: 00. Size: 0 B of 10 MiB. Score: 0.00->0.00 StaleData: 0 B Target FileSize: 2.0 MiB
Level 5 [B]: NumTables: 23. Size: 44 MiB of 46 MiB. Score: 0.00->0.00 StaleData: 0 B Target FileSize: 4.0 MiB
Level 6 [ ]: NumTables: 157. Size: 462 MiB of 462 MiB. Score: 0.00->0.00 StaleData: 0 B Target FileSize: 8.0 MiB
Level 99 [H]: NumTables: 00. Size: 0 B of ∞. Score: 0.00->0.00 StaleData: 0 B Target FileSize: ∞
Level Done
