=== 【Normal_Badger】 Threads: 4, Round: 3 测试报告 ===
>>> --- Load Phase (skipped, using template: Normal_Badger_RC30000000_T4) ---
>>> --- Run Phase ---
Using request distribution 'zipfian' a keyrange of [0 30000000]
badger 2026/07/08 17:47:59 INFO: All 1360 tables opened in 530ms
badger 2026/07/08 17:47:59 INFO: Discard stats nextEmptySlot: 0
badger 2026/07/08 17:47:59 INFO: Set nextTxnTs to 30000000
***************** properties *****************
"requestdistribution"="zipfian"
"insertproportion"="0"
"stabilization_time"="500"
"readproportion"="0.95"
"workload"="core"
"badger.valuedir"="./zzl_badger_data"
"command"="run"
"scanproportion"="0"
"readallfields"="true"
"updateproportion"="0.05"
"badger.dir"="./zzl_badger_data"
"threadcount"="4"
"recordcount"="30000000"
"table"="usertable"
"operationcount"="10000000"
"fieldcount"="1"
"fieldlength"="1024"
"dotransactions"="true"
"badger.sync_writes"="false"
"badger.num_compactors"="4"
**********************************************
READ   - Takes(s): 10.0, Count: 574379, OPS: 57436.6, Avg(us): 57, Min(us): 2, Max(us): 26415, 50th(us): 48, 90th(us): 95, 95th(us): 122, 99th(us): 190, 99.9th(us): 387, 99.99th(us): 2325
TOTAL  - Takes(s): 10.0, Count: 604439, OPS: 60440.6, Avg(us): 60, Min(us): 2, Max(us): 26463, 50th(us): 49, 90th(us): 103, 95th(us): 130, 99th(us): 201, 99.9th(us): 409, 99.99th(us): 2447
UPDATE - Takes(s): 10.0, Count: 30060, OPS: 3005.9, Avg(us): 109, Min(us): 25, Max(us): 26463, 50th(us): 95, 90th(us): 169, 95th(us): 201, 99th(us): 296, 99.9th(us): 1082, 99.99th(us): 3781
UPDATE_ERROR - Takes(s): 6.6, Count: 7, OPS: 1.1, Avg(us): 48, Min(us): 21, Max(us): 108, 50th(us): 38, 90th(us): 66, 95th(us): 108, 99th(us): 108, 99.9th(us): 108, 99.99th(us): 108
READ   - Takes(s): 20.0, Count: 1167038, OPS: 58245.2, Avg(us): 56, Min(us): 2, Max(us): 26415, 50th(us): 47, 90th(us): 94, 95th(us): 120, 99th(us): 187, 99.9th(us): 394, 99.99th(us): 2667
TOTAL  - Takes(s): 20.0, Count: 1228391, OPS: 61306.4, Avg(us): 59, Min(us): 2, Max(us): 26463, 50th(us): 48, 90th(us): 101, 95th(us): 129, 99th(us): 199, 99.9th(us): 414, 99.99th(us): 2947
UPDATE - Takes(s): 20.0, Count: 61353, OPS: 3062.0, Avg(us): 108, Min(us): 22, Max(us): 26463, 50th(us): 93, 90th(us): 167, 95th(us): 199, 99th(us): 291, 99.9th(us): 982, 99.99th(us): 7663
UPDATE_ERROR - Takes(s): 16.7, Count: 18, OPS: 1.1, Avg(us): 50, Min(us): 20, Max(us): 143, 50th(us): 39, 90th(us): 73, 95th(us): 108, 99th(us): 143, 99.9th(us): 143, 99.99th(us): 143
