=== 【heatLSM_Badger_NL98M】 Threads: 4, Round: 1 测试报告 ===
>>> --- Load Phase (skipped, using template: heatLSM_Badger_NL98M_RC30000000_T4) ---
>>> --- Run Phase ---
Using request distribution 'zipfian' a keyrange of [0 30000000]
***************** properties *****************
"table"="usertable"
"workload"="core"
"badger.sync_writes"="false"
"readallfields"="true"
"fieldcount"="1"
"scanproportion"="0"
"insertproportion"="0"
"badger.valuedir"="./zzl_badger_data"
"badger.dir"="./zzl_badger_data"
"badger.num_compactors"="4"
"readproportion"="0.95"
"threadcount"="4"
"recordcount"="30000000"
"dotransactions"="true"
"requestdistribution"="zipfian"
"command"="run"
"updateproportion"="0.05"
"operationcount"="10000000"
"stabilization_time"="500"
"fieldlength"="1024"
**********************************************
badger 2026/07/08 17:25:38 INFO: All 1331 tables opened in 528ms
badger 2026/07/08 17:25:38 INFO: Discard stats nextEmptySlot: 0
badger 2026/07/08 17:25:38 INFO: Set nextTxnTs to 30000000
READ   - Takes(s): 10.0, Count: 564209, OPS: 56417.9, Avg(us): 59, Min(us): 3, Max(us): 22831, 50th(us): 49, 90th(us): 100, 95th(us): 125, 99th(us): 194, 99.9th(us): 374, 99.99th(us): 2083
TOTAL  - Takes(s): 10.0, Count: 594085, OPS: 59407.7, Avg(us): 61, Min(us): 3, Max(us): 22831, 50th(us): 51, 90th(us): 106, 95th(us): 134, 99th(us): 206, 99.9th(us): 400, 99.99th(us): 2171
UPDATE - Takes(s): 10.0, Count: 29876, OPS: 2987.5, Avg(us): 111, Min(us): 24, Max(us): 11799, 50th(us): 96, 90th(us): 174, 95th(us): 208, 99th(us): 299, 99.9th(us): 779, 99.99th(us): 5695
UPDATE_ERROR - Takes(s): 9.1, Count: 5, OPS: 0.6, Avg(us): 59, Min(us): 36, Max(us): 76, 50th(us): 61, 90th(us): 76, 95th(us): 76, 99th(us): 76, 99.9th(us): 76, 99.99th(us): 76
READ   - Takes(s): 20.0, Count: 1154766, OPS: 57736.0, Avg(us): 57, Min(us): 3, Max(us): 22831, 50th(us): 48, 90th(us): 97, 95th(us): 122, 99th(us): 188, 99.9th(us): 354, 99.99th(us): 2083
TOTAL  - Takes(s): 20.0, Count: 1215907, OPS: 60794.0, Avg(us): 60, Min(us): 3, Max(us): 22831, 50th(us): 49, 90th(us): 103, 95th(us): 130, 99th(us): 200, 99.9th(us): 381, 99.99th(us): 2139
UPDATE - Takes(s): 20.0, Count: 61141, OPS: 3057.1, Avg(us): 109, Min(us): 22, Max(us): 18943, 50th(us): 95, 90th(us): 170, 95th(us): 203, 99th(us): 294, 99.9th(us): 710, 99.99th(us): 6683
UPDATE_ERROR - Takes(s): 19.1, Count: 14, OPS: 0.7, Avg(us): 62, Min(us): 22, Max(us): 117, 50th(us): 61, 90th(us): 103, 95th(us): 103, 99th(us): 117, 99.9th(us): 117, 99.99th(us): 117
badger 2026/07/08 17:26:07 INFO: [1] [E] LOG Compact 0->5 (5, 198 -> 217 tables with 5 splits). [22800 22892 22942 22943 22944 . 22640 22645 22649 22654 22657 22663 22669 22674 22679 22688 22696 22701 22706 22710 22715 22720 22725 22731 22740 22748 22756 22761 22767 22774 22778 22781 22784 22787 22790 22792 22796 22798 22801 22802 22643 22651 22656 22662 22668 22672 22677 22681 22686 22694 22698 22703 22708 22713 22717 22723 22728 22733 22738 22743 22746 22751 22754 22758 22763 22768 22776 22641 22646 22655 22659 22671 22676 22682 22684 22690 22693 22699 22704 22711 22721 22727 22737 22742 22745 22759 22764 22770 22777 22780 22783 22786 22789 22793 22794 22644 22648 22653 22660 22666 22670 22675 22680 22687 22692 22697 22702 22707 22714 22719 22722 22729 22735 22741 22747 22752 22757 22762 22766 22769 22775 22779 22782 22785 22788 22791 22795 22797 22799 22803 22804 22805 22642 22647 22652 22658 22661 22664 22667 22673 22678 22683 22685 22689 22695 22700 22705 22709 22712 22718 22724 22726 22730 22734 22739 22744 22749 22755 22760 22765 22771 22772 22349 22354 22359 22364 22370 22375 22380 22385 22390 22395 22400 22403 22408 22410 22413 22418 22423 22429 22249 22261 22272 22283 22287 22292 22296 22301 22306 22313 22316 22321 22327 22333 22340 22345 22351 22356 22360 22366 22372 22376 22377 22382 .] -> [22946 22952 22958 22963 22968 22970 22974 22976 22981 22986 22991 22997 23002 23007 23012 23017 23022 23028 23033 23038 23041 23045 23050 23054 23061 23065 23070 23075 23080 23084 23089 23094 23100 23105 23111 23118 23124 23128 23133 23138 23143 23146 23148 22948 22953 22957 22962 22967 22972 22977 22982 22987 22992 22998 23003 23008 23013 23016 23021 23026 23031 23037 23043 23048 23053 23060 23066 23071 23076 23081 23085 23090 23095 23099 23104 23110 23112 23115 23119 23123 23129 23134 23140 23144 23147 23149 23151 23153 23155 23158 23161 23162 22947 22951 22956 22960 22965 22971 22978 22983 22988 22994 23001 23005 23010 23015 23020 23025 23030 23035 23040 23044 23049 23055 23059 23064 23069 23074 23079 23083 23088 23093 23096 23101 23103 23109 23116 23121 23125 23131 23139 23141 22949 22954 22959 22964 22969 22975 22980 22984 22989 22993 22996 22999 23004 23009 23014 23019 23024 23027 23032 23036 23042 23046 23051 23056 23058 23063 23068 23073 23077 23082 23087 23091 23097 23102 23107 23113 23117 23122 23126 23130 23135 23136 22950 22955 22961 22966 22973 22979 22985 22990 22995 23000 23006 23011 23018 23023 23029 23034 23039 23047 23052 23057 23062 23067 23072 23078 23086 23092 23098 23106 23108 23114 23120 23127 23132 23137 23142 23145 23150 23152 23154 23156 23157 23159 23160 .], took 8.4s
, deleted 15051213 bytes
READ   - Takes(s): 30.0, Count: 1499888, OPS: 49995.7, Avg(us): 66, Min(us): 3, Max(us): 61823, 50th(us): 52, 90th(us): 108, 95th(us): 137, 99th(us): 218, 99.9th(us): 684, 99.99th(us): 12439
TOTAL  - Takes(s): 30.0, Count: 1579347, OPS: 52641.9, Avg(us): 70, Min(us): 3, Max(us): 61823, 50th(us): 53, 90th(us): 115, 95th(us): 146, 99th(us): 233, 99.9th(us): 818, 99.99th(us): 13943
UPDATE - Takes(s): 30.0, Count: 79459, OPS: 2648.6, Avg(us): 138, Min(us): 22, Max(us): 51295, 50th(us): 101, 90th(us): 189, 95th(us): 231, 99th(us): 379, 99.9th(us): 9255, 99.99th(us): 18431
UPDATE_ERROR - Takes(s): 29.1, Count: 19, OPS: 0.7, Avg(us): 60, Min(us): 22, Max(us): 122, 50th(us): 60, 90th(us): 103, 95th(us): 117, 99th(us): 122, 99.9th(us): 122, 99.99th(us): 122
READ   - Takes(s): 40.0, Count: 1977688, OPS: 49442.0, Avg(us): 67, Min(us): 3, Max(us): 61823, 50th(us): 52, 90th(us): 108, 95th(us): 138, 99th(us): 220, 99.9th(us): 775, 99.99th(us): 12767
TOTAL  - Takes(s): 40.0, Count: 2082587, OPS: 52063.3, Avg(us): 70, Min(us): 3, Max(us): 61823, 50th(us): 54, 90th(us): 115, 95th(us): 147, 99th(us): 235, 99.9th(us): 886, 99.99th(us): 14287
UPDATE - Takes(s): 40.0, Count: 104899, OPS: 2622.5, Avg(us): 140, Min(us): 19, Max(us): 51295, 50th(us): 102, 90th(us): 190, 95th(us): 232, 99th(us): 385, 99.9th(us): 9783, 99.99th(us): 18943
UPDATE_ERROR - Takes(s): 39.1, Count: 25, OPS: 0.6, Avg(us): 59, Min(us): 22, Max(us): 122, 50th(us): 60, 90th(us): 103, 95th(us): 117, 99th(us): 122, 99.9th(us): 122, 99.99th(us): 122
READ   - Takes(s): 50.0, Count: 2497558, OPS: 49950.7, Avg(us): 66, Min(us): 3, Max(us): 116671, 50th(us): 53, 90th(us): 107, 95th(us): 136, 99th(us): 215, 99.9th(us): 750, 99.99th(us): 11631
TOTAL  - Takes(s): 50.0, Count: 2629632, OPS: 52591.1, Avg(us): 70, Min(us): 3, Max(us): 116799, 50th(us): 54, 90th(us): 114, 95th(us): 145, 99th(us): 229, 99.9th(us): 855, 99.99th(us): 12967
UPDATE - Takes(s): 50.0, Count: 132074, OPS: 2641.5, Avg(us): 137, Min(us): 19, Max(us): 116799, 50th(us): 102, 90th(us): 187, 95th(us): 228, 99th(us): 361, 99.9th(us): 7991, 99.99th(us): 18671
UPDATE_ERROR - Takes(s): 49.1, Count: 36, OPS: 0.7, Avg(us): 55, Min(us): 22, Max(us): 122, 50th(us): 50, 90th(us): 88, 95th(us): 103, 99th(us): 122, 99.9th(us): 122, 99.99th(us): 122
badger 2026/07/08 17:26:38 INFO: Block cache metrics: hit: 3070208 miss: 4472789 keys-added: 1025316 keys-updated: 1177 keys-evicted: 944401 cost-added: 3401221795 cost-evicted: 3132789234 sets-dropped: 22796 sets-rejected: 1671220 gets-dropped: 43968 gets-kept: 7450944 gets-total: 7542999 hit-ratio: 0.41
READ   - Takes(s): 60.0, Count: 3043270, OPS: 50720.9, Avg(us): 65, Min(us): 3, Max(us): 116671, 50th(us): 53, 90th(us): 106, 95th(us): 133, 99th(us): 210, 99.9th(us): 697, 99.99th(us): 10503
TOTAL  - Takes(s): 60.0, Count: 3204334, OPS: 53404.3, Avg(us): 69, Min(us): 3, Max(us): 116799, 50th(us): 54, 90th(us): 112, 95th(us): 142, 99th(us): 224, 99.9th(us): 783, 99.99th(us): 11879
UPDATE - Takes(s): 60.0, Count: 161064, OPS: 2684.4, Avg(us): 132, Min(us): 19, Max(us): 116799, 50th(us): 101, 90th(us): 184, 95th(us): 223, 99th(us): 347, 99.9th(us): 6151, 99.99th(us): 18383
UPDATE_ERROR - Takes(s): 59.1, Count: 47, OPS: 0.8, Avg(us): 55, Min(us): 22, Max(us): 122, 50th(us): 50, 90th(us): 88, 95th(us): 111, 99th(us): 122, 99.9th(us): 122, 99.99th(us): 122
READ   - Takes(s): 70.0, Count: 3601198, OPS: 51444.5, Avg(us): 64, Min(us): 3, Max(us): 116671, 50th(us): 52, 90th(us): 104, 95th(us): 131, 99th(us): 206, 99.9th(us): 641, 99.99th(us): 9247
TOTAL  - Takes(s): 70.0, Count: 3791509, OPS: 54163.9, Avg(us): 68, Min(us): 3, Max(us): 116799, 50th(us): 54, 90th(us): 111, 95th(us): 140, 99th(us): 219, 99.9th(us): 707, 99.99th(us): 10807
UPDATE - Takes(s): 70.0, Count: 190311, OPS: 2718.7, Avg(us): 129, Min(us): 19, Max(us): 116799, 50th(us): 100, 90th(us): 181, 95th(us): 219, 99th(us): 337, 99.9th(us): 5115, 99.99th(us): 18287
UPDATE_ERROR - Takes(s): 69.1, Count: 54, OPS: 0.8, Avg(us): 57, Min(us): 22, Max(us): 167, 50th(us): 50, 90th(us): 96, 95th(us): 111, 99th(us): 122, 99.9th(us): 167, 99.99th(us): 167
READ   - Takes(s): 80.0, Count: 4145152, OPS: 51814.2, Avg(us): 64, Min(us): 3, Max(us): 116671, 50th(us): 53, 90th(us): 103, 95th(us): 129, 99th(us): 203, 99.9th(us): 587, 99.99th(us): 7995
TOTAL  - Takes(s): 80.0, Count: 4363586, OPS: 54543.8, Avg(us): 67, Min(us): 3, Max(us): 116799, 50th(us): 54, 90th(us): 109, 95th(us): 138, 99th(us): 216, 99.9th(us): 658, 99.99th(us): 9991
UPDATE - Takes(s): 80.0, Count: 218434, OPS: 2730.4, Avg(us): 126, Min(us): 19, Max(us): 116799, 50th(us): 100, 90th(us): 179, 95th(us): 216, 99th(us): 327, 99.9th(us): 3343, 99.99th(us): 16911
UPDATE_ERROR - Takes(s): 79.1, Count: 57, OPS: 0.7, Avg(us): 57, Min(us): 22, Max(us): 167, 50th(us): 53, 90th(us): 95, 95th(us): 111, 99th(us): 122, 99.9th(us): 167, 99.99th(us): 167
READ   - Takes(s): 90.0, Count: 4662282, OPS: 51802.2, Avg(us): 64, Min(us): 3, Max(us): 116671, 50th(us): 53, 90th(us): 103, 95th(us): 129, 99th(us): 201, 99.9th(us): 548, 99.99th(us): 7015
TOTAL  - Takes(s): 90.0, Count: 4907824, OPS: 54530.9, Avg(us): 67, Min(us): 3, Max(us): 116799, 50th(us): 55, 90th(us): 109, 95th(us): 137, 99th(us): 214, 99.9th(us): 608, 99.99th(us): 9135
UPDATE - Takes(s): 90.0, Count: 245542, OPS: 2728.2, Avg(us): 125, Min(us): 19, Max(us): 116799, 50th(us): 100, 90th(us): 178, 95th(us): 214, 99th(us): 322, 99.9th(us): 2679, 99.99th(us): 16783
UPDATE_ERROR - Takes(s): 89.1, Count: 70, OPS: 0.8, Avg(us): 60, Min(us): 22, Max(us): 167, 50th(us): 57, 90th(us): 103, 95th(us): 117, 99th(us): 150, 99.9th(us): 167, 99.99th(us): 167
READ   - Takes(s): 100.0, Count: 5152067, OPS: 51520.5, Avg(us): 65, Min(us): 3, Max(us): 116671, 50th(us): 54, 90th(us): 103, 95th(us): 129, 99th(us): 201, 99.9th(us): 531, 99.99th(us): 6203
TOTAL  - Takes(s): 100.0, Count: 5423448, OPS: 54233.7, Avg(us): 68, Min(us): 3, Max(us): 116799, 50th(us): 55, 90th(us): 110, 95th(us): 138, 99th(us): 213, 99.9th(us): 588, 99.99th(us): 8167
UPDATE - Takes(s): 100.0, Count: 271381, OPS: 2713.8, Avg(us): 124, Min(us): 19, Max(us): 116799, 50th(us): 100, 90th(us): 178, 95th(us): 214, 99th(us): 320, 99.9th(us): 2193, 99.99th(us): 16279
UPDATE_ERROR - Takes(s): 99.1, Count: 77, OPS: 0.8, Avg(us): 59, Min(us): 17, Max(us): 167, 50th(us): 57, 90th(us): 103, 95th(us): 117, 99th(us): 150, 99.9th(us): 167, 99.99th(us): 167
READ   - Takes(s): 110.0, Count: 5650061, OPS: 51364.0, Avg(us): 65, Min(us): 3, Max(us): 116671, 50th(us): 55, 90th(us): 104, 95th(us): 129, 99th(us): 200, 99.9th(us): 504, 99.99th(us): 5695
TOTAL  - Takes(s): 110.0, Count: 5947611, OPS: 54068.5, Avg(us): 68, Min(us): 3, Max(us): 116799, 50th(us): 56, 90th(us): 110, 95th(us): 138, 99th(us): 212, 99.9th(us): 554, 99.99th(us): 7547
UPDATE - Takes(s): 110.0, Count: 297550, OPS: 2705.0, Avg(us): 124, Min(us): 19, Max(us): 116799, 50th(us): 101, 90th(us): 178, 95th(us): 213, 99th(us): 317, 99.9th(us): 1988, 99.99th(us): 15847
UPDATE_ERROR - Takes(s): 109.1, Count: 87, OPS: 0.8, Avg(us): 62, Min(us): 17, Max(us): 257, 50th(us): 58, 90th(us): 104, 95th(us): 117, 99th(us): 167, 99.9th(us): 257, 99.99th(us): 257
READ   - Takes(s): 120.0, Count: 6137799, OPS: 51147.9, Avg(us): 65, Min(us): 3, Max(us): 116671, 50th(us): 55, 90th(us): 104, 95th(us): 129, 99th(us): 199, 99.9th(us): 488, 99.99th(us): 5367
TOTAL  - Takes(s): 120.0, Count: 6461256, OPS: 53843.7, Avg(us): 68, Min(us): 3, Max(us): 116799, 50th(us): 57, 90th(us): 111, 95th(us): 138, 99th(us): 212, 99.9th(us): 535, 99.99th(us): 6843
UPDATE - Takes(s): 120.0, Count: 323457, OPS: 2695.5, Avg(us): 123, Min(us): 19, Max(us): 116799, 50th(us): 101, 90th(us): 178, 95th(us): 213, 99th(us): 315, 99.9th(us): 1790, 99.99th(us): 15847
UPDATE_ERROR - Takes(s): 119.1, Count: 98, OPS: 0.8, Avg(us): 63, Min(us): 17, Max(us): 257, 50th(us): 58, 90th(us): 107, 95th(us): 117, 99th(us): 167, 99.9th(us): 257, 99.99th(us): 257
READ   - Takes(s): 130.0, Count: 6650504, OPS: 51157.4, Avg(us): 65, Min(us): 3, Max(us): 116671, 50th(us): 55, 90th(us): 104, 95th(us): 129, 99th(us): 198, 99.9th(us): 479, 99.99th(us): 4871
TOTAL  - Takes(s): 130.0, Count: 7000884, OPS: 53851.9, Avg(us): 68, Min(us): 3, Max(us): 116799, 50th(us): 57, 90th(us): 111, 95th(us): 137, 99th(us): 210, 99.9th(us): 524, 99.99th(us): 6163
UPDATE - Takes(s): 130.0, Count: 350380, OPS: 2695.2, Avg(us): 122, Min(us): 18, Max(us): 116799, 50th(us): 101, 90th(us): 177, 95th(us): 211, 99th(us): 312, 99.9th(us): 1625, 99.99th(us): 15671
UPDATE_ERROR - Takes(s): 129.1, Count: 109, OPS: 0.8, Avg(us): 64, Min(us): 17, Max(us): 257, 50th(us): 58, 90th(us): 108, 95th(us): 117, 99th(us): 167, 99.9th(us): 257, 99.99th(us): 257
READ   - Takes(s): 140.0, Count: 7148234, OPS: 51058.6, Avg(us): 66, Min(us): 3, Max(us): 116671, 50th(us): 56, 90th(us): 105, 95th(us): 129, 99th(us): 197, 99.9th(us): 466, 99.99th(us): 4543
TOTAL  - Takes(s): 140.0, Count: 7524872, OPS: 53749.0, Avg(us): 68, Min(us): 3, Max(us): 116799, 50th(us): 57, 90th(us): 111, 95th(us): 137, 99th(us): 209, 99.9th(us): 509, 99.99th(us): 5871
UPDATE - Takes(s): 140.0, Count: 376638, OPS: 2690.3, Avg(us): 122, Min(us): 18, Max(us): 116799, 50th(us): 101, 90th(us): 176, 95th(us): 210, 99th(us): 310, 99.9th(us): 1474, 99.99th(us): 15495
UPDATE_ERROR - Takes(s): 139.1, Count: 117, OPS: 0.8, Avg(us): 66, Min(us): 17, Max(us): 257, 50th(us): 60, 90th(us): 111, 95th(us): 122, 99th(us): 215, 99.9th(us): 257, 99.99th(us): 257
READ   - Takes(s): 150.0, Count: 7645427, OPS: 50969.4, Avg(us): 66, Min(us): 3, Max(us): 116671, 50th(us): 56, 90th(us): 105, 95th(us): 129, 99th(us): 197, 99.9th(us): 453, 99.99th(us): 4187
TOTAL  - Takes(s): 150.0, Count: 8048307, OPS: 53654.8, Avg(us): 69, Min(us): 3, Max(us): 116799, 50th(us): 57, 90th(us): 111, 95th(us): 137, 99th(us): 209, 99.9th(us): 493, 99.99th(us): 5503
UPDATE - Takes(s): 150.0, Count: 402880, OPS: 2685.9, Avg(us): 121, Min(us): 18, Max(us): 116799, 50th(us): 101, 90th(us): 176, 95th(us): 210, 99th(us): 308, 99.9th(us): 1367, 99.99th(us): 15447
UPDATE_ERROR - Takes(s): 149.1, Count: 122, OPS: 0.8, Avg(us): 68, Min(us): 17, Max(us): 257, 50th(us): 60, 90th(us): 116, 95th(us): 129, 99th(us): 215, 99.9th(us): 257, 99.99th(us): 257
READ   - Takes(s): 160.0, Count: 8076172, OPS: 50475.5, Avg(us): 66, Min(us): 3, Max(us): 116671, 50th(us): 56, 90th(us): 106, 95th(us): 130, 99th(us): 199, 99.9th(us): 467, 99.99th(us): 5119
TOTAL  - Takes(s): 160.0, Count: 8501758, OPS: 53135.8, Avg(us): 69, Min(us): 3, Max(us): 116799, 50th(us): 58, 90th(us): 112, 95th(us): 138, 99th(us): 211, 99.9th(us): 513, 99.99th(us): 6951
UPDATE - Takes(s): 160.0, Count: 425586, OPS: 2659.9, Avg(us): 123, Min(us): 18, Max(us): 116799, 50th(us): 102, 90th(us): 177, 95th(us): 211, 99th(us): 313, 99.9th(us): 1871, 99.99th(us): 15375
UPDATE_ERROR - Takes(s): 159.1, Count: 128, OPS: 0.8, Avg(us): 69, Min(us): 10, Max(us): 257, 50th(us): 60, 90th(us): 116, 95th(us): 150, 99th(us): 215, 99.9th(us): 257, 99.99th(us): 257
badger 2026/07/08 17:28:23 INFO: [2] [E] LOG Compact 0->5 (5, 201 -> 215 tables with 5 splits). [23274 23270 23268 23272 23275 . 22946 22952 22958 22963 22968 22970 22974 22976 22981 22991 23012 23017 23022 23028 23033 23038 23041 23045 23050 23054 23061 23065 23070 23075 23089 23094 23100 23105 23111 23118 23124 23128 23133 23138 23143 23146 23148 22948 22953 22972 22977 22982 22987 22992 22998 23003 23008 23013 23016 23021 23026 23031 23037 23043 23048 23053 23060 23066 23071 23076 23081 23085 23099 23104 23110 23112 23115 23119 23123 23129 23134 23140 23144 23147 23149 23151 23153 23155 23158 23161 23162 22947 22951 22956 22960 22965 22971 22978 22983 22988 22994 23001 23005 23010 23015 23020 23025 23030 23035 23040 23044 23049 23055 23059 23064 23069 23074 23079 23083 23088 23093 23096 23101 23103 23109 23116 23121 23125 23131 23139 23141 22949 22954 22959 22964 22969 22975 22980 22984 22989 22993 22996 22999 23004 23009 23014 23019 23024 23027 23032 23036 23042 23046 23051 23056 23058 23063 23068 23073 23077 23082 23087 23091 23097 23102 23107 23113 23117 23122 23126 23130 23135 23136 22950 22955 22961 22966 22973 22979 22985 22990 22995 23000 23006 23011 23018 23023 23029 23034 23039 23072 23078 23086 23092 23098 23106 23108 23114 23120 23127 23132 23137 23142 23145 23150 23152 23154 23156 23157 23159 23160 .] -> [23277 23284 23291 23296 23300 23304 23307 23313 23318 23323 23325 23332 23337 23342 23347 23353 23357 23358 23363 23369 23374 23379 23384 23389 23393 23396 23401 23407 23412 23417 23423 23428 23433 23438 23441 23446 23454 23460 23465 23472 23476 23478 23482 23486 23279 23282 23288 23292 23297 23301 23306 23311 23317 23321 23330 23336 23340 23345 23350 23354 23360 23365 23370 23375 23380 23385 23390 23397 23402 23406 23411 23415 23420 23425 23430 23437 23443 23449 23457 23462 23468 23474 23479 23483 23488 23489 23278 23280 23285 23289 23294 23299 23303 23309 23314 23319 23326 23334 23338 23343 23351 23356 23361 23366 23371 23377 23382 23388 23394 23399 23404 23409 23413 23418 23422 23427 23432 23434 23439 23444 23450 23456 23461 23467 23473 23477 23481 23485 23283 23290 23295 23305 23310 23316 23322 23324 23327 23329 23331 23339 23344 23349 23355 23362 23367 23372 23376 23381 23386 23391 23395 23400 23405 23410 23416 23421 23426 23431 23435 23440 23445 23448 23452 23459 23463 23470 23475 23480 23484 23487 23490 23491 23281 23286 23287 23293 23298 23302 23308 23312 23315 23320 23328 23333 23335 23341 23346 23348 23352 23359 23364 23368 23373 23378 23383 23387 23392 23398 23403 23408 23414 23419 23424 23429 23436 23442 23447 23451 23453 23455 23458 23464 23466 23469 23471 .], took 7.253s
, deleted 84492680 bytes
badger 2026/07/08 17:28:25 INFO: [1] [E] LOG Compact 5->6 (1, 14 -> 15 tables with 5 splits). [23478 . 18421 23172 23188 23200 23203 23204 23201 23205 23210 23189 23195 23179 23180 19712 .] -> [23510 23529 23542 23543 23508 23522 23527 23515 23530 23540 23516 23537 23547 23512 23520 .], took 2.161s
, deleted 26516 bytes
badger 2026/07/08 17:28:26 INFO: [2] [E] LOG Compact 5->6 (1, 30 -> 28 tables with 5 splits). [23352 . 20794 20796 20793 20800 23240 23246 23251 23241 23245 23249 23214 23218 23213 23221 23228 23207 23208 23191 23193 23181 23190 23197 23198 23175 23217 23229 23216 23219 23227 23206 .] -> [23502 23517 23533 23545 23552 23556 23500 23521 23536 23546 23549 23506 23525 23541 23550 23555 23557 23504 23513 23534 23548 23553 23503 23518 23532 23544 23551 23554 .], took 3.135s
, deleted 9267 bytes
badger 2026/07/08 17:28:26 INFO: This Range (numTables: 1)
Left:
00000000  75 73 65 72 74 61 62 6c  65 3a 75 73 65 72 37 36  |usertable:user76|
00000010  30 30 39 37 30 32 33 33  31 30 34 35 38 33 37 37  |0097023310458377|
00000020  32 00 00 00 00 00 00 00  00                       |2........|

Right:
00000000  75 73 65 72 74 61 62 6c  65 3a 75 73 65 72 37 37  |usertable:user77|
00000010  39 39 30 30 36 35 37 30  39 35 37 33 38 32 30 34  |9900657095738204|
00000020  30 ff ff ff ff ff ff ff  ff                       |0........|

badger 2026/07/08 17:28:26 INFO: Next Range (numTables: 30)
Left:
00000000  75 73 65 72 74 61 62 6c  65 3a 75 73 65 72 37 35  |usertable:user75|
00000010  39 37 38 31 34 36 38 33  36 30 38 34 30 30 39 30  |9781468360840090|
00000020  32 00 00 00 00 00 00 00  00                       |2........|

Right:
00000000  75 73 65 72 74 61 62 6c  65 3a 75 73 65 72 37 37  |usertable:user77|
00000010  39 39 36 36 33 30 33 35  35 35 39 36 35 34 34 33  |9966303555965443|
00000020  37 ff ff ff ff ff ff ff  ff                       |7........|

READ   - Takes(s): 170.0, Count: 8497078, OPS: 49982.5, Avg(us): 67, Min(us): 3, Max(us): 443647, 50th(us): 56, 90th(us): 106, 95th(us): 131, 99th(us): 202, 99.9th(us): 497, 99.99th(us): 6279
TOTAL  - Takes(s): 170.0, Count: 8945049, OPS: 52617.8, Avg(us): 70, Min(us): 3, Max(us): 443647, 50th(us): 58, 90th(us): 112, 95th(us): 139, 99th(us): 214, 99.9th(us): 552, 99.99th(us): 8479
UPDATE - Takes(s): 170.0, Count: 447971, OPS: 2635.1, Avg(us): 126, Min(us): 18, Max(us): 116799, 50th(us): 102, 90th(us): 178, 95th(us): 213, 99th(us): 320, 99.9th(us): 3009, 99.99th(us): 16783
UPDATE_ERROR - Takes(s): 169.1, Count: 137, OPS: 0.8, Avg(us): 74, Min(us): 10, Max(us): 325, 50th(us): 62, 90th(us): 122, 95th(us): 159, 99th(us): 257, 99.9th(us): 325, 99.99th(us): 325
READ   - Takes(s): 180.0, Count: 9095610, OPS: 50530.6, Avg(us): 66, Min(us): 3, Max(us): 443647, 50th(us): 56, 90th(us): 105, 95th(us): 130, 99th(us): 200, 99.9th(us): 475, 99.99th(us): 5831
TOTAL  - Takes(s): 180.0, Count: 9574936, OPS: 53193.8, Avg(us): 69, Min(us): 3, Max(us): 443647, 50th(us): 57, 90th(us): 111, 95th(us): 138, 99th(us): 212, 99.9th(us): 524, 99.99th(us): 7979
UPDATE - Takes(s): 180.0, Count: 479326, OPS: 2662.9, Avg(us): 125, Min(us): 18, Max(us): 116799, 50th(us): 101, 90th(us): 176, 95th(us): 211, 99th(us): 316, 99.9th(us): 2541, 99.99th(us): 16639
UPDATE_ERROR - Takes(s): 179.1, Count: 143, OPS: 0.8, Avg(us): 74, Min(us): 10, Max(us): 325, 50th(us): 62, 90th(us): 122, 95th(us): 159, 99th(us): 257, 99.9th(us): 325, 99.99th(us): 325
**********************************************
Run finished, takes 3m6.449555549s
READ   - Takes(s): 186.5, Count: 9499333, OPS: 50948.0, Avg(us): 66, Min(us): 3, Max(us): 443647, 50th(us): 55, 90th(us): 105, 95th(us): 129, 99th(us): 199, 99.9th(us): 465, 99.99th(us): 5595
TOTAL  - Takes(s): 186.5, Count: 9999846, OPS: 53632.7, Avg(us): 69, Min(us): 3, Max(us): 443647, 50th(us): 57, 90th(us): 111, 95th(us): 137, 99th(us): 211, 99.9th(us): 512, 99.99th(us): 7695
UPDATE - Takes(s): 186.5, Count: 500513, OPS: 2684.4, Avg(us): 123, Min(us): 18, Max(us): 116799, 50th(us): 100, 90th(us): 175, 95th(us): 210, 99th(us): 314, 99.9th(us): 2289, 99.99th(us): 16495
UPDATE_ERROR - Takes(s): 185.5, Count: 154, OPS: 0.8, Avg(us): 73, Min(us): 10, Max(us): 325, 50th(us): 62, 90th(us): 120, 95th(us): 150, 99th(us): 217, 99.9th(us): 325, 99.99th(us): 325

⏳ 等待 LSM-tree compaction 趋于健康 (最长 500 秒, 每 1s 检查一次)...
✅ LSM-tree 已健康，总等待时间: 0.0 秒

================ 🌳 heatLSM 热力树拓扑与覆写率全景图 🌳 ================
🌲 [动态树结构监控] 当前母树最大深度 (Max Depth): Lv4
🔥 当前共有 15 个连续的极热区间被 L98/L99 特区拦截保护：
----------------------------------------------------------------
  [001] 拦截范围: [usertable:user170, usertable:user174)
  [002] 拦截范围: [usertable:user177, usertable:user18)
  [003] 拦截范围: [usertable:user226, usertable:user227)
  [004] 拦截范围: [usertable:user260, usertable:user27)
  [005] 拦截范围: [usertable:user338, usertable:user339)
  [006] 拦截范围: [usertable:user36, usertable:user36:)
  [007] 拦截范围: [usertable:user531, usertable:user533)
  [008] 拦截范围: [usertable:user760, usertable:user76:)
  [009] 拦截范围: [usertable:user770, usertable:user77:)
  [010] 拦截范围: [usertable:user86, usertable:user866)
  [011] 拦截范围: [usertable:user8663, usertable:user8664)
badger 2026/07/08 17:28:45 INFO: 
=========================================================
📊 关机前 Vlog 物理大盘 (冷热双轨与垃圾存活率)
=========================================================
    [Cold 🧊] FID: 1          | Size:    0.00 MB | Discard(垃圾):    0.00 MB | Garbage Ratio:  0.00%!
(MISSING)(*) [Cold 🧊] FID: 2          | Size:    0.00 MB | Discard(垃圾):    0.00 MB | Garbage Ratio:  0.00%!
(MISSING)    [Hot  🔥] FID: 2147483649 | Size:    0.00 MB | Discard(垃圾):    0.00 MB | Garbage Ratio:  0.00%!
(MISSING)(*) [Hot  🔥] FID: 2147483650 | Size:    0.00 MB | Discard(垃圾):    0.00 MB | Garbage Ratio:  0.00%!
(MISSING)---------------------------------------------------------
📈 汇总: 共 2 个冷大巴, 2 个热大巴
总容量: 0.00 MB | 总垃圾: 0.00 MB | 整体垃圾率: 0.00%!
(MISSING)=========================================================
  [012] 拦截范围: [usertable:user8665, usertable:user8666)
  [013] 拦截范围: [usertable:user900, usertable:user903)
  [014] 拦截范围: [usertable:user906, usertable:user91)
  [015] 拦截范围: [usertable:user96, usertable:user97)
----------------------------------------------------------------
========================================================================
📊 [系统内存雷达] 活跃区块数: 922, 回收站空洞数: 1
💾 [总物理内存开销] 7.13 MB

badger 2026/07/08 17:28:45 INFO: Lifetime L0 stalled for: 0s
badger 2026/07/08 17:28:45 INFO: 
Level 0 [ ]: NumTables: 02. Size: 65 MiB of 0 B. Score: 0.00->0.00 StaleData: 0 B Target FileSize: 64 MiB
Level 1 [ ]: NumTables: 00. Size: 0 B of 10 MiB. Score: 0.00->0.00 StaleData: 0 B Target FileSize: 2.0 MiB
Level 2 [ ]: NumTables: 00. Size: 0 B of 10 MiB. Score: 0.00->0.00 StaleData: 0 B Target FileSize: 2.0 MiB
Level 3 [ ]: NumTables: 00. Size: 0 B of 29 MiB. Score: 0.00->0.00 StaleData: 0 B Target FileSize: 4.0 MiB
Level 4 [ ]: NumTables: 00. Size: 0 B of 287 MiB. Score: 0.00->0.00 StaleData: 0 B Target FileSize: 8.0 MiB
Level 5 [B]: NumTables: 202. Size: 2.8 GiB of 2.8 GiB. Score: 0.00->0.00 StaleData: 0 B Target FileSize: 16 MiB
Level 6 [ ]: NumTables: 1143. Size: 28 GiB of 28 GiB. Score: 0.00->0.00 StaleData: 0 B Target FileSize: 32 MiB
Level 98 [H]: NumTables: 01. Size: 4.1 MiB of ∞. Score: 0.00->0.00 StaleData: 0 B Target FileSize: ∞
    -> [SST 23604] Size: 4.1 MiB Range: [usertable:user1700277271680394253] ~ [usertable:user96903073909333018]
Level 99 [H]: NumTables: 04. Size: 48 MiB of ∞. Score: 0.00->0.00 StaleData: 0 B Target FileSize: ∞
    -> [SST 23599] Size: 15 MiB Range: [usertable:user1000035298594406857] ~ [usertable:user2674181817703603984]
    -> [SST 23600] Size: 15 MiB Range: [usertable:user2674191327264393773] ~ [usertable:user6937519028342621487]
    -> [SST 23601] Size: 15 MiB Range: [usertable:user69380103707266486] ~ [usertable:user9097685978192889907]
    -> [SST 23602] Size: 2.1 MiB Range: [usertable:user9097699172332428439] ~ [usertable:user999867508235369709]
Level Done
HeatTree统计因为阻塞丢弃的key个数（DropCount）: 0.

=======================================================
🏆 [YCSB 终极结算] 压测及引擎落盘已全部完成
=======================================================
🎯 [分母] 纯应用层逻辑写入: 506.64 MB
💿 [分子] OS内核级物理写入: 12366.68 MB  (12967407616 Bytes)
🔥 [核弹级数据] 最终系统级写放大 (System WA): 24.41 x
>>> [PHYSICAL_IO_RESULT] 12366.68
=======================================================

>>> --- GC Phase ---
Using request distribution 'uniform' a keyrange of [0 2147483646]
badger 2026/07/08 17:28:49 INFO: All 1352 tables opened in 348ms
badger 2026/07/08 17:28:49 INFO: 成功从磁盘恢复了 1 个热点 SSTable 到 HotTier！
badger 2026/07/08 17:28:49 INFO: 成功从磁盘恢复了 4 个热点 SSTable 到 hotTierOrd！
badger 2026/07/08 17:28:49 INFO: Discard stats nextEmptySlot: 0
badger 2026/07/08 17:28:49 INFO: Set nextTxnTs to 30500513
badger 2026/07/08 17:28:49 INFO: Deleting empty file: ./zzl_badger_data/000001.vlog
badger 2026/07/08 17:28:49 INFO: Deleting empty file: ./zzl_badger_data/2147483649.vlog

╔══════════════════════════════════════════════════╗
║          🧹 BadgerDB Vlog GC 分析工具           ║
╠══════════════════════════════════════════════════╣
║  GC 轮次: 3         丢弃阈值: 10%                ║
║  Vlog 目录: ./zzl_badger_data  ║
╚══════════════════════════════════════════════════╝

━━━━━━━━━━━━━━━━━━━━━━━━━━━━━━━━━━━━━━━━━━━━━━━━━━
📸 【GC 前】 快照
━━━━━━━━━━━━━━━━━━━━━━━━━━━━━━━━━━━━━━━━━━━━━━━━━━

=========================================================
📊 关机前 Vlog 物理大盘 (冷热双轨与垃圾存活率)
=========================================================
    [Cold 🧊] FID: 2          | Size:    0.00 MB | Discard(垃圾):    0.00 MB | Garbage Ratio:  0.00%
(*) [Cold 🧊] FID: 3          | Size:    0.00 MB | Discard(垃圾):    0.00 MB | Garbage Ratio:  0.00%
    [Hot  🔥] FID: 2147483650 | Size:    0.00 MB | Discard(垃圾):    0.00 MB | Garbage Ratio:  0.00%
(*) [Hot  🔥] FID: 2147483651 | Size:    0.00 MB | Discard(垃圾):    0.00 MB | Garbage Ratio:  0.00%
---------------------------------------------------------
📈 汇总: 共 2 个冷大巴, 2 个热大巴
总容量: 0.00 MB | 总垃圾: 0.00 MB | 整体垃圾率: 0.00%
=========================================================
📊 Badger.Size() 报告: LSM=31693 MB | Vlog=2048 MB

━━━━━━━━━━━━━━━━━━━━━━━━━━━━━━━━━━━━━━━━━━━━━━━━━━
🔥 开始执行 3 轮 GC (discardRatio=0.10)
━━━━━━━━━━━━━━━━━━━━━━━━━━━━━━━━━━━━━━━━━━━━━━━━━━

--- 🔄 GC 第 1/3 轮 ---
   ⏱️  耗时: 13µs
   ⚠️  状态: 错误 — Value log GC attempt didn't result in any cleanup

--- 🔄 GC 第 2/3 轮 ---
   ⏱️  耗时: 10µs
   ⚠️  状态: 错误 — Value log GC attempt didn't result in any cleanup

--- 🔄 GC 第 3/3 轮 ---
   ⏱️  耗时: 3µs
   ⚠️  状态: 错误 — Value log GC attempt didn't result in any cleanup

━━━━━━━━━━━━━━━━━━━━━━━━━━━━━━━━━━━━━━━━━━━━━━━━━━
📸 【GC 后】 快照
━━━━━━━━━━━━━━━━━━━━━━━━━━━━━━━━━━━━━━━━━━━━━━━━━━

=========================================================
📊 关机前 Vlog 物理大盘 (冷热双轨与垃圾存活率)
=========================================================
    [Cold 🧊] FID: 2          | Size:    0.00 MB | Discard(垃圾):    0.00 MB | Garbage Ratio:  0.00%
(*) [Cold 🧊] FID: 3          | Size:    0.00 MB | Discard(垃圾):    0.00 MB | Garbage Ratio:  0.00%
    [Hot  🔥] FID: 2147483650 | Size:    0.00 MB | Discard(垃圾):    0.00 MB | Garbage Ratio:  0.00%
(*) [Hot  🔥] FID: 2147483651 | Size:    0.00 MB | Discard(垃圾):    0.00 MB | Garbage Ratio:  0.00%
---------------------------------------------------------
📈 汇总: 共 2 个冷大巴, 2 个热大巴
总容量: 0.00 MB | 总垃圾: 0.00 MB | 整体垃圾率: 0.00%
=========================================================
📊 Badger.Size() 报告: LSM=31693 MB | Vlog=2048 MB

╔══════════════════════════════════════════════════╗
║              📊 GC 汇总报告                      ║
╠══════════════════════════════════════════════════╣
║  实际执行轮次: 3 / 3                             ║
║  总耗时: 0s                                ║
╠──────────────────────────────────────────────────╣
║  📏 空间变化 (Badger 逻辑视角)                    ║
║    GC 前总逻辑数据 (LSM+Vlog): 33741 MB              ║
║    GC 后总逻辑数据 (LSM+Vlog): 33741 MB              ║
║    逻辑数据变化: -0.00 MB (数据被搬到 LSM 紧凑存储)║
║    ✅ Vlog 目录实际磁盘占用减少: 0.00 MB           ║
╠──────────────────────────────────────────────────╣
║  💿 GC 造成的额外磁盘写入                         ║
║    (无法获取进程 I/O 统计)                        ║
╠──────────────────────────────────────────────────╣
║  🔍 逐轮明细                                     ║
║  R1 ⚠️  耗时:      13µs | 物理写:   0.00 MB | 回收:   0.00 MB ║
║  R2 ⚠️  耗时:      10µs | 物理写:   0.00 MB | 回收:   0.00 MB ║
║  R3 ⚠️  耗时:       3µs | 物理写:   0.00 MB | 回收:   0.00 MB ║
╚══════════════════════════════════════════════════╝
>>> [GC_SUMMARY] rounds=3 total_time_ms=0 phys_write_mb=0.00 space_reclaimed_mb=0.00
╚═════════════════════✅✅✅GC已经结束✅✅✅═════════════════════════════╝
╚═════════════════════✅✅✅GC已经结束✅✅✅═════════════════════════════╝
╚═════════════════════✅✅✅GC已经结束✅✅✅═════════════════════════════╝

⏳ 等待 LSM-tree compaction 趋于健康 (最长 10 秒, 每 1s 检查一次)...
✅ LSM-tree 已健康，总等待时间: 0.0 秒

================ 🌳 heatLSM 热力树拓扑与覆写率全景图 🌳 ================
🌲 [动态树结构监控] 当前母树最大深度 (Max Depth): Lv0
⚠️ 当前快照层 (L98/L99 拦截名单) 为空。没有识别到符合标准的热区。
========================================================================
📊 [系统内存雷达] 活跃区块数: 1, 回收站空洞数: 0
💾 [总物理内存开销] 88.26 KB

badger 2026/07/08 17:28:49 INFO: 
=========================================================
📊 关机前 Vlog 物理大盘 (冷热双轨与垃圾存活率)
=========================================================
    [Cold 🧊] FID: 2          | Size:    0.00 MB | Discard(垃圾):    0.00 MB | Garbage Ratio:  0.00%!
(MISSING)(*) [Cold 🧊] FID: 3          | Size:    0.00 MB | Discard(垃圾):    0.00 MB | Garbage Ratio:  0.00%!
(MISSING)    [Hot  🔥] FID: 2147483650 | Size:    0.00 MB | Discard(垃圾):    0.00 MB | Garbage Ratio:  0.00%!
(MISSING)(*) [Hot  🔥] FID: 2147483651 | Size:    0.00 MB | Discard(垃圾):    0.00 MB | Garbage Ratio:  0.00%!
(MISSING)---------------------------------------------------------
📈 汇总: 共 2 个冷大巴, 2 个热大巴
总容量: 0.00 MB | 总垃圾: 0.00 MB | 整体垃圾率: 0.00%!
(MISSING)=========================================================
badger 2026/07/08 17:28:49 INFO: Lifetime L0 stalled for: 0s
badger 2026/07/08 17:28:49 INFO: 
Level 0 [ ]: NumTables: 02. Size: 65 MiB of 0 B. Score: 0.00->0.00 StaleData: 0 B Target FileSize: 64 MiB
Level 1 [ ]: NumTables: 00. Size: 0 B of 10 MiB. Score: 0.00->0.00 StaleData: 0 B Target FileSize: 2.0 MiB
Level 2 [ ]: NumTables: 00. Size: 0 B of 10 MiB. Score: 0.00->0.00 StaleData: 0 B Target FileSize: 2.0 MiB
Level 3 [ ]: NumTables: 00. Size: 0 B of 29 MiB. Score: 0.00->0.00 StaleData: 0 B Target FileSize: 4.0 MiB
Level 4 [ ]: NumTables: 00. Size: 0 B of 287 MiB. Score: 0.00->0.00 StaleData: 0 B Target FileSize: 8.0 MiB
Level 5 [B]: NumTables: 202. Size: 2.8 GiB of 2.8 GiB. Score: 0.00->0.00 StaleData: 0 B Target FileSize: 16 MiB
Level 6 [ ]: NumTables: 1143. Size: 28 GiB of 28 GiB. Score: 0.00->0.00 StaleData: 0 B Target FileSize: 32 MiB
Level 98 [H]: NumTables: 01. Size: 4.1 MiB of ∞. Score: 0.00->0.00 StaleData: 0 B Target FileSize: ∞
    -> [SST 23604] Size: 4.1 MiB Range: [usertable:user1700277271680394253] ~ [usertable:user96903073909333018]
Level 99 [H]: NumTables: 04. Size: 48 MiB of ∞. Score: 0.00->0.00 StaleData: 0 B Target FileSize: ∞
    -> [SST 23599] Size: 15 MiB Range: [usertable:user1000035298594406857] ~ [usertable:user2674181817703603984]
    -> [SST 23600] Size: 15 MiB Range: [usertable:user2674191327264393773] ~ [usertable:user6937519028342621487]
    -> [SST 23601] Size: 15 MiB Range: [usertable:user69380103707266486] ~ [usertable:user9097685978192889907]
    -> [SST 23602] Size: 2.1 MiB Range: [usertable:user9097699172332428439] ~ [usertable:user999867508235369709]
Level Done
HeatTree统计因为阻塞丢弃的key个数（DropCount）: 0.

=======================================================
🏆 [YCSB 终极结算] 压测及引擎落盘已全部完成
=======================================================
🎯 [分母] 纯应用层逻辑写入: 0.00 MB
💿 [分子] OS内核级物理写入: 0.03 MB  (28672 Bytes)
🔥 [核弹级数据] 最终系统级写放大 (System WA): 0.00 x
>>> [PHYSICAL_IO_RESULT] 0.03
=======================================================

